W/System.err( 1149): 	at java.lang.reflect.Method.invoke(Method.java:511)
W/System.err( 1149): 	at com.android.internal.os.ZygoteInit$MethodAndArgsCaller.run(ZygoteInit.java:786)
W/System.err( 1149): 	at com.android.internal.os.ZygoteInit.main(ZygoteInit.java:553)
W/System.err( 1149): 	at dalvik.system.NativeStart.main(Native Method)
W/System.err( 1149): Caused by: libcore.io.ErrnoException: open failed: EACCES (Permission denied)
W/System.err( 1149): 	at libcore.io.Posix.open(Native Method)
W/System.err( 1149): 	at libcore.io.BlockGuardOs.open(BlockGuardOs.java:110)
W/System.err( 1149): 	at libcore.io.IoBridge.open(IoBridge.java:400)
W/System.err( 1149): 	... 15 more
E/WVMExtractor(   61): Failed to open libwvm.so
I/Choreographer( 1149): Skipped 237 frames!  The application may be doing too much work on its main thread.
I/Choreographer(  258): Skipped 38 frames!  The application may be doing too much work on its main thread.
I/Choreographer( 1149): Skipped 188 frames!  The application may be doing too much work on its main thread.
D/InputEventConsistencyVerifier( 1149): KeyEvent: ACTION_UP but key was not down.
D/InputEventConsistencyVerifier( 1149):   in android.widget.LinearLayout@b3f91630
D/InputEventConsistencyVerifier( 1149):   0: sent at 243170000000, KeyEvent { action=ACTION_UP, keyCode=KEYCODE_DPAD_DOWN, scanCode=0, metaState=0, flags=0x400, repeatCount=0, eventTime=243170, downTime=243170, deviceId=-1, source=0x101 }
D/InputEventConsistencyVerifier( 1149): KeyEvent: ACTION_UP but key was not down.
D/InputEventConsistencyVerifier( 1149):   in android.widget.Button@b3e9d9f0
D/InputEventConsistencyVerifier( 1149):   0: sent at 243195000000, KeyEvent { action=ACTION_UP, keyCode=KEYCODE_DPAD_RIGHT, scanCode=0, metaState=0, flags=0x8, repeatCount=0, eventTime=243195, downTime=243195, deviceId=-1, source=0x101 }
I/Choreographer( 1149): Skipped 33 frames!  The application may be doing too much work on its main thread.
I/Choreographer( 1149): Skipped 40 frames!  The application may be doing too much work on its main thread.
E/WVMExtractor(   61): Failed to open libwvm.so
I/ActivityManager(  258): START {act=android.intent.action.MAIN cat=[android.intent.category.HOME] flg=0x10200000 cmp=com.android.launcher/com.android.launcher2.Launcher u=0} from pid 258
D/InputEventConsistencyVerifier( 1149): KeyEvent: ACTION_UP but key was not down.
D/InputEventConsistencyVerifier( 1149):   in android.widget.FrameLayout@b3ea2ff8
D/InputEventConsistencyVerifier( 1149):   0: sent at 244558000000, KeyEvent { action=ACTION_UP, keyCode=KEYCODE_DPAD_UP, scanCode=0, metaState=0, flags=0x8, repeatCount=0, eventTime=244558, downTime=244558, deviceId=-1, source=0x101 }
D/InputEventConsistencyVerifier( 1149):   -- recent events --
D/InputEventConsistencyVerifier( 1149):   1: sent at 243170000000, (unhandled) KeyEvent { action=ACTION_DOWN, keyCode=KEYCODE_DPAD_DOWN, scanCode=0, metaState=0, flags=0x400, repeatCount=0, eventTime=243170, downTime=243170, deviceId=-1, source=0x101 }
D/InputEventConsistencyVerifier( 1149):   2: sent at 242371000000, (unhandled) MotionEvent { action=ACTION_MOVE, id[0]=0, x[0]=-3.0, y[0]=3.0, toolType[0]=TOOL_TYPE_UNKNOWN, buttonState=0, metaState=0, flags=0x0, edgeFlags=0x0, pointerCount=1, historySize=9, eventTime=242371, downTime=-1, deviceId=0, source=0x10004 }
I/InputDispatcher(  258): Dropped event because of pending overdue app switch.
W/InputManager(  258): Input event injection from pid 1126 failed.
I/ActivityManager(  258): START {act=android.intent.action.MAIN cat=[android.intent.category.LAUNCHER] flg=0x10200000 cmp=com.ninepvi.shield/.MainActivity u=0} from pid 1126
I/Choreographer( 1149): Skipped 41 frames!  The application may be doing too much work on its main thread.
D/InputEventConsistencyVerifier( 1149): KeyEvent: ACTION_UP but key was not down.
D/InputEventConsistencyVerifier( 1149):   in com.android.internal.policy.impl.PhoneWindow$DecorView@b3f71788
D/InputEventConsistencyVerifier( 1149):   0: sent at 245141000000, KeyEvent { action=ACTION_UP, keyCode=KEYCODE_DPAD_RIGHT, scanCode=0, metaState=0, flags=0x400, repeatCount=0, eventTime=245141, downTime=245141, deviceId=-1, source=0x101 }
D/InputEventConsistencyVerifier( 1149):   -- recent events --
D/InputEventConsistencyVerifier( 1149):   1: sent at 245061000000, (unhandled) MotionEvent { action=ACTION_MOVE, id[0]=0, x[0]=4.0, y[0]=1.0, toolType[0]=TOOL_TYPE_UNKNOWN, buttonState=0, metaState=0, flags=0x0, edgeFlags=0x0, pointerCount=1, historySize=9, eventTime=245061, downTime=-1, deviceId=0, source=0x10004 }
D/InputEventConsistencyVerifier( 1149):   2: sent at 244951108101, (unhandled) MotionEvent { action=ACTION_CANCEL, id[0]=0, x[0]=236.66667, y[0]=18.0, toolType[0]=TOOL_TYPE_UNKNOWN, buttonState=0, metaState=0, flags=0x0, edgeFlags=0x0, pointerCount=1, historySize=0, eventTime=244951, downTime=244849, deviceId=0, source=0x1002 }
D/InputEventConsistencyVerifier( 1149):   3: sent at 244900000000, (unhandled) MotionEvent { action=ACTION_MOVE, id[0]=0, x[0]=236.66667, y[0]=18.0, toolType[0]=TOOL_TYPE_UNKNOWN, buttonState=0, metaState=0, flags=0x0, edgeFlags=0x0, pointerCount=1, historySize=1, eventTime=244900, downTime=244849, deviceId=0, source=0x1002 }
D/InputEventConsistencyVerifier( 1149):   4: sent at 244861000000, (unhandled) MotionEvent { action=ACTION_DOWN, id[0]=0, x[0]=222.66667, y[0]=3.3333282, toolType[0]=TOOL_TYPE_UNKNOWN, buttonState=0, metaState=0, flags=0x0, edgeFlags=0x0, pointerCount=1, historySize=0, eventTime=244861, downTime=244849, deviceId=0, source=0x1002 }
D/InputEventConsistencyVerifier( 1149):   5: sent at 244827000000, MotionEvent { action=ACTION_UP, id[0]=0, x[0]=121.333336, y[0]=221.33334, toolType[0]=TOOL_TYPE_UNKNOWN, buttonState=0, metaState=0, flags=0x0, edgeFlags=0x0, pointerCount=1, historySize=0, eventTime=244827, downTime=244807, deviceId=0, source=0x1002 }
I/ActivityManager(  258): START {act=android.intent.action.MAIN cat=[android.intent.category.LAUNCHER] flg=0x10200000 cmp=com.ninepvi.shield/.MainActivity u=0} from pid 1126
E/WVMExtractor(   61): Failed to open libwvm.so
D/InputEventConsistencyVerifier( 1149): KeyEvent: ACTION_UP but key was not down.
D/InputEventConsistencyVerifier( 1149):   in android.widget.LinearLayout@b3f91630
D/InputEventConsistencyVerifier( 1149):   0: sent at 245553000000, KeyEvent { action=ACTION_UP, keyCode=KEYCODE_DPAD_DOWN, scanCode=0, metaState=0, flags=0x8, repeatCount=0, eventTime=245553, downTime=245553, deviceId=-1, source=0x101 }
D/InputEventConsistencyVerifier( 1149):   -- recent events --
D/InputEventConsistencyVerifier( 1149):   1: sent at 244827000000, MotionEvent { action=ACTION_UP, id[0]=0, x[0]=118.333336, y[0]=55.333344, toolType[0]=TOOL_TYPE_UNKNOWN, buttonState=0, metaState=0, flags=0x0, edgeFlags=0x0, pointerCount=1, historySize=0, eventTime=244827, downTime=244807, deviceId=0, source=0x1002 }
D/InputEventConsistencyVerifier( 1149):   2: sent at 244808000000, MotionEvent { action=ACTION_DOWN, id[0]=0, x[0]=112.333336, y[0]=48.0, toolType[0]=TOOL_TYPE_UNKNOWN, buttonState=0, metaState=0, flags=0x0, edgeFlags=0x0, pointerCount=1, historySize=0, eventTime=244808, downTime=244807, deviceId=0, source=0x1002 }
D/InputEventConsistencyVerifier( 1149):   3: sent at 244533000000, (unhandled) KeyEvent { action=ACTION_DOWN, keyCode=KEYCODE_DPAD_UP, scanCode=0, metaState=0, flags=0x8, repeatCount=0, eventTime=244533, downTime=244533, deviceId=-1, source=0x101 }
D/InputEventConsistencyVerifier( 1149):   4: sent at 244400000000, (unhandled) KeyEvent { action=ACTION_UP, keyCode=KEYCODE_DPAD_RIGHT, scanCode=0, metaState=0, flags=0x8, repeatCount=0, eventTime=244400, downTime=244400, deviceId=-1, source=0x101 }
D/InputEventConsistencyVerifier( 1149):   5: sent at 244317000000, (unhandled) KeyEvent { action=ACTION_DOWN, keyCode=KEYCODE_DPAD_RIGHT, scanCode=0, metaState=0, flags=0x8, repeatCount=0, eventTime=244317, downTime=244317, deviceId=-1, source=0x101 }
E/WVMExtractor(   61): Failed to open libwvm.so
W/DroidBox( 1195): DroidBox: { "ServiceStart": { "name": "com.android.music.MediaPlaybackService" } }
W/DroidBox( 1195): DroidBox: { "ServiceStart": { "name": "com.android.music.MediaPlaybackService" } }
E/WVMExtractor(   61): Failed to open libwvm.so
E/WVMExtractor(   61): Failed to open libwvm.so
I/Choreographer( 1149): Skipped 278 frames!  The application may be doing too much work on its main thread.
E/WVMExtractor(   61): Failed to open libwvm.so
I/ActivityManager(  258): START {act=android.intent.action.MAIN cat=[android.intent.category.HOME] flg=0x10200000 cmp=com.android.launcher/com.android.launcher2.Launcher u=0} from pid 258
E/WVMExtractor(   61): Failed to open libwvm.so
I/InputDispatcher(  258): Dropped event because of pending overdue app switch.
W/InputManager(  258): Input event injection from pid 1126 failed.
W/InputManager(  258): Input event injection from pid 1126 failed.
E/WVMExtractor(   61): Failed to open libwvm.so
E/WVMExtractor(   61): Failed to open libwvm.so
I/Choreographer( 1149): Skipped 723 frames!  The application may be doing too much work on its main thread.
I/InputDispatcher(  258): Window 'Window{b3ee09e0 提示 paused=false}' spent 2429.6ms processing the last input event: MotionEvent(action=2, deviceId=0, source=0x00010004)
I/InputDispatcher(  258): Window 'Window{b3ee09e0 提示 paused=false}' spent 2426.5ms processing the last input event: MotionEvent(action=2, deviceId=0, source=0x00010004)
I/InputDispatcher(  258): Window 'Window{b3ee09e0 提示 paused=false}' spent 2396.2ms processing the last input event: MotionEvent(action=2, deviceId=0, source=0x00010004)
I/InputDispatcher(  258): Window 'Window{b3ee09e0 提示 paused=false}' spent 2395.2ms processing the last input event: MotionEvent(action=2, deviceId=0, source=0x00010004)
I/InputDispatcher(  258): Window 'Window{b3ee09e0 提示 paused=false}' spent 2381.7ms processing the last input event: MotionEvent(action=2, deviceId=0, source=0x00010004)
I/InputDispatcher(  258): Window 'Window{b3ee09e0 提示 paused=false}' spent 2376.9ms processing the last input event: MotionEvent(action=2, deviceId=0, source=0x00010004)
I/InputDispatcher(  258): Window 'Window{b3ee09e0 提示 paused=false}' spent 2342.4ms processing the last input event: MotionEvent(action=2, deviceId=0, source=0x00010004)
I/InputDispatcher(  258): Window 'Window{b3ee09e0 提示 paused=false}' spent 2339.9ms processing the last input event: MotionEvent(action=2, deviceId=0, source=0x00010004)
I/InputDispatcher(  258): Window 'Window{b3ee09e0 提示 paused=false}' spent 2260.6ms processing the last input event: MotionEvent(action=2, deviceId=0, source=0x00010004)
I/InputDispatcher(  258): Window 'Window{b3ee09e0 提示 paused=false}' spent 2232.7ms processing the last input event: MotionEvent(action=2, deviceId=0, source=0x00010004)
I/InputDispatcher(  258): Window 'Window{b3ee09e0 提示 paused=false}' spent 2214.8ms processing the last input event: MotionEvent(action=2, deviceId=0, source=0x00010004)
I/InputDispatcher(  258): Window 'Window{b3ee09e0 提示 paused=false}' spent 2210.0ms processing the last input event: MotionEvent(action=2, deviceId=0, source=0x00010004)
I/InputDispatcher(  258): Window 'Window{b3ee09e0 提示 paused=false}' spent 2148.7ms processing the last input event: MotionEvent(action=2, deviceId=0, source=0x00010004)
I/InputDispatcher(  258): Window 'Window{b3ee09e0 提示 paused=false}' spent 2147.4ms processing the last input event: MotionEvent(action=2, deviceId=0, source=0x00010004)
I/InputDispatcher(  258): Window 'Window{b3ee09e0 提示 paused=false}' spent 2145.8ms processing the last input event: MotionEvent(action=2, deviceId=0, source=0x00010004)
I/InputDispatcher(  258): Window 'Window{b3ee09e0 提示 paused=false}' spent 2143.6ms processing the last input event: MotionEvent(action=2, deviceId=0, source=0x00010004)
I/InputDispatcher(  258): Window 'Window{b3ee09e0 提示 paused=false}' spent 2141.9ms processing the last input event: MotionEvent(action=2, deviceId=0, source=0x00010004)
I/InputDispatcher(  258): Window 'Window{b3ee09e0 提示 paused=false}' spent 2140.0ms processing the last input event: MotionEvent(action=2, deviceId=0, source=0x00010004)
I/InputDispatcher(  258): Window 'Window{b3ee09e0 提示 paused=false}' spent 2138.0ms processing the last input event: MotionEvent(action=2, deviceId=0, source=0x00010004)
I/InputDispatcher(  258): Window 'Window{b3ee09e0 提示 paused=false}' spent 2125.3ms processing the last input event: MotionEvent(action=2, deviceId=0, source=0x00010004)
E/WVMExtractor(   61): Failed to open libwvm.so
I/Choreographer( 1149): Skipped 300 frames!  The application may be doing too much work on its main thread.
E/WVMExtractor(   61): Failed to open libwvm.so
E/WVMExtractor(   61): Failed to open libwvm.so
D/InputEventConsistencyVerifier( 1149): KeyEvent: ACTION_UP but key was not down.
D/InputEventConsistencyVerifier( 1149):   in android.view.ViewRootImpl@b3e5d298
D/InputEventConsistencyVerifier( 1149):   0: sent at 252346000000, KeyEvent { action=ACTION_UP, keyCode=KEYCODE_DPAD_DOWN, scanCode=0, metaState=0, flags=0x8, repeatCount=0, eventTime=252346, downTime=252346, deviceId=-1, source=0x101 }
I/Choreographer( 1149): Skipped 188 frames!  The application may be doing too much work on its main thread.
I/Choreographer( 1149): Skipped 103 frames!  The application may be doing too much work on its main thread.
E/WVMExtractor(   61): Failed to open libwvm.so
I/ActivityManager(  258): START {act=android.intent.action.MAIN cat=[android.intent.category.LAUNCHER] flg=0x10200000 cmp=com.ninepvi.shield/.MainActivity u=0} from pid 1126
I/ActivityManager(  258): START {act=android.intent.action.MAIN cat=[android.intent.category.LAUNCHER] flg=0x10200000 cmp=com.ninepvi.shield/.MainActivity u=0} from pid 1126
I/Choreographer( 1149): Skipped 40 frames!  The application may be doing too much work on its main thread.
W/InputMethodManagerService(  258): Window already focused, ignoring focus gain of: com.android.internal.view.IInputMethodClient$Stub$Proxy@b3f5f6c0 attribute=null
E/WVMExtractor(   61): Failed to open libwvm.so
E/WVMExtractor(   61): Failed to open libwvm.so
D/InputEventConsistencyVerifier( 1149): KeyEvent: ACTION_UP but key was not down.
D/InputEventConsistencyVerifier( 1149):   in android.widget.LinearLayout@b3e73480
D/InputEventConsistencyVerifier( 1149):   0: sent at 255149000000, KeyEvent { action=ACTION_UP, keyCode=KEYCODE_DPAD_DOWN, scanCode=0, metaState=0, flags=0x400, repeatCount=0, eventTime=255149, downTime=255149, deviceId=-1, source=0x101 }
D/InputEventConsistencyVerifier( 1149):   -- recent events --
D/InputEventConsistencyVerifier( 1149):   1: sent at 225927000000, (unhandled) KeyEvent { action=ACTION_UP, keyCode=KEYCODE_MENU, scanCode=0, metaState=0, flags=0x8, repeatCount=0, eventTime=225927, downTime=225927, deviceId=-1, source=0x101 }
D/InputEventConsistencyVerifier( 1149):   2: sent at 225917000000, (unhandled) KeyEvent { action=ACTION_DOWN, keyCode=KEYCODE_MENU, scanCode=0, metaState=0, flags=0x8, repeatCount=0, eventTime=225917, downTime=225917, deviceId=-1, source=0x101 }
D/InputEventConsistencyVerifier( 1149):   3: sent at 224345000000, (unhandled) KeyEvent { action=ACTION_UP, keyCode=KEYCODE_DPAD_LEFT, scanCode=0, metaState=0, flags=0x80000028, repeatCount=0, eventTime=224345, downTime=223913, deviceId=-1, source=0x101 }
D/InputEventConsistencyVerifier( 1149):   4: sent at 187482000000, (unhandled) MotionEvent { action=ACTION_UP, id[0]=0, x[0]=0.0, y[0]=0.0, toolType[0]=TOOL_TYPE_UNKNOWN, buttonState=0, metaState=0, flags=0x0, edgeFlags=0x0, pointerCount=1, historySize=0, eventTime=187482, downTime=187323, deviceId=0, source=0x10004 }
D/InputEventConsistencyVerifier( 1149):   5: sent at 187477000000, (unhandled) MotionEvent { action=ACTION_DOWN, id[0]=0, x[0]=0.0, y[0]=0.0, toolType[0]=TOOL_TYPE_UNKNOWN, buttonState=0, metaState=0, flags=0x80000000, edgeFlags=0x0, pointerCount=1, historySize=0, eventTime=187477, downTime=187323, deviceId=0, source=0x10004 }
E/WVMExtractor(   61): Failed to open libwvm.so
E/WVMExtractor(   61): Failed to open libwvm.so
E/WVMExtractor(   61): Failed to open libwvm.so
D/InputEventConsistencyVerifier( 1149): KeyEvent: ACTION_UP but key was not down.
D/InputEventConsistencyVerifier( 1149):   in android.widget.ListView@b3e83c48
D/InputEventConsistencyVerifier( 1149):   0: sent at 256416000000, KeyEvent { action=ACTION_UP, keyCode=KEYCODE_DPAD_UP, scanCode=0, metaState=0, flags=0x8, repeatCount=0, eventTime=256416, downTime=256416, deviceId=-1, source=0x101 }
D/InputEventConsistencyVerifier( 1149):   -- recent events --
D/InputEventConsistencyVerifier( 1149):   1: sent at 255149000000, (unhandled) KeyEvent { action=ACTION_DOWN, keyCode=KEYCODE_DPAD_DOWN, scanCode=0, metaState=0, flags=0x400, repeatCount=0, eventTime=255149, downTime=255149, deviceId=-1, source=0x101 }
D/InputEventConsistencyVerifier( 1149):   2: sent at 255147000000, (unhandled) KeyEvent { action=ACTION_UP, keyCode=KEYCODE_DPAD_DOWN, scanCode=0, metaState=0, flags=0x400, repeatCount=0, eventTime=255147, downTime=255147, deviceId=-1, source=0x101 }
D/InputEventConsistencyVerifier( 1149):   3: sent at 255147000000, KeyEvent { action=ACTION_DOWN, keyCode=KEYCODE_DPAD_DOWN, scanCode=0, metaState=0, flags=0x400, repeatCount=0, eventTime=255147, downTime=255147, deviceId=-1, source=0x101 }
D/InputEventConsistencyVerifier( 1149):   4: sent at 254645000000, (unhandled) MotionEvent { action=ACTION_MOVE, id[0]=0, x[0]=-5.0, y[0]=2.0, toolType[0]=TOOL_TYPE_UNKNOWN, buttonState=0, metaState=0, flags=0x0, edgeFlags=0x0, pointerCount=1, historySize=4, eventTime=254645, downTime=-1, deviceId=0, source=0x10004 }
D/InputEventConsistencyVerifier( 1149):   5: sent at 254509000000, (unhandled) MotionEvent { action=ACTION_MOVE, id[0]=0, x[0]=-4.0, y[0]=4.0, toolType[0]=TOOL_TYPE_UNKNOWN, buttonState=0, metaState=0, flags=0x0, edgeFlags=0x0, pointerCount=1, historySize=0, eventTime=254509, downTime=-1, deviceId=0, source=0x10004 }
D/InputEventConsistencyVerifier( 1149): KeyEvent: ACTION_UP but key was not down.
D/InputEventConsistencyVerifier( 1149):   in android.widget.LinearLayout@b3e73480
D/InputEventConsistencyVerifier( 1149):   0: sent at 256879000000, KeyEvent { action=ACTION_UP, keyCode=KEYCODE_DPAD_DOWN, scanCode=0, metaState=0, flags=0x400, repeatCount=0, eventTime=256879, downTime=256879, deviceId=-1, source=0x101 }
D/InputEventConsistencyVerifier( 1149):   -- recent events --
D/InputEventConsistencyVerifier( 1149):   1: sent at 256329000000, (unhandled) KeyEvent { action=ACTION_DOWN, keyCode=KEYCODE_DPAD_UP, scanCode=0, metaState=0, flags=0x8, repeatCount=0, eventTime=256329, downTime=256329, deviceId=-1, source=0x101 }
D/InputEventConsistencyVerifier( 1149):   2: sent at 255189000000, (unhandled) KeyEvent { action=ACTION_UP, keyCode=KEYCODE_DPAD_RIGHT, scanCode=0, metaState=0, flags=0x8, repeatCount=0, eventTime=255189, downTime=255189, deviceId=-1, source=0x101 }
D/InputEventConsistencyVerifier( 1149):   3: sent at 254652000000, (unhandled) KeyEvent { action=ACTION_DOWN, keyCode=KEYCODE_DPAD_RIGHT, scanCode=0, metaState=0, flags=0x8, repeatCount=0, eventTime=254652, downTime=254652, deviceId=-1, source=0x101 }
D/InputEventConsistencyVerifier( 1149):   4: sent at 255169000000, (unhandled) KeyEvent { action=ACTION_UP, keyCode=KEYCODE_DPAD_LEFT, scanCode=0, metaState=0, flags=0x400, repeatCount=0, eventTime=255169, downTime=255169, deviceId=-1, source=0x101 }
D/InputEventConsistencyVerifier( 1149):   5: sent at 255169000000, (unhandled) KeyEvent { action=ACTION_DOWN, keyCode=KEYCODE_DPAD_LEFT, scanCode=0, metaState=0, flags=0x400, repeatCount=0, eventTime=255169, downTime=255169, deviceId=-1, source=0x101 }
E/WVMExtractor(   61): Failed to open libwvm.so
E/WVMExtractor(   61): Failed to open libwvm.so
I/Choreographer( 1149): Skipped 31 frames!  The application may be doing too much work on its main thread.
E/WVMExtractor(   61): Failed to open libwvm.so
D/InputEventConsistencyVerifier( 1149): KeyEvent: ACTION_UP but key was not down.
D/InputEventConsistencyVerifier( 1149):   in com.android.internal.policy.impl.PhoneWindow$DecorView@b3e52e70
D/InputEventConsistencyVerifier( 1149):   0: sent at 257684000000, KeyEvent { action=ACTION_UP, keyCode=KEYCODE_DPAD_RIGHT, scanCode=0, metaState=0, flags=0x400, repeatCount=0, eventTime=257684, downTime=257684, deviceId=-1, source=0x101 }
D/InputEventConsistencyVerifier( 1149):   -- recent events --
D/InputEventConsistencyVerifier( 1149):   1: sent at 256918000000, (unhandled) MotionEvent { action=ACTION_MOVE, id[0]=0, x[0]=1.0, y[0]=-2.0, toolType[0]=TOOL_TYPE_UNKNOWN, buttonState=0, metaState=0, flags=0x0, edgeFlags=0x0, pointerCount=1, historySize=6, eventTime=256918, downTime=-1, deviceId=0, source=0x10004 }
D/InputEventConsistencyVerifier( 1149):   2: sent at 257033000000, MotionEvent { action=ACTION_UP, id[0]=0, x[0]=174.66667, y[0]=448.0, toolType[0]=TOOL_TYPE_UNKNOWN, buttonState=0, metaState=0, flags=0x0, edgeFlags=0x0, pointerCount=1, historySize=0, eventTime=257033, downTime=256994, deviceId=0, source=0x1002 }
D/InputEventConsistencyVerifier( 1149):   3: sent at 256994000000, MotionEvent { action=ACTION_DOWN, id[0]=0, x[0]=172.0, y[0]=448.6667, toolType[0]=TOOL_TYPE_UNKNOWN, buttonState=0, metaState=0, flags=0x0, edgeFlags=0x0, pointerCount=1, historySize=0, eventTime=256994, downTime=256994, deviceId=0, source=0x1002 }
D/InputEventConsistencyVerifier( 1149):   4: sent at 256861000000, (unhandled) MotionEvent { action=ACTION_MOVE, id[0]=0, x[0]=4.0, y[0]=0.0, toolType[0]=TOOL_TYPE_UNKNOWN, buttonState=0, metaState=0, flags=0x0, edgeFlags=0x0, pointerCount=1, historySize=0, eventTime=256861, downTime=-1, deviceId=0, source=0x10004 }
D/InputEventConsistencyVerifier( 1149):   5: sent at 256956000000, MotionEvent { action=ACTION_UP, id[0]=0, x[0]=287.33334, y[0]=337.33334, toolType[0]=TOOL_TYPE_UNKNOWN, buttonState=0, metaState=0, flags=0x0, edgeFlags=0x0, pointerCount=1, historySize=0, eventTime=256956, downTime=256924, deviceId=0, source=0x1002 }
E/WVMExtractor(   61): Failed to open libwvm.so
E/WVMExtractor(   61): Failed to open libwvm.so
E/WVMExtractor(   61): Failed to open libwvm.so
I/Choreographer( 1149): Skipped 55 frames!  The application may be doing too much work on its main thread.
E/WVMExtractor(   61): Failed to open libwvm.so
W/System.err( 1149): java.io.IOException: open failed: EACCES (Permission denied)
W/System.err( 1149): 	at java.io.File.createNewFile(File.java:940)
W/System.err( 1149): 	at b.a(Unknown Source)
W/System.err( 1149): 	at com.ninepvi.shield.MainActivity.b(Unknown Source)
W/System.err( 1149): 	at com.ninepvi.shield.MainActivity.f(Unknown Source)
W/System.err( 1149): 	at com.ninepvi.shield.MainActivity.a(Unknown Source)
W/System.err( 1149): 	at bi.handleMessage(Unknown Source)
W/System.err( 1149): 	at android.os.Handler.dispatchMessage(Handler.java:99)
W/System.err( 1149): 	at android.os.Looper.loop(Looper.java:137)
W/System.err( 1149): 	at android.app.ActivityThread.main(ActivityThread.java:4745)
W/System.err( 1149): 	at java.lang.reflect.Method.invokeNative(Native Method)
W/System.err( 1149): 	at java.lang.reflect.Method.invoke(Method.java:511)
W/System.err( 1149): 	at com.android.internal.os.ZygoteInit$MethodAndArgsCaller.run(ZygoteInit.java:786)
W/System.err( 1149): 	at com.android.internal.os.ZygoteInit.main(ZygoteInit.java:553)
W/System.err( 1149): 	at dalvik.system.NativeStart.main(Native Method)
W/System.err( 1149): Caused by: libcore.io.ErrnoException: open failed: EACCES (Permission denied)
W/System.err( 1149): 	at libcore.io.Posix.open(Native Method)
W/System.err( 1149): 	at libcore.io.BlockGuardOs.open(BlockGuardOs.java:110)
W/System.err( 1149): 	at java.io.File.createNewFile(File.java:933)
W/System.err( 1149): 	... 13 more
W/System.err( 1149): java.io.FileNotFoundException: /mnt/sdcard/tmp.xml: open failed: EACCES (Permission denied)
W/System.err( 1149): 	at libcore.io.IoBridge.open(IoBridge.java:416)
W/System.err( 1149): 	at java.io.FileInputStream.<init>(FileInputStream.java:78)
W/System.err( 1149): 	at java.io.FileInputStream.<init>(FileInputStream.java:105)
W/System.err( 1149): 	at bb.a(Unknown Source)
W/System.err( 1149): 	at com.ninepvi.shield.MainActivity.b(Unknown Source)
W/System.err( 1149): 	at com.ninepvi.shield.MainActivity.f(Unknown Source)
W/System.err( 1149): 	at com.ninepvi.shield.MainActivity.a(Unknown Source)
W/System.err( 1149): 	at bi.handleMessage(Unknown Source)
W/System.err( 1149): 	at android.os.Handler.dispatchMessage(Handler.java:99)
W/System.err( 1149): 	at android.os.Looper.loop(Looper.java:137)
W/System.err( 1149): 	at android.app.ActivityThread.main(ActivityThread.java:4745)
W/System.err( 1149): 	at java.lang.reflect.Method.invokeNative(Native Method)
W/System.err( 1149): 	at java.lang.reflect.Method.invoke(Method.java:511)
W/System.err( 1149): 	at com.android.internal.os.ZygoteInit$MethodAndArgsCaller.run(ZygoteInit.java:786)
W/System.err( 1149): 	at com.android.internal.os.ZygoteInit.main(ZygoteInit.java:553)
W/System.err( 1149): 	at dalvik.system.NativeStart.main(Native Method)
W/System.err( 1149): Caused by: libcore.io.ErrnoException: open failed: EACCES (Permission denied)
W/System.err( 1149): 	at libcore.io.Posix.open(Native Method)
W/System.err( 1149): 	at libcore.io.BlockGuardOs.open(BlockGuardOs.java:110)
W/System.err( 1149): 	at libcore.io.IoBridge.open(IoBridge.java:400)
W/System.err( 1149): 	... 15 more
E/WVMExtractor(   61): Failed to open libwvm.so
I/Choreographer( 1149): Skipped 316 frames!  The application may be doing too much work on its main thread.
E/WVMExtractor(   61): Failed to open libwvm.so
E/WVMExtractor(   61): Failed to open libwvm.so
W/DroidBox( 1195): DroidBox: { "ServiceStart": { "name": "com.android.music.MediaPlaybackService" } }
W/DroidBox( 1195): DroidBox: { "ServiceStart": { "name": "com.android.music.MediaPlaybackService" } }
I/AudioService(  258):  AudioFocus  requestAudioFocus() from android.media.AudioManager@b3e670f8com.android.music.MediaPlaybackService$3@b3e65930
D/InputEventConsistencyVerifier( 1149): KeyEvent: ACTION_UP but key was not down.
D/InputEventConsistencyVerifier( 1149):   in com.android.internal.policy.impl.PhoneWindow$DecorView@b402fcf0
D/InputEventConsistencyVerifier( 1149):   0: sent at 262465000000, KeyEvent { action=ACTION_UP, keyCode=KEYCODE_DPAD_CENTER, scanCode=0, metaState=0, flags=0x8, repeatCount=0, eventTime=262465, downTime=262465, deviceId=-1, source=0x101 }
D/InputEventConsistencyVerifier( 1149):   -- recent events --
D/InputEventConsistencyVerifier( 1149):   1: sent at 262381000000, (unhandled) KeyEvent { action=ACTION_UP, keyCode=KEYCODE_MEDIA_RECORD, scanCode=0, metaState=0, flags=0x8, repeatCount=0, eventTime=262381, downTime=262381, deviceId=-1, source=0x101 }
D/InputEventConsistencyVerifier( 1149):   2: sent at 262323000000, (unhandled) KeyEvent { action=ACTION_DOWN, keyCode=KEYCODE_MEDIA_RECORD, scanCode=0, metaState=0, flags=0x8, repeatCount=0, eventTime=262323, downTime=262323, deviceId=-1, source=0x101 }
D/InputEventConsistencyVerifier( 1149):   3: sent at 262288000000, MotionEvent { action=ACTION_UP, id[0]=0, x[0]=18.0, y[0]=122.66666, toolType[0]=TOOL_TYPE_UNKNOWN, buttonState=0, metaState=0, flags=0x0, edgeFlags=0x0, pointerCount=1, historySize=0, eventTime=262288, downTime=262160, deviceId=0, source=0x1002 }
D/InputEventConsistencyVerifier( 1149):   4: sent at 262282000000, MotionEvent { action=ACTION_MOVE, id[0]=0, x[0]=18.0, y[0]=127.33334, toolType[0]=TOOL_TYPE_UNKNOWN, buttonState=0, metaState=0, flags=0x0, edgeFlags=0x0, pointerCount=1, historySize=7, eventTime=262282, downTime=262160, deviceId=0, source=0x1002 }
D/InputEventConsistencyVerifier( 1149):   5: sent at 262164000000, MotionEvent { action=ACTION_DOWN, id[0]=0, x[0]=16.0, y[0]=150.66666, toolType[0]=TOOL_TYPE_UNKNOWN, buttonState=0, metaState=0, flags=0x0, edgeFlags=0x0, pointerCount=1, historySize=0, eventTime=262164, downTime=262160, deviceId=0, source=0x1002 }
I/Choreographer( 1149): Skipped 411 frames!  The application may be doing too much work on its main thread.
I/AudioService(  258):   Remote Control   registerMediaButtonIntent() for PendingIntent{b3f114f0: PendingIntentRecord{b4239b50 com.android.music broadcastIntent}}
E/WVMExtractor(   61): Failed to open libwvm.so
I/ActivityManager(  258): START {act=android.intent.action.MAIN cat=[android.intent.category.HOME] flg=0x10200000 cmp=com.android.launcher/com.android.launcher2.Launcher u=0} from pid 258
I/Choreographer( 1149): Skipped 89 frames!  The application may be doing too much work on its main thread.
D/InputEventConsistencyVerifier( 1149): KeyEvent: ACTION_UP but key was not down.
D/InputEventConsistencyVerifier( 1149):   in com.android.internal.policy.impl.PhoneWindow$DecorView@b402fcf0
D/InputEventConsistencyVerifier( 1149):   0: sent at 263911000000, KeyEvent { action=ACTION_UP, keyCode=KEYCODE_DPAD_RIGHT, scanCode=0, metaState=0, flags=0x400, repeatCount=0, eventTime=263911, downTime=263911, deviceId=-1, source=0x101 }
D/InputEventConsistencyVerifier( 1149):   -- recent events --
D/InputEventConsistencyVerifier( 1149):   1: sent at 263486000000, (unhandled) MotionEvent { action=ACTION_MOVE, id[0]=0, x[0]=4.0, y[0]=-3.0, toolType[0]=TOOL_TYPE_UNKNOWN, buttonState=0, metaState=0, flags=0x0, edgeFlags=0x0, pointerCount=1, historySize=9, eventTime=263486, downTime=-1, deviceId=0, source=0x10004 }
D/InputEventConsistencyVerifier( 1149):   2: sent at 263598000000, MotionEvent { action=ACTION_UP, id[0]=0, x[0]=315.33334, y[0]=126.66666, toolType[0]=TOOL_TYPE_UNKNOWN, buttonState=0, metaState=0, flags=0x0, edgeFlags=0x0, pointerCount=1, historySize=0, eventTime=263598, downTime=263555, deviceId=0, source=0x1002 }
D/InputEventConsistencyVerifier( 1149):   3: sent at 263594000000, MotionEvent { action=ACTION_MOVE, id[0]=0, x[0]=314.6667, y[0]=122.0, toolType[0]=TOOL_TYPE_UNKNOWN, buttonState=0, metaState=0, flags=0x0, edgeFlags=0x0, pointerCount=1, historySize=2, eventTime=263594, downTime=263555, deviceId=0, source=0x1002 }
D/InputEventConsistencyVerifier( 1149):   4: sent at 263557000000, MotionEvent { action=ACTION_DOWN, id[0]=0, x[0]=306.6667, y[0]=116.66666, toolType[0]=TOOL_TYPE_UNKNOWN, buttonState=0, metaState=0, flags=0x0, edgeFlags=0x0, pointerCount=1, historySize=0, eventTime=263557, downTime=263555, deviceId=0, source=0x1002 }
D/InputEventConsistencyVerifier( 1149):   5: sent at 262959000000, (unhandled) KeyEvent { action=ACTION_UP, keyCode=KEYCODE_DPAD_CENTER, scanCode=0, metaState=0, flags=0x8, repeatCount=0, eventTime=262959, downTime=262959, deviceId=-1, source=0x101 }
I/InputDispatcher(  258): Dropped event because of pending overdue app switch.
W/InputManager(  258): Input event injection from pid 1126 failed.
D/InputEventConsistencyVerifier( 1149): KeyEvent: ACTION_UP but key was not down.
D/InputEventConsistencyVerifier( 1149):   in android.view.ViewRootImpl@b403bf98
D/InputEventConsistencyVerifier( 1149):   0: sent at 264157000000, KeyEvent { action=ACTION_UP, keyCode=KEYCODE_DPAD_DOWN, scanCode=0, metaState=0, flags=0x8, repeatCount=0, eventTime=264157, downTime=264157, deviceId=-1, source=0x101 }
D/InputEventConsistencyVerifier( 1149):   -- recent events --
D/InputEventConsistencyVerifier( 1149):   1: sent at 264089000000, MotionEvent { action=ACTION_UP, id[0]=0, x[0]=309.0, y[0]=307.0, toolType[0]=TOOL_TYPE_UNKNOWN, buttonState=0, metaState=0, flags=0x0, edgeFlags=0x0, pointerCount=1, historySize=0, eventTime=264089, downTime=264081, deviceId=0, source=0x1002 }
D/InputEventConsistencyVerifier( 1149):   2: sent at 264081000000, MotionEvent { action=ACTION_DOWN, id[0]=0, x[0]=305.0, y[0]=294.0, toolType[0]=TOOL_TYPE_UNKNOWN, buttonState=0, metaState=0, flags=0x0, edgeFlags=0x0, pointerCount=1, historySize=0, eventTime=264081, downTime=264081, deviceId=0, source=0x1002 }
D/InputEventConsistencyVerifier( 1149):   3: sent at 264058000000, MotionEvent { action=ACTION_UP, id[0]=0, x[0]=189.0, y[0]=343.0, toolType[0]=TOOL_TYPE_UNKNOWN, buttonState=0, metaState=0, flags=0x0, edgeFlags=0x0, pointerCount=1, historySize=0, eventTime=264058, downTime=263995, deviceId=0, source=0x1002 }
D/InputEventConsistencyVerifier( 1149):   4: sent at 264055000000, MotionEvent { action=ACTION_MOVE, id[0]=0, x[0]=185.0, y[0]=342.0, toolType[0]=TOOL_TYPE_UNKNOWN, buttonState=0, metaState=0, flags=0x0, edgeFlags=0x0, pointerCount=1, historySize=4, eventTime=264055, downTime=263995, deviceId=0, source=0x1002 }
D/InputEventConsistencyVerifier( 1149):   5: sent at 263997000000, MotionEvent { action=ACTION_DOWN, id[0]=0, x[0]=156.0, y[0]=327.0, toolType[0]=TOOL_TYPE_UNKNOWN, buttonState=0, metaState=0, flags=0x0, edgeFlags=0x0, pointerCount=1, historySize=0, eventTime=263997, downTime=263995, deviceId=0, source=0x1002 }
E/WVMExtractor(   61): Failed to open libwvm.so
I/Choreographer( 1149): Skipped 98 frames!  The application may be doing too much work on its main thread.
D/InputEventConsistencyVerifier( 1149): KeyEvent: ACTION_UP but key was not down.
D/InputEventConsistencyVerifier( 1149):   in com.android.internal.policy.impl.PhoneWindow$DecorView@b402fcf0
D/InputEventConsistencyVerifier( 1149):   0: sent at 264597000000, KeyEvent { action=ACTION_UP, keyCode=KEYCODE_DPAD_CENTER, scanCode=0, metaState=0, flags=0x8, repeatCount=0, eventTime=264597, downTime=264597, deviceId=-1, source=0x101 }
D/InputEventConsistencyVerifier( 1149):   -- recent events --
D/InputEventConsistencyVerifier( 1149):   1: sent at 264450000000, (unhandled) KeyEvent { action=ACTION_UP, keyCode=KEYCODE_MEDIA_PLAY, scanCode=0, metaState=0, flags=0x8, repeatCount=0, eventTime=264450, downTime=264450, deviceId=-1, source=0x101 }
D/InputEventConsistencyVerifier( 1149):   2: sent at 264398000000, (unhandled) KeyEvent { action=ACTION_DOWN, keyCode=KEYCODE_MEDIA_PLAY, scanCode=0, metaState=0, flags=0x8, repeatCount=0, eventTime=264398, downTime=264398, deviceId=-1, source=0x101 }
D/InputEventConsistencyVerifier( 1149):   3: sent at 264379000000, (unhandled) MotionEvent { action=ACTION_UP, id[0]=0, x[0]=290.6667, y[0]=266.0, toolType[0]=TOOL_TYPE_UNKNOWN, buttonState=0, metaState=0, flags=0x0, edgeFlags=0x0, pointerCount=1, historySize=0, eventTime=264379, downTime=264345, deviceId=0, source=0x1002 }
D/InputEventConsistencyVerifier( 1149):   4: sent at 264346000000, (unhandled) MotionEvent { action=ACTION_DOWN, id[0]=0, x[0]=299.33334, y[0]=266.0, toolType[0]=TOOL_TYPE_UNKNOWN, buttonState=0, metaState=0, flags=0x0, edgeFlags=0x0, pointerCount=1, historySize=0, eventTime=264346, downTime=264345, deviceId=0, source=0x1002 }
D/InputEventConsistencyVerifier( 1149):   5: sent at 264157000000, (unhandled) KeyEvent { action=ACTION_UP, keyCode=KEYCODE_DPAD_DOWN, scanCode=0, metaState=0, flags=0x80000008, repeatCount=0, eventTime=264157, downTime=264157, deviceId=-1, source=0x101 }
D/InputEventConsistencyVerifier( 1149): KeyEvent: ACTION_UP but key was not down.
D/InputEventConsistencyVerifier( 1149):   in android.view.ViewRootImpl@b3e55520
D/InputEventConsistencyVerifier( 1149):   0: sent at 265049000000, KeyEvent { action=ACTION_UP, keyCode=KEYCODE_NUM_LOCK, scanCode=0, metaState=0, flags=0x8, repeatCount=0, eventTime=265049, downTime=265049, deviceId=-1, source=0x101 }
D/InputEventConsistencyVerifier( 1149):   -- recent events --
D/InputEventConsistencyVerifier( 1149):   1: sent at 257734000000, KeyEvent { action=ACTION_UP, keyCode=KEYCODE_DPAD_CENTER, scanCode=0, metaState=0, flags=0x8, repeatCount=0, eventTime=257734, downTime=257734, deviceId=-1, source=0x101 }
D/InputEventConsistencyVerifier( 1149):   2: sent at 257051000000, KeyEvent { action=ACTION_DOWN, keyCode=KEYCODE_DPAD_CENTER, scanCode=0, metaState=0, flags=0x8, repeatCount=0, eventTime=257051, downTime=257051, deviceId=-1, source=0x101 }
D/InputEventConsistencyVerifier( 1149):   3: sent at 257711000000, KeyEvent { action=ACTION_UP, keyCode=KEYCODE_DPAD_UP, scanCode=0, metaState=0, flags=0x400, repeatCount=0, eventTime=257711, downTime=257711, deviceId=-1, source=0x101 }
D/InputEventConsistencyVerifier( 1149):   4: sent at 257711000000, KeyEvent { action=ACTION_DOWN, keyCode=KEYCODE_DPAD_UP, scanCode=0, metaState=0, flags=0x400, repeatCount=0, eventTime=257711, downTime=257711, deviceId=-1, source=0x101 }
D/InputEventConsistencyVerifier( 1149):   5: sent at 257710000000, KeyEvent { action=ACTION_UP, keyCode=KEYCODE_DPAD_UP, scanCode=0, metaState=0, flags=0x400, repeatCount=0, eventTime=257710, downTime=257710, deviceId=-1, source=0x101 }
W/DroidBox( 1195): DroidBox: { "ServiceStart": { "name": "com.android.music.MediaPlaybackService" } }
W/DroidBox( 1195): DroidBox: { "ServiceStart": { "name": "com.android.music.MediaPlaybackService" } }
I/AudioService(  258):  AudioFocus  requestAudioFocus() from android.media.AudioManager@b3e670f8com.android.music.MediaPlaybackService$3@b3e65930
E/WVMExtractor(   61): Failed to open libwvm.so
I/Choreographer( 1149): Skipped 221 frames!  The application may be doing too much work on its main thread.
I/AudioService(  258):   Remote Control   registerMediaButtonIntent() for PendingIntent{b3f0b920: PendingIntentRecord{b4239b50 com.android.music broadcastIntent}}
W/InputMethodManagerService(  258): Window already focused, ignoring focus gain of: com.android.internal.view.IInputMethodClient$Stub$Proxy@b3f0d388 attribute=null
E/WVMExtractor(   61): Failed to open libwvm.so
I/Choreographer( 1149): Skipped 189 frames!  The application may be doing too much work on its main thread.
W/dalvikvm( 1126): DroidBox: { "FdAccess": { "path": "2f6465762f696e7075742f6576656e7430", "id": "139884750" } }
W/DroidBox( 1126): DroidBox: { "FileRW": { "operation": "write", "data": "efbfbd060000efbfbdefbfbd0c000500000000000000", "id": "139884750" } }
I/Choreographer( 1149): Skipped 275 frames!  The application may be doing too much work on its main thread.
I/ActivityManager(  258): START {act=android.intent.action.MAIN cat=[android.intent.category.HOME] flg=0x10200000 cmp=com.android.launcher/com.android.launcher2.Launcher u=0} from pid 258
E/WVMExtractor(   61): Failed to open libwvm.so
W/InputMethodManagerService(  258): Window already focused, ignoring focus gain of: com.android.internal.view.IInputMethodClient$Stub$Proxy@b411ee18 attribute=null
I/Choreographer( 1149): Skipped 111 frames!  The application may be doing too much work on its main thread.
I/ActivityManager(  258): START {act=android.intent.action.MAIN cat=[android.intent.category.LAUNCHER] flg=0x10200000 cmp=com.ninepvi.shield/.MainActivity u=0} from pid 1126
I/Choreographer(  258): Skipped 35 frames!  The application may be doing too much work on its main thread.
D/InputEventConsistencyVerifier( 1149): KeyEvent: ACTION_UP but key was not down.
D/InputEventConsistencyVerifier( 1149):   in com.android.internal.policy.impl.PhoneWindow$DecorView@b3fe7fb8
D/InputEventConsistencyVerifier( 1149):   0: sent at 268665000000, KeyEvent { action=ACTION_UP, keyCode=KEYCODE_DPAD_RIGHT, scanCode=0, metaState=0, flags=0x8, repeatCount=0, eventTime=268665, downTime=268665, deviceId=-1, source=0x101 }
D/InputEventConsistencyVerifier( 1149):   -- recent events --
D/InputEventConsistencyVerifier( 1149):   1: sent at 268598000000, (unhandled) MotionEvent { action=ACTION_UP, id[0]=0, x[0]=276.6667, y[0]=-12.6666565, toolType[0]=TOOL_TYPE_UNKNOWN, buttonState=0, metaState=0, flags=0x0, edgeFlags=0x0, pointerCount=1, historySize=0, eventTime=268598, downTime=268578, deviceId=0, source=0x1002 }
D/InputEventConsistencyVerifier( 1149):   2: sent at 268579000000, (unhandled) MotionEvent { action=ACTION_DOWN, id[0]=0, x[0]=276.6667, y[0]=-2.6666565, toolType[0]=TOOL_TYPE_UNKNOWN, buttonState=0, metaState=0, flags=0x0, edgeFlags=0x0, pointerCount=1, historySize=0, eventTime=268579, downTime=268578, deviceId=0, source=0x1002 }
D/InputEventConsistencyVerifier( 1149):   3: sent at 268539000000, KeyEvent { action=ACTION_UP, keyCode=KEYCODE_DPAD_CENTER, scanCode=0, metaState=0, flags=0x8, repeatCount=0, eventTime=268539, downTime=268539, deviceId=-1, source=0x101 }
D/InputEventConsistencyVerifier( 1149):   4: sent at 268379000000, KeyEvent { action=ACTION_DOWN, keyCode=KEYCODE_DPAD_CENTER, scanCode=0, metaState=0, flags=0x8, repeatCount=0, eventTime=268379, downTime=268379, deviceId=-1, source=0x101 }
D/InputEventConsistencyVerifier( 1149):   5: sent at 268350000000, (unhandled) KeyEvent { action=ACTION_UP, keyCode=KEYCODE_DPAD_RIGHT, scanCode=0, metaState=0, flags=0x8, repeatCount=0, eventTime=268350, downTime=268350, deviceId=-1, source=0x101 }
E/WVMExtractor(   61): Failed to open libwvm.so
I/Choreographer( 1149): Skipped 166 frames!  The application may be doing too much work on its main thread.
E/WVMExtractor(   61): Failed to open libwvm.so
E/WVMExtractor(   61): Failed to open libwvm.so
I/Choreographer( 1149): Skipped 96 frames!  The application may be doing too much work on its main thread.
W/InputMethodManagerService(  258): Window already focused, ignoring focus gain of: com.android.internal.view.IInputMethodClient$Stub$Proxy@b4127818 attribute=null
I/ActivityManager(  258): START {act=android.intent.action.CALL_BUTTON flg=0x10000000 cmp=com.android.contacts/.activities.DialtactsActivity u=0} from pid 1149
E/WVMExtractor(   61): Failed to open libwvm.so
D/SettingsProvider(  258): external modification to /data/data/com.android.providers.settings/databases/settings.db; event=2
D/SettingsProvider(  258): updating our caches for /data/data/com.android.providers.settings/databases/settings.db
W/BackupManagerService(  258): dataChanged but no participant pkg='com.android.providers.settings' uid=10011
D/SettingsProvider(  258): cache for settings table 'secure' rows=38; fullycached=true
D/SettingsProvider(  258): cache for settings table 'system' rows=54; fullycached=true
D/SettingsProvider(  258): external modification to /data/data/com.android.providers.settings/databases/settings.db; event=2
D/SettingsProvider(  258): updating our caches for /data/data/com.android.providers.settings/databases/settings.db
D/SettingsProvider(  258): cache for settings table 'secure' rows=38; fullycached=true
D/SettingsProvider(  258): cache for settings table 'system' rows=54; fullycached=true
D/SettingsProvider(  258): external modification to /data/data/com.android.providers.settings/databases/settings.db; event=2
D/SettingsProvider(  258): updating our caches for /data/data/com.android.providers.settings/databases/settings.db
D/SettingsProvider(  258): cache for settings table 'secure' rows=38; fullycached=true
D/SettingsProvider(  258): cache for settings table 'system' rows=54; fullycached=true
E/WVMExtractor(   61): Failed to open libwvm.so
D/InputEventConsistencyVerifier( 1149): KeyEvent: ACTION_UP but key was not down.
D/InputEventConsistencyVerifier( 1149):   in android.widget.LinearLayout@b3e73480
D/InputEventConsistencyVerifier( 1149):   0: sent at 271949000000, KeyEvent { action=ACTION_UP, keyCode=KEYCODE_DPAD_DOWN, scanCode=0, metaState=0, flags=0x400, repeatCount=0, eventTime=271949, downTime=271949, deviceId=-1, source=0x101 }
D/InputEventConsistencyVerifier( 1149):   -- recent events --
D/InputEventConsistencyVerifier( 1149):   1: sent at 256933000000, (unhandled) KeyEvent { action=ACTION_UP, keyCode=KEYCODE_DPAD_DOWN, scanCode=0, metaState=0, flags=0x400, repeatCount=0, eventTime=256933, downTime=256933, deviceId=-1, source=0x101 }
D/InputEventConsistencyVerifier( 1149):   2: sent at 256933000000, (unhandled) KeyEvent { action=ACTION_DOWN, keyCode=KEYCODE_DPAD_DOWN, scanCode=0, metaState=0, flags=0x400, repeatCount=0, eventTime=256933, downTime=256933, deviceId=-1, source=0x101 }
D/InputEventConsistencyVerifier( 1149):   3: sent at 256932000000, (unhandled) KeyEvent { action=ACTION_UP, keyCode=KEYCODE_DPAD_DOWN, scanCode=0, metaState=0, flags=0x400, repeatCount=0, eventTime=256932, downTime=256932, deviceId=-1, source=0x101 }
D/InputEventConsistencyVerifier( 1149):   4: sent at 256932000000, (unhandled) KeyEvent { action=ACTION_DOWN, keyCode=KEYCODE_DPAD_DOWN, scanCode=0, metaState=0, flags=0x400, repeatCount=0, eventTime=256932, downTime=256932, deviceId=-1, source=0x101 }
D/InputEventConsistencyVerifier( 1149):   5: sent at 256879000000, (unhandled) KeyEvent { action=ACTION_UP, keyCode=KEYCODE_DPAD_DOWN, scanCode=0, metaState=0, flags=0x80000400, repeatCount=0, eventTime=256879, downTime=256879, deviceId=-1, source=0x101 }
E/WVMExtractor(   61): Failed to open libwvm.so
I/Choreographer( 1149): Skipped 46 frames!  The application may be doing too much work on its main thread.
E/MetadataRetrieverClient(   61): failed to extract an album art
D/InputEventConsistencyVerifier( 1149): KeyEvent: ACTION_UP but key was not down.
D/InputEventConsistencyVerifier( 1149):   in android.widget.ListView@b3e83c48
D/InputEventConsistencyVerifier( 1149):   0: sent at 273531000000, KeyEvent { action=ACTION_UP, keyCode=KEYCODE_DPAD_UP, scanCode=0, metaState=0, flags=0x400, repeatCount=0, eventTime=273531, downTime=273531, deviceId=-1, source=0x101 }
D/InputEventConsistencyVerifier( 1149):   -- recent events --
D/InputEventConsistencyVerifier( 1149):   1: sent at 271949000000, (unhandled) KeyEvent { action=ACTION_DOWN, keyCode=KEYCODE_DPAD_DOWN, scanCode=0, metaState=0, flags=0x400, repeatCount=0, eventTime=271949, downTime=271949, deviceId=-1, source=0x101 }
D/InputEventConsistencyVerifier( 1149):   2: sent at 271948000000, (unhandled) KeyEvent { action=ACTION_UP, keyCode=KEYCODE_DPAD_DOWN, scanCode=0, metaState=0, flags=0x400, repeatCount=0, eventTime=271948, downTime=271948, deviceId=-1, source=0x101 }
D/InputEventConsistencyVerifier( 1149):   3: sent at 271948000000, KeyEvent { action=ACTION_DOWN, keyCode=KEYCODE_DPAD_DOWN, scanCode=0, metaState=0, flags=0x400, repeatCount=0, eventTime=271948, downTime=271948, deviceId=-1, source=0x101 }
D/InputEventConsistencyVerifier( 1149):   4: sent at 271347000000, (unhandled) MotionEvent { action=ACTION_MOVE, id[0]=0, x[0]=2.0, y[0]=3.0, toolType[0]=TOOL_TYPE_UNKNOWN, buttonState=0, metaState=0, flags=0x0, edgeFlags=0x0, pointerCount=1, historySize=8, eventTime=271347, downTime=-1, deviceId=0, source=0x10004 }
D/InputEventConsistencyVerifier( 1149):   5: sent at 271415000000, MotionEvent { action=ACTION_UP, id[0]=0, x[0]=313.33334, y[0]=341.0, toolType[0]=TOOL_TYPE_UNKNOWN, buttonState=0, metaState=0, flags=0x0, edgeFlags=0x0, pointerCount=1, historySize=0, eventTime=271415, downTime=271364, deviceId=0, source=0x1002 }
E/WVMExtractor(   61): Failed to open libwvm.so
D/InputEventConsistencyVerifier( 1149): KeyEvent: ACTION_UP but key was not down.
D/InputEventConsistencyVerifier( 1149):   in android.widget.LinearLayout@b3e73480
D/InputEventConsistencyVerifier( 1149):   0: sent at 273550000000, KeyEvent { action=ACTION_UP, keyCode=KEYCODE_DPAD_DOWN, scanCode=0, metaState=0, flags=0x400, repeatCount=0, eventTime=273550, downTime=273550, deviceId=-1, source=0x101 }
D/InputEventConsistencyVerifier( 1149):   -- recent events --
D/InputEventConsistencyVerifier( 1149):   1: sent at 273531000000, (unhandled) KeyEvent { action=ACTION_DOWN, keyCode=KEYCODE_DPAD_UP, scanCode=0, metaState=0, flags=0x400, repeatCount=0, eventTime=273531, downTime=273531, deviceId=-1, source=0x101 }
D/InputEventConsistencyVerifier( 1149):   2: sent at 273406000000, (unhandled) MotionEvent { action=ACTION_MOVE, id[0]=0, x[0]=-4.0, y[0]=4.0, toolType[0]=TOOL_TYPE_UNKNOWN, buttonState=0, metaState=0, flags=0x0, edgeFlags=0x0, pointerCount=1, historySize=9, eventTime=273406, downTime=-1, deviceId=0, source=0x10004 }
D/InputEventConsistencyVerifier( 1149):   3: sent at 273231000000, (unhandled) MotionEvent { action=ACTION_MOVE, id[0]=0, x[0]=-2.0, y[0]=-3.0, toolType[0]=TOOL_TYPE_UNKNOWN, buttonState=0, metaState=0, flags=0x0, edgeFlags=0x0, pointerCount=1, historySize=9, eventTime=273231, downTime=-1, deviceId=0, source=0x10004 }
D/InputEventConsistencyVerifier( 1149):   4: sent at 273007000000, (unhandled) KeyEvent { action=ACTION_UP, keyCode=KEYCODE_DPAD_LEFT, scanCode=0, metaState=0, flags=0x8, repeatCount=0, eventTime=273007, downTime=273007, deviceId=-1, source=0x101 }
D/InputEventConsistencyVerifier( 1149):   5: sent at 272773000000, (unhandled) KeyEvent { action=ACTION_DOWN, keyCode=KEYCODE_DPAD_LEFT, scanCode=0, metaState=0, flags=0x8, repeatCount=0, eventTime=272773, downTime=272773, deviceId=-1, source=0x101 }
E/WVMExtractor(   61): Failed to open libwvm.so
I/Choreographer( 1149): Skipped 33 frames!  The application may be doing too much work on its main thread.
E/WVMExtractor(   61): Failed to open libwvm.so
D/InputEventConsistencyVerifier( 1149): KeyEvent: ACTION_UP but key was not down.
D/InputEventConsistencyVerifier( 1149):   in com.android.internal.policy.impl.PhoneWindow$DecorView@b3e52e70
D/InputEventConsistencyVerifier( 1149):   0: sent at 276025000000, KeyEvent { action=ACTION_UP, keyCode=KEYCODE_DPAD_DOWN, scanCode=0, metaState=0, flags=0x400, repeatCount=0, eventTime=276025, downTime=276025, deviceId=-1, source=0x101 }
D/InputEventConsistencyVerifier( 1149):   -- recent events --
D/InputEventConsistencyVerifier( 1149):   1: sent at 275919000000, (unhandled) MotionEvent { action=ACTION_MOVE, id[0]=0, x[0]=1.0, y[0]=2.0, toolType[0]=TOOL_TYPE_UNKNOWN, buttonState=0, metaState=0, flags=0x0, edgeFlags=0x0, pointerCount=1, historySize=9, eventTime=275919, downTime=-1, deviceId=0, source=0x10004 }
D/InputEventConsistencyVerifier( 1149):   2: sent at 275972000000, MotionEvent { action=ACTION_MOVE, id[0]=0, x[0]=211.33334, y[0]=386.33334, toolType[0]=TOOL_TYPE_UNKNOWN, buttonState=0, metaState=0, flags=0x0, edgeFlags=0x0, pointerCount=1, historySize=3, eventTime=275972, downTime=275928, deviceId=0, source=0x1002 }
D/InputEventConsistencyVerifier( 1149):   3: sent at 275943000000, MotionEvent { action=ACTION_DOWN, id[0]=0, x[0]=212.66667, y[0]=410.6667, toolType[0]=TOOL_TYPE_UNKNOWN, buttonState=0, metaState=0, flags=0x0, edgeFlags=0x0, pointerCount=1, historySize=0, eventTime=275943, downTime=275928, deviceId=0, source=0x1002 }
