D/InputEventConsistencyVerifier( 1149):   1: sent at 405954000000, (unhandled) MotionEvent { action=ACTION_DOWN, id[0]=0, x[0]=118.0, y[0]=35.333336, toolType[0]=TOOL_TYPE_UNKNOWN, buttonState=0, metaState=0, flags=0x0, edgeFlags=0x0, pointerCount=1, historySize=0, eventTime=405954, downTime=405953, deviceId=0, source=0x1002 }
D/InputEventConsistencyVerifier( 1149):   2: sent at 405915000000, (unhandled) MotionEvent { action=ACTION_DOWN, id[0]=0, x[0]=116.66667, y[0]=28.000002, toolType[0]=TOOL_TYPE_UNKNOWN, buttonState=0, metaState=0, flags=0x0, edgeFlags=0x0, pointerCount=1, historySize=0, eventTime=405915, downTime=405913, deviceId=0, source=0x1002 }
D/InputEventConsistencyVerifier( 1149):   3: sent at 405860000000, KeyEvent { action=ACTION_UP, keyCode=KEYCODE_DPAD_CENTER, scanCode=0, metaState=0, flags=0x8, repeatCount=0, eventTime=405860, downTime=405860, deviceId=-1, source=0x101 }
D/InputEventConsistencyVerifier( 1149):   4: sent at 405831000000, KeyEvent { action=ACTION_DOWN, keyCode=KEYCODE_DPAD_CENTER, scanCode=0, metaState=0, flags=0x8, repeatCount=0, eventTime=405831, downTime=405831, deviceId=-1, source=0x101 }
D/InputEventConsistencyVerifier( 1149):   5: sent at 405823000000, (unhandled) KeyEvent { action=ACTION_UP, keyCode=KEYCODE_CTRL_LEFT, scanCode=0, metaState=0, flags=0x8, repeatCount=0, eventTime=405823, downTime=405823, deviceId=-1, source=0x101 }
D/InputEventConsistencyVerifier( 1149): KeyEvent: ACTION_UP but key was not down.
D/InputEventConsistencyVerifier( 1149):   in com.android.internal.policy.impl.PhoneWindow$DecorView@b3ff8c90
D/InputEventConsistencyVerifier( 1149):   0: sent at 406065000000, KeyEvent { action=ACTION_UP, keyCode=KEYCODE_DPAD_CENTER, scanCode=0, metaState=0, flags=0x8, repeatCount=0, eventTime=406065, downTime=406065, deviceId=-1, source=0x101 }
D/InputEventConsistencyVerifier( 1149):   -- recent events --
D/InputEventConsistencyVerifier( 1149):   1: sent at 406065000000, (unhandled) KeyEvent { action=ACTION_UP, keyCode=KEYCODE_BUTTON_14, scanCode=0, metaState=0, flags=0x8, repeatCount=0, eventTime=406065, downTime=406065, deviceId=-1, source=0x101 }
D/InputEventConsistencyVerifier( 1149):   2: sent at 405989000000, (unhandled) KeyEvent { action=ACTION_DOWN, keyCode=KEYCODE_BUTTON_14, scanCode=0, metaState=0, flags=0x8, repeatCount=0, eventTime=405989, downTime=405989, deviceId=-1, source=0x101 }
D/InputEventConsistencyVerifier( 1149):   3: sent at 405981000000, (unhandled) MotionEvent { action=ACTION_UP, id[0]=0, x[0]=108.66667, y[0]=32.0, toolType[0]=TOOL_TYPE_UNKNOWN, buttonState=0, metaState=0, flags=0x0, edgeFlags=0x0, pointerCount=1, historySize=0, eventTime=405981, downTime=405953, deviceId=0, source=0x1002 }
D/InputEventConsistencyVerifier( 1149):   4: sent at 405954000000, (unhandled) MotionEvent { action=ACTION_DOWN, id[0]=0, x[0]=118.0, y[0]=35.333336, toolType[0]=TOOL_TYPE_UNKNOWN, buttonState=0, metaState=0, flags=0x0, edgeFlags=0x0, pointerCount=1, historySize=0, eventTime=405954, downTime=405953, deviceId=0, source=0x1002 }
D/InputEventConsistencyVerifier( 1149):   5: sent at 405932000000, (unhandled) MotionEvent { action=ACTION_UP, id[0]=0, x[0]=136.0, y[0]=46.666664, toolType[0]=TOOL_TYPE_UNKNOWN, buttonState=0, metaState=0, flags=0x0, edgeFlags=0x0, pointerCount=1, historySize=0, eventTime=405932, downTime=405913, deviceId=0, source=0x1002 }
I/Choreographer( 1149): Skipped 113 frames!  The application may be doing too much work on its main thread.
D/InputEventConsistencyVerifier( 1149): KeyEvent: ACTION_UP but key was not down.
D/InputEventConsistencyVerifier( 1149):   in com.android.internal.policy.impl.PhoneWindow$DecorView@b3ff8c90
D/InputEventConsistencyVerifier( 1149):   0: sent at 406559000000, KeyEvent { action=ACTION_UP, keyCode=KEYCODE_DPAD_UP, scanCode=0, metaState=0, flags=0x8, repeatCount=0, eventTime=406559, downTime=406559, deviceId=-1, source=0x101 }
D/InputEventConsistencyVerifier( 1149):   -- recent events --
D/InputEventConsistencyVerifier( 1149):   1: sent at 406537000000, (unhandled) KeyEvent { action=ACTION_UP, keyCode=KEYCODE_ZENKAKU_HANKAKU, scanCode=0, metaState=0, flags=0x8, repeatCount=0, eventTime=406537, downTime=406537, deviceId=-1, source=0x101 }
D/InputEventConsistencyVerifier( 1149):   2: sent at 406505000000, (unhandled) KeyEvent { action=ACTION_DOWN, keyCode=KEYCODE_ZENKAKU_HANKAKU, scanCode=0, metaState=0, flags=0x8, repeatCount=0, eventTime=406505, downTime=406505, deviceId=-1, source=0x101 }
D/InputEventConsistencyVerifier( 1149):   3: sent at 406487000000, MotionEvent { action=ACTION_UP, id[0]=0, x[0]=168.66667, y[0]=244.00002, toolType[0]=TOOL_TYPE_UNKNOWN, buttonState=0, metaState=0, flags=0x0, edgeFlags=0x0, pointerCount=1, historySize=0, eventTime=406487, downTime=406449, deviceId=0, source=0x1002 }
D/InputEventConsistencyVerifier( 1149):   4: sent at 406483000000, MotionEvent { action=ACTION_MOVE, id[0]=0, x[0]=159.33334, y[0]=248.00002, toolType[0]=TOOL_TYPE_UNKNOWN, buttonState=0, metaState=0, flags=0x0, edgeFlags=0x0, pointerCount=1, historySize=3, eventTime=406483, downTime=406449, deviceId=0, source=0x1002 }
D/InputEventConsistencyVerifier( 1149):   5: sent at 406452000000, MotionEvent { action=ACTION_DOWN, id[0]=0, x[0]=144.0, y[0]=281.33334, toolType[0]=TOOL_TYPE_UNKNOWN, buttonState=0, metaState=0, flags=0x0, edgeFlags=0x0, pointerCount=1, historySize=0, eventTime=406452, downTime=406449, deviceId=0, source=0x1002 }
I/Choreographer( 1149): Skipped 129 frames!  The application may be doing too much work on its main thread.
W/InputMethodManagerService(  258): Window already focused, ignoring focus gain of: com.android.internal.view.IInputMethodClient$Stub$Proxy@b3f4a3d8 attribute=android.view.inputmethod.EditorInfo@b3f4a3f0
I/Choreographer( 1149): Skipped 41 frames!  The application may be doing too much work on its main thread.
D/InputEventConsistencyVerifier( 1149): KeyEvent: ACTION_UP but key was not down.
D/InputEventConsistencyVerifier( 1149):   in com.android.internal.policy.impl.PhoneWindow$DecorView@b3e52e70
D/InputEventConsistencyVerifier( 1149):   0: sent at 398714000000, KeyEvent { action=ACTION_UP, keyCode=KEYCODE_DPAD_DOWN, scanCode=0, metaState=0, flags=0x400, repeatCount=0, eventTime=398714, downTime=398714, deviceId=-1, source=0x101 }
D/InputEventConsistencyVerifier( 1149):   -- recent events --
D/InputEventConsistencyVerifier( 1149):   1: sent at 398709000000, (unhandled) KeyEvent { action=ACTION_UP, keyCode=KEYCODE_DPAD_DOWN, scanCode=0, metaState=0, flags=0x400, repeatCount=0, eventTime=398709, downTime=398709, deviceId=-1, source=0x101 }
D/InputEventConsistencyVerifier( 1149):   2: sent at 398709000000, (unhandled) KeyEvent { action=ACTION_DOWN, keyCode=KEYCODE_DPAD_DOWN, scanCode=0, metaState=0, flags=0x400, repeatCount=0, eventTime=398709, downTime=398709, deviceId=-1, source=0x101 }
D/InputEventConsistencyVerifier( 1149):   3: sent at 398707000000, (unhandled) KeyEvent { action=ACTION_UP, keyCode=KEYCODE_DPAD_DOWN, scanCode=0, metaState=0, flags=0x400, repeatCount=0, eventTime=398707, downTime=398707, deviceId=-1, source=0x101 }
D/InputEventConsistencyVerifier( 1149):   4: sent at 398707000000, (unhandled) KeyEvent { action=ACTION_DOWN, keyCode=KEYCODE_DPAD_DOWN, scanCode=0, metaState=0, flags=0x400, repeatCount=0, eventTime=398707, downTime=398707, deviceId=-1, source=0x101 }
D/InputEventConsistencyVerifier( 1149):   5: sent at 398565000000, (unhandled) MotionEvent { action=ACTION_MOVE, id[0]=0, x[0]=0.0, y[0]=4.0, toolType[0]=TOOL_TYPE_UNKNOWN, buttonState=0, metaState=0, flags=0x0, edgeFlags=0x0, pointerCount=1, historySize=9, eventTime=398565, downTime=-1, deviceId=0, source=0x10004 }
I/InputDispatcher(  258): Window 'Window{b3faac50 com.ninepvi.shield/com.ninepvi.shield.MainActivity paused=false}' spent 8770.2ms processing the last input event: MotionEvent(action=0, deviceId=0, source=0x00001002)
I/InputDispatcher(  258): Window 'Window{b3faac50 com.ninepvi.shield/com.ninepvi.shield.MainActivity paused=false}' spent 8754.9ms processing the last input event: MotionEvent(action=1, deviceId=0, source=0x00001002)
I/InputDispatcher(  258): Window 'Window{b3faac50 com.ninepvi.shield/com.ninepvi.shield.MainActivity paused=false}' spent 8731.9ms processing the last input event: MotionEvent(action=0, deviceId=0, source=0x00001002)
I/InputDispatcher(  258): Window 'Window{b3faac50 com.ninepvi.shield/com.ninepvi.shield.MainActivity paused=false}' spent 8732.8ms processing the last input event: MotionEvent(action=1, deviceId=0, source=0x00001002)
I/Choreographer( 1149): Skipped 43 frames!  The application may be doing too much work on its main thread.
D/InputEventConsistencyVerifier( 1149): KeyEvent: ACTION_UP but key was not down.
D/InputEventConsistencyVerifier( 1149):   in com.android.internal.policy.impl.PhoneWindow$DecorView@b3e52e70
D/InputEventConsistencyVerifier( 1149):   0: sent at 407692000000, KeyEvent { action=ACTION_UP, keyCode=KEYCODE_DPAD_CENTER, scanCode=0, metaState=0, flags=0x8, repeatCount=0, eventTime=407692, downTime=407692, deviceId=-1, source=0x101 }
D/InputEventConsistencyVerifier( 1149):   -- recent events --
D/InputEventConsistencyVerifier( 1149):   1: sent at 407641000000, MotionEvent { action=ACTION_UP, id[0]=0, x[0]=292.33334, y[0]=518.6667, toolType[0]=TOOL_TYPE_UNKNOWN, buttonState=0, metaState=0, flags=0x0, edgeFlags=0x0, pointerCount=1, historySize=0, eventTime=407641, downTime=407018, deviceId=0, source=0x1002 }
D/InputEventConsistencyVerifier( 1149):   2: sent at 407619000000, MotionEvent { action=ACTION_MOVE, id[0]=0, x[0]=292.33334, y[0]=518.6667, toolType[0]=TOOL_TYPE_UNKNOWN, buttonState=0, metaState=0, flags=0x0, edgeFlags=0x0, pointerCount=1, historySize=3, eventTime=407619, downTime=407018, deviceId=0, source=0x1002 }
D/InputEventConsistencyVerifier( 1149):   3: sent at 407021000000, MotionEvent { action=ACTION_DOWN, id[0]=0, x[0]=283.33334, y[0]=532.6667, toolType[0]=TOOL_TYPE_UNKNOWN, buttonState=0, metaState=0, flags=0x0, edgeFlags=0x0, pointerCount=1, historySize=0, eventTime=407021, downTime=407018, deviceId=0, source=0x1002 }
D/InputEventConsistencyVerifier( 1149):   4: sent at 398841000000, MotionEvent { action=ACTION_UP, id[0]=0, x[0]=218.66667, y[0]=123.333336, toolType[0]=TOOL_TYPE_UNKNOWN, buttonState=0, metaState=0, flags=0x0, edgeFlags=0x0, pointerCount=1, historySize=0, eventTime=398841, downTime=398833, deviceId=0, source=0x1002 }
D/InputEventConsistencyVerifier( 1149):   5: sent at 398833000000, MotionEvent { action=ACTION_DOWN, id[0]=0, x[0]=229.33334, y[0]=138.66667, toolType[0]=TOOL_TYPE_UNKNOWN, buttonState=0, metaState=0, flags=0x0, edgeFlags=0x0, pointerCount=1, historySize=0, eventTime=398833, downTime=398833, deviceId=0, source=0x1002 }
I/Choreographer( 1149): Skipped 72 frames!  The application may be doing too much work on its main thread.
D/InputEventConsistencyVerifier( 1149): KeyEvent: ACTION_UP but key was not down.
D/InputEventConsistencyVerifier( 1149):   in com.android.internal.policy.impl.PhoneWindow$DecorView@b3e52e70
D/InputEventConsistencyVerifier( 1149):   0: sent at 408561000000, KeyEvent { action=ACTION_UP, keyCode=KEYCODE_DPAD_CENTER, scanCode=0, metaState=0, flags=0x8, repeatCount=0, eventTime=408561, downTime=408561, deviceId=-1, source=0x101 }
D/InputEventConsistencyVerifier( 1149):   -- recent events --
D/InputEventConsistencyVerifier( 1149):   1: sent at 407947000000, MotionEvent { action=ACTION_UP, id[0]=0, x[0]=197.33334, y[0]=377.33334, toolType[0]=TOOL_TYPE_UNKNOWN, buttonState=0, metaState=0, flags=0x0, edgeFlags=0x0, pointerCount=1, historySize=0, eventTime=407947, downTime=407935, deviceId=0, source=0x1002 }
D/InputEventConsistencyVerifier( 1149):   2: sent at 407935000000, MotionEvent { action=ACTION_DOWN, id[0]=0, x[0]=197.33334, y[0]=380.0, toolType[0]=TOOL_TYPE_UNKNOWN, buttonState=0, metaState=0, flags=0x0, edgeFlags=0x0, pointerCount=1, historySize=0, eventTime=407935, downTime=407935, deviceId=0, source=0x1002 }
D/InputEventConsistencyVerifier( 1149):   3: sent at 407914000000, MotionEvent { action=ACTION_UP, id[0]=0, x[0]=262.0, y[0]=411.33334, toolType[0]=TOOL_TYPE_UNKNOWN, buttonState=0, metaState=0, flags=0x0, edgeFlags=0x0, pointerCount=1, historySize=0, eventTime=407914, downTime=407803, deviceId=0, source=0x1002 }
D/InputEventConsistencyVerifier( 1149):   4: sent at 407910000000, MotionEvent { action=ACTION_POINTER_UP(1), id[0]=0, x[0]=257.33334, y[0]=408.6667, toolType[0]=TOOL_TYPE_UNKNOWN, id[1]=1, x[1]=168.0, y[1]=457.33334, toolType[1]=TOOL_TYPE_UNKNOWN, buttonState=0, metaState=0, flags=0x0, edgeFlags=0x0, pointerCount=2, historySize=0, eventTime=407910, downTime=407803, deviceId=0, source=0x1002 }
D/InputEventConsistencyVerifier( 1149):   5: sent at 407905000000, MotionEvent { action=ACTION_MOVE, id[0]=0, x[0]=254.0, y[0]=408.6667, toolType[0]=TOOL_TYPE_UNKNOWN, id[1]=1, x[1]=176.0, y[1]=458.6667, toolType[1]=TOOL_TYPE_UNKNOWN, buttonState=0, metaState=0, flags=0x0, edgeFlags=0x0, pointerCount=2, historySize=8, eventTime=407905, downTime=407803, deviceId=0, source=0x1002 }
I/Choreographer( 1149): Skipped 38 frames!  The application may be doing too much work on its main thread.
I/ActivityManager(  258): START {act=android.intent.action.MAIN cat=[android.intent.category.LAUNCHER] flg=0x10000000 cmp=com.android.contacts/.activities.PeopleActivity sel={act=android.intent.action.MAIN cat=[android.intent.category.APP_CONTACTS]} u=0} from pid 258
D/InputEventConsistencyVerifier( 1149): KeyEvent: ACTION_UP but key was not down.
D/InputEventConsistencyVerifier( 1149):   in android.view.ViewRootImpl@b3e55520
D/InputEventConsistencyVerifier( 1149):   0: sent at 409517000000, KeyEvent { action=ACTION_UP, keyCode=KEYCODE_CONTACTS, scanCode=0, metaState=0, flags=0x8, repeatCount=0, eventTime=409517, downTime=409517, deviceId=-1, source=0x101 }
D/InputEventConsistencyVerifier( 1149):   -- recent events --
D/InputEventConsistencyVerifier( 1149):   1: sent at 409466000000, MotionEvent { action=ACTION_UP, id[0]=0, x[0]=167.0, y[0]=501.0, toolType[0]=TOOL_TYPE_UNKNOWN, buttonState=0, metaState=0, flags=0x0, edgeFlags=0x0, pointerCount=1, historySize=0, eventTime=409466, downTime=409355, deviceId=0, source=0x1002 }
D/InputEventConsistencyVerifier( 1149):   2: sent at 409462000000, MotionEvent { action=ACTION_POINTER_UP(1), id[0]=0, x[0]=164.0, y[0]=498.0, toolType[0]=TOOL_TYPE_UNKNOWN, id[1]=1, x[1]=41.0, y[1]=237.0, toolType[1]=TOOL_TYPE_UNKNOWN, buttonState=0, metaState=0, flags=0x0, edgeFlags=0x0, pointerCount=2, historySize=0, eventTime=409462, downTime=409355, deviceId=0, source=0x1002 }
D/InputEventConsistencyVerifier( 1149):   3: sent at 409454000000, MotionEvent { action=ACTION_MOVE, id[0]=0, x[0]=164.0, y[0]=496.0, toolType[0]=TOOL_TYPE_UNKNOWN, id[1]=1, x[1]=40.0, y[1]=237.0, toolType[1]=TOOL_TYPE_UNKNOWN, buttonState=0, metaState=0, flags=0x0, edgeFlags=0x0, pointerCount=2, historySize=4, eventTime=409454, downTime=409355, deviceId=0, source=0x1002 }
D/InputEventConsistencyVerifier( 1149):   4: sent at 409430000000, MotionEvent { action=ACTION_POINTER_DOWN(1), id[0]=0, x[0]=151.0, y[0]=480.0, toolType[0]=TOOL_TYPE_UNKNOWN, id[1]=1, x[1]=35.0, y[1]=235.0, toolType[1]=TOOL_TYPE_UNKNOWN, buttonState=0, metaState=0, flags=0x0, edgeFlags=0x0, pointerCount=2, historySize=0, eventTime=409430, downTime=409355, deviceId=0, source=0x1002 }
D/InputEventConsistencyVerifier( 1149):   5: sent at 409378000000, MotionEvent { action=ACTION_DOWN, id[0]=0, x[0]=149.0, y[0]=478.0, toolType[0]=TOOL_TYPE_UNKNOWN, buttonState=0, metaState=0, flags=0x0, edgeFlags=0x0, pointerCount=1, historySize=0, eventTime=409378, downTime=409355, deviceId=0, source=0x1002 }
D/InputEventConsistencyVerifier( 1149): KeyEvent: ACTION_UP but key was not down.
D/InputEventConsistencyVerifier( 1149):   in com.android.internal.policy.impl.PhoneWindow$DecorView@b3e52e70
D/InputEventConsistencyVerifier( 1149):   0: sent at 409599000000, KeyEvent { action=ACTION_UP, keyCode=KEYCODE_DPAD_UP, scanCode=0, metaState=0, flags=0x8, repeatCount=0, eventTime=409599, downTime=409599, deviceId=-1, source=0x101 }
D/InputEventConsistencyVerifier( 1149):   -- recent events --
D/InputEventConsistencyVerifier( 1149):   1: sent at 409517000000, (unhandled) KeyEvent { action=ACTION_UP, keyCode=KEYCODE_CONTACTS, scanCode=0, metaState=0, flags=0x80000008, repeatCount=0, eventTime=409517, downTime=409517, deviceId=-1, source=0x101 }
D/InputEventConsistencyVerifier( 1149):   2: sent at 409466000000, MotionEvent { action=ACTION_UP, id[0]=0, x[0]=111.333336, y[0]=334.0, toolType[0]=TOOL_TYPE_UNKNOWN, buttonState=0, metaState=0, flags=0x0, edgeFlags=0x0, pointerCount=1, historySize=0, eventTime=409466, downTime=409355, deviceId=0, source=0x1002 }
D/InputEventConsistencyVerifier( 1149):   3: sent at 409462000000, MotionEvent { action=ACTION_POINTER_UP(1), id[0]=0, x[0]=109.333336, y[0]=332.0, toolType[0]=TOOL_TYPE_UNKNOWN, id[1]=1, x[1]=27.333334, y[1]=158.0, toolType[1]=TOOL_TYPE_UNKNOWN, buttonState=0, metaState=0, flags=0x0, edgeFlags=0x0, pointerCount=2, historySize=0, eventTime=409462, downTime=409355, deviceId=0, source=0x1002 }
D/InputEventConsistencyVerifier( 1149):   4: sent at 409454000000, MotionEvent { action=ACTION_MOVE, id[0]=0, x[0]=109.333336, y[0]=330.6667, toolType[0]=TOOL_TYPE_UNKNOWN, id[1]=1, x[1]=26.666668, y[1]=158.0, toolType[1]=TOOL_TYPE_UNKNOWN, buttonState=0, metaState=0, flags=0x0, edgeFlags=0x0, pointerCount=2, historySize=4, eventTime=409454, downTime=409355, deviceId=0, source=0x1002 }
D/InputEventConsistencyVerifier( 1149):   5: sent at 409430000000, MotionEvent { action=ACTION_POINTER_DOWN(1), id[0]=0, x[0]=100.66667, y[0]=320.0, toolType[0]=TOOL_TYPE_UNKNOWN, id[1]=1, x[1]=23.333334, y[1]=156.66667, toolType[1]=TOOL_TYPE_UNKNOWN, buttonState=0, metaState=0, flags=0x0, edgeFlags=0x0, pointerCount=2, historySize=0, eventTime=409430, downTime=409355, deviceId=0, source=0x1002 }
I/Choreographer( 1149): Skipped 38 frames!  The application may be doing too much work on its main thread.
I/Choreographer( 1149): Skipped 61 frames!  The application may be doing too much work on its main thread.
D/InputEventConsistencyVerifier( 1149): KeyEvent: ACTION_UP but key was not down.
D/InputEventConsistencyVerifier( 1149):   in com.android.internal.policy.impl.PhoneWindow$DecorView@b3e52e70
D/InputEventConsistencyVerifier( 1149):   0: sent at 410049000000, KeyEvent { action=ACTION_UP, keyCode=KEYCODE_DPAD_LEFT, scanCode=0, metaState=0, flags=0x400, repeatCount=0, eventTime=410049, downTime=410049, deviceId=-1, source=0x101 }
D/InputEventConsistencyVerifier( 1149):   -- recent events --
D/InputEventConsistencyVerifier( 1149):   1: sent at 409876000000, (unhandled) MotionEvent { action=ACTION_MOVE, id[0]=0, x[0]=-1.0, y[0]=0.0, toolType[0]=TOOL_TYPE_UNKNOWN, buttonState=0, metaState=0, flags=0x0, edgeFlags=0x0, pointerCount=1, historySize=13, eventTime=409876, downTime=-1, deviceId=0, source=0x10004 }
D/InputEventConsistencyVerifier( 1149):   2: sent at 410006000000, MotionEvent { action=ACTION_DOWN, id[0]=0, x[0]=112.0, y[0]=374.6667, toolType[0]=TOOL_TYPE_UNKNOWN, buttonState=0, metaState=0, flags=0x0, edgeFlags=0x0, pointerCount=1, historySize=0, eventTime=410006, downTime=410005, deviceId=0, source=0x1002 }
D/InputEventConsistencyVerifier( 1149):   3: sent at 409978000000, MotionEvent { action=ACTION_UP, id[0]=0, x[0]=27.333334, y[0]=316.0, toolType[0]=TOOL_TYPE_UNKNOWN, buttonState=0, metaState=0, flags=0x0, edgeFlags=0x0, pointerCount=1, historySize=0, eventTime=409978, downTime=409894, deviceId=0, source=0x1002 }
D/InputEventConsistencyVerifier( 1149):   4: sent at 409974000000, MotionEvent { action=ACTION_MOVE, id[0]=0, x[0]=20.0, y[0]=317.33334, toolType[0]=TOOL_TYPE_UNKNOWN, buttonState=0, metaState=0, flags=0x0, edgeFlags=0x0, pointerCount=1, historySize=3, eventTime=409974, downTime=409894, deviceId=0, source=0x1002 }
D/InputEventConsistencyVerifier( 1149):   5: sent at 409898000000, MotionEvent { action=ACTION_DOWN, id[0]=0, x[0]=9.333334, y[0]=324.6667, toolType[0]=TOOL_TYPE_UNKNOWN, buttonState=0, metaState=0, flags=0x0, edgeFlags=0x0, pointerCount=1, historySize=0, eventTime=409898, downTime=409894, deviceId=0, source=0x1002 }
I/Choreographer( 1149): Skipped 33 frames!  The application may be doing too much work on its main thread.
D/InputEventConsistencyVerifier( 1149): KeyEvent: ACTION_UP but key was not down.
D/InputEventConsistencyVerifier( 1149):   in com.android.internal.policy.impl.PhoneWindow$DecorView@b3e52e70
D/InputEventConsistencyVerifier( 1149):   0: sent at 410861000000, KeyEvent { action=ACTION_UP, keyCode=KEYCODE_DPAD_CENTER, scanCode=0, metaState=0, flags=0x8, repeatCount=0, eventTime=410861, downTime=410861, deviceId=-1, source=0x101 }
D/InputEventConsistencyVerifier( 1149):   -- recent events --
D/InputEventConsistencyVerifier( 1149):   1: sent at 410141000000, MotionEvent { action=ACTION_UP, id[0]=0, x[0]=208.66667, y[0]=204.66667, toolType[0]=TOOL_TYPE_UNKNOWN, buttonState=0, metaState=0, flags=0x0, edgeFlags=0x0, pointerCount=1, historySize=0, eventTime=410141, downTime=410056, deviceId=0, source=0x1002 }
D/InputEventConsistencyVerifier( 1149):   2: sent at 410136000000, MotionEvent { action=ACTION_POINTER_UP(1), id[0]=0, x[0]=208.0, y[0]=202.66667, toolType[0]=TOOL_TYPE_UNKNOWN, id[1]=1, x[1]=250.66667, y[1]=332.0, toolType[1]=TOOL_TYPE_UNKNOWN, buttonState=0, metaState=0, flags=0x0, edgeFlags=0x0, pointerCount=2, historySize=0, eventTime=410136, downTime=410056, deviceId=0, source=0x1002 }
D/InputEventConsistencyVerifier( 1149):   3: sent at 410131000000, MotionEvent { action=ACTION_MOVE, id[0]=0, x[0]=206.66667, y[0]=202.0, toolType[0]=TOOL_TYPE_UNKNOWN, id[1]=1, x[1]=240.0, y[1]=330.0, toolType[1]=TOOL_TYPE_UNKNOWN, buttonState=0, metaState=0, flags=0x0, edgeFlags=0x0, pointerCount=2, historySize=4, eventTime=410131, downTime=410056, deviceId=0, source=0x1002 }
D/InputEventConsistencyVerifier( 1149):   4: sent at 410083000000, MotionEvent { action=ACTION_POINTER_DOWN(1), id[0]=0, x[0]=204.0, y[0]=187.33334, toolType[0]=TOOL_TYPE_UNKNOWN, id[1]=1, x[1]=219.33334, y[1]=313.33334, toolType[1]=TOOL_TYPE_UNKNOWN, buttonState=0, metaState=0, flags=0x0, edgeFlags=0x0, pointerCount=2, historySize=0, eventTime=410083, downTime=410056, deviceId=0, source=0x1002 }
D/InputEventConsistencyVerifier( 1149):   5: sent at 410062000000, MotionEvent { action=ACTION_DOWN, id[0]=0, x[0]=204.0, y[0]=186.66667, toolType[0]=TOOL_TYPE_UNKNOWN, buttonState=0, metaState=0, flags=0x0, edgeFlags=0x0, pointerCount=1, historySize=0, eventTime=410062, downTime=410056, deviceId=0, source=0x1002 }
D/InputEventConsistencyVerifier( 1149): KeyEvent: ACTION_UP but key was not down.
D/InputEventConsistencyVerifier( 1149):   in com.android.internal.policy.impl.PhoneWindow$DecorView@b3e52e70
D/InputEventConsistencyVerifier( 1149):   0: sent at 411099000000, KeyEvent { action=ACTION_UP, keyCode=KEYCODE_DPAD_LEFT, scanCode=0, metaState=0, flags=0x8, repeatCount=0, eventTime=411099, downTime=411099, deviceId=-1, source=0x101 }
D/InputEventConsistencyVerifier( 1149):   -- recent events --
D/InputEventConsistencyVerifier( 1149):   1: sent at 410997000000, MotionEvent { action=ACTION_UP, id[0]=0, x[0]=169.33334, y[0]=346.6667, toolType[0]=TOOL_TYPE_UNKNOWN, buttonState=0, metaState=0, flags=0x0, edgeFlags=0x0, pointerCount=1, historySize=0, eventTime=410997, downTime=410979, deviceId=0, source=0x1002 }
D/InputEventConsistencyVerifier( 1149):   2: sent at 410990000000, MotionEvent { action=ACTION_DOWN, id[0]=0, x[0]=170.0, y[0]=347.33334, toolType[0]=TOOL_TYPE_UNKNOWN, buttonState=0, metaState=0, flags=0x0, edgeFlags=0x0, pointerCount=1, historySize=0, eventTime=410990, downTime=410979, deviceId=0, source=0x1002 }
D/InputEventConsistencyVerifier( 1149):   3: sent at 410959000000, MotionEvent { action=ACTION_UP, id[0]=0, x[0]=162.66667, y[0]=410.6667, toolType[0]=TOOL_TYPE_UNKNOWN, buttonState=0, metaState=0, flags=0x0, edgeFlags=0x0, pointerCount=1, historySize=0, eventTime=410959, downTime=410939, deviceId=0, source=0x1002 }
D/InputEventConsistencyVerifier( 1149):   4: sent at 410950000000, MotionEvent { action=ACTION_DOWN, id[0]=0, x[0]=156.66667, y[0]=422.6667, toolType[0]=TOOL_TYPE_UNKNOWN, buttonState=0, metaState=0, flags=0x0, edgeFlags=0x0, pointerCount=1, historySize=0, eventTime=410950, downTime=410939, deviceId=0, source=0x1002 }
D/InputEventConsistencyVerifier( 1149):   5: sent at 410861000000, (unhandled) KeyEvent { action=ACTION_UP, keyCode=KEYCODE_DPAD_CENTER, scanCode=0, metaState=0, flags=0x80000008, repeatCount=0, eventTime=410861, downTime=410861, deviceId=-1, source=0x101 }
D/InputEventConsistencyVerifier( 1149): KeyEvent: ACTION_UP but key was not down.
D/InputEventConsistencyVerifier( 1149):   in com.android.internal.policy.impl.PhoneWindow$DecorView@b3e52e70
D/InputEventConsistencyVerifier( 1149):   0: sent at 412330000000, KeyEvent { action=ACTION_UP, keyCode=KEYCODE_DPAD_DOWN, scanCode=0, metaState=0, flags=0x400, repeatCount=0, eventTime=412330, downTime=412330, deviceId=-1, source=0x101 }
D/InputEventConsistencyVerifier( 1149):   -- recent events --
D/InputEventConsistencyVerifier( 1149):   1: sent at 412291000000, (unhandled) MotionEvent { action=ACTION_MOVE, id[0]=0, x[0]=-2.0, y[0]=4.0, toolType[0]=TOOL_TYPE_UNKNOWN, buttonState=0, metaState=0, flags=0x0, edgeFlags=0x0, pointerCount=1, historySize=9, eventTime=412291, downTime=-1, deviceId=0, source=0x10004 }
D/InputEventConsistencyVerifier( 1149):   2: sent at 412140000000, MotionEvent { action=ACTION_UP, id[0]=0, x[0]=39.333336, y[0]=188.0, toolType[0]=TOOL_TYPE_UNKNOWN, buttonState=0, metaState=0, flags=0x0, edgeFlags=0x0, pointerCount=1, historySize=0, eventTime=412140, downTime=412119, deviceId=0, source=0x1002 }
D/InputEventConsistencyVerifier( 1149):   3: sent at 412120000000, MotionEvent { action=ACTION_DOWN, id[0]=0, x[0]=34.666668, y[0]=187.33334, toolType[0]=TOOL_TYPE_UNKNOWN, buttonState=0, metaState=0, flags=0x0, edgeFlags=0x0, pointerCount=1, historySize=0, eventTime=412120, downTime=412119, deviceId=0, source=0x1002 }
D/InputEventConsistencyVerifier( 1149):   4: sent at 412002000000, MotionEvent { action=ACTION_UP, id[0]=0, x[0]=110.0, y[0]=94.66667, toolType[0]=TOOL_TYPE_UNKNOWN, buttonState=0, metaState=0, flags=0x0, edgeFlags=0x0, pointerCount=1, historySize=0, eventTime=412002, downTime=411965, deviceId=0, source=0x1002 }
D/InputEventConsistencyVerifier( 1149):   5: sent at 411966000000, MotionEvent { action=ACTION_DOWN, id[0]=0, x[0]=103.333336, y[0]=95.333336, toolType[0]=TOOL_TYPE_UNKNOWN, buttonState=0, metaState=0, flags=0x0, edgeFlags=0x0, pointerCount=1, historySize=0, eventTime=411966, downTime=411965, deviceId=0, source=0x1002 }
D/InputEventConsistencyVerifier( 1149): TrackballEvent: Trackball is down but pressure is not greater than 0.
D/InputEventConsistencyVerifier( 1149):   in android.view.ViewRootImpl@b3e55520
D/InputEventConsistencyVerifier( 1149):   0: sent at 412295000000, MotionEvent { action=ACTION_DOWN, id[0]=0, x[0]=0.0, y[0]=0.0, toolType[0]=TOOL_TYPE_UNKNOWN, buttonState=0, metaState=0, flags=0x0, edgeFlags=0x0, pointerCount=1, historySize=0, eventTime=412295, downTime=412204, deviceId=0, source=0x10004 }
D/InputEventConsistencyVerifier( 1149):   -- recent events --
D/InputEventConsistencyVerifier( 1149):   1: sent at 412338000000, KeyEvent { action=ACTION_UP, keyCode=KEYCODE_DPAD_DOWN, scanCode=0, metaState=0, flags=0x400, repeatCount=0, eventTime=412338, downTime=412338, deviceId=-1, source=0x101 }
D/InputEventConsistencyVerifier( 1149):   2: sent at 412338000000, KeyEvent { action=ACTION_DOWN, keyCode=KEYCODE_DPAD_DOWN, scanCode=0, metaState=0, flags=0x400, repeatCount=0, eventTime=412338, downTime=412338, deviceId=-1, source=0x101 }
D/InputEventConsistencyVerifier( 1149):   3: sent at 412337000000, KeyEvent { action=ACTION_UP, keyCode=KEYCODE_DPAD_DOWN, scanCode=0, metaState=0, flags=0x400, repeatCount=0, eventTime=412337, downTime=412337, deviceId=-1, source=0x101 }
D/InputEventConsistencyVerifier( 1149):   4: sent at 412337000000, KeyEvent { action=ACTION_DOWN, keyCode=KEYCODE_DPAD_DOWN, scanCode=0, metaState=0, flags=0x400, repeatCount=0, eventTime=412337, downTime=412337, deviceId=-1, source=0x101 }
D/InputEventConsistencyVerifier( 1149):   5: sent at 412336000000, KeyEvent { action=ACTION_UP, keyCode=KEYCODE_DPAD_DOWN, scanCode=0, metaState=0, flags=0x400, repeatCount=0, eventTime=412336, downTime=412336, deviceId=-1, source=0x101 }
I/Choreographer( 1149): Skipped 40 frames!  The application may be doing too much work on its main thread.
D/InputEventConsistencyVerifier( 1149): KeyEvent: ACTION_UP but key was not down.
D/InputEventConsistencyVerifier( 1149):   in com.android.internal.policy.impl.PhoneWindow$DecorView@b3f49758
D/InputEventConsistencyVerifier( 1149):   0: sent at 413390000000, KeyEvent { action=ACTION_UP, keyCode=KEYCODE_DPAD_UP, scanCode=0, metaState=0, flags=0x8, repeatCount=0, eventTime=413390, downTime=413390, deviceId=-1, source=0x101 }
D/InputEventConsistencyVerifier( 1149):   -- recent events --
D/InputEventConsistencyVerifier( 1149):   1: sent at 413151000000, (unhandled) MotionEvent { action=ACTION_UP, id[0]=0, x[0]=40.0, y[0]=-66.0, toolType[0]=TOOL_TYPE_UNKNOWN, buttonState=0, metaState=0, flags=0x0, edgeFlags=0x0, pointerCount=1, historySize=0, eventTime=413151, downTime=413126, deviceId=0, source=0x1002 }
D/InputEventConsistencyVerifier( 1149):   2: sent at 413127000000, MotionEvent { action=ACTION_DOWN, id[0]=0, x[0]=40.0, y[0]=-60.0, toolType[0]=TOOL_TYPE_UNKNOWN, buttonState=0, metaState=0, flags=0x0, edgeFlags=0x0, pointerCount=1, historySize=0, eventTime=413127, downTime=413126, deviceId=0, source=0x1002 }
D/InputEventConsistencyVerifier( 1149):   3: sent at 412954000000, (unhandled) KeyEvent { action=ACTION_UP, keyCode=KEYCODE_DPAD_DOWN, scanCode=0, metaState=0, flags=0x8, repeatCount=0, eventTime=412954, downTime=412954, deviceId=-1, source=0x101 }
D/InputEventConsistencyVerifier( 1149):   4: sent at 412939000000, (unhandled) KeyEvent { action=ACTION_DOWN, keyCode=KEYCODE_DPAD_DOWN, scanCode=0, metaState=0, flags=0x8, repeatCount=0, eventTime=412939, downTime=412939, deviceId=-1, source=0x101 }
D/InputEventConsistencyVerifier( 1149):   5: sent at 412878000000, (unhandled) KeyEvent { action=ACTION_UP, keyCode=KEYCODE_DPAD_UP, scanCode=0, metaState=0, flags=0x8, repeatCount=0, eventTime=412878, downTime=412878, deviceId=-1, source=0x101 }
I/Choreographer( 1149): Skipped 69 frames!  The application may be doing too much work on its main thread.
D/InputEventConsistencyVerifier( 1149): KeyEvent: ACTION_UP but key was not down.
D/InputEventConsistencyVerifier( 1149):   in android.view.ViewRootImpl@b3e55520
D/InputEventConsistencyVerifier( 1149):   0: sent at 413951000000, KeyEvent { action=ACTION_UP, keyCode=KEYCODE_LANGUAGE_SWITCH, scanCode=0, metaState=0, flags=0x8, repeatCount=0, eventTime=413951, downTime=413951, deviceId=-1, source=0x101 }
D/InputEventConsistencyVerifier( 1149):   -- recent events --
D/InputEventConsistencyVerifier( 1149):   1: sent at 413902000000, MotionEvent { action=ACTION_UP, id[0]=0, x[0]=20.0, y[0]=56.0, toolType[0]=TOOL_TYPE_UNKNOWN, buttonState=0, metaState=0, flags=0x0, edgeFlags=0x0, pointerCount=1, historySize=0, eventTime=413902, downTime=413866, deviceId=0, source=0x1002 }
D/InputEventConsistencyVerifier( 1149):   2: sent at 413867000000, MotionEvent { action=ACTION_DOWN, id[0]=0, x[0]=34.0, y[0]=60.0, toolType[0]=TOOL_TYPE_UNKNOWN, buttonState=0, metaState=0, flags=0x0, edgeFlags=0x0, pointerCount=1, historySize=0, eventTime=413867, downTime=413866, deviceId=0, source=0x1002 }
D/InputEventConsistencyVerifier( 1149):   3: sent at 412686000000, KeyEvent { action=ACTION_UP, keyCode=KEYCODE_MENU, scanCode=0, metaState=0, flags=0x8, repeatCount=0, eventTime=412686, downTime=412686, deviceId=-1, source=0x101 }
D/InputEventConsistencyVerifier( 1149):   4: sent at 412320000000, KeyEvent { action=ACTION_DOWN, keyCode=KEYCODE_MENU, scanCode=0, metaState=0, flags=0x8, repeatCount=0, eventTime=412320, downTime=412320, deviceId=-1, source=0x101 }
D/InputEventConsistencyVerifier( 1149):   5: sent at 412682000000, KeyEvent { action=ACTION_UP, keyCode=KEYCODE_DPAD_CENTER, scanCode=0, metaState=0, flags=0x400, repeatCount=0, eventTime=412682, downTime=412682, deviceId=-1, source=0x101 }
I/Choreographer( 1149): Skipped 119 frames!  The application may be doing too much work on its main thread.
W/InputMethodManagerService(  258): Window already focused, ignoring focus gain of: com.android.internal.view.IInputMethodClient$Stub$Proxy@b4132a60 attribute=null
I/InputDispatcher(  258): Window 'Window{b3faac50 com.ninepvi.shield/com.ninepvi.shield.MainActivity paused=false}' spent 2101.8ms processing the last input event: KeyEvent(action=1, deviceId=-1, source=0x00000101)
I/Choreographer( 1149): Skipped 501 frames!  The application may be doing too much work on its main thread.
I/ActivityManager(  258): START {act=android.intent.action.MAIN cat=[android.intent.category.LAUNCHER] flg=0x10200000 cmp=com.ninepvi.shield/.MainActivity u=0} from pid 1126
D/InputEventConsistencyVerifier( 1149): KeyEvent: ACTION_UP but key was not down.
D/InputEventConsistencyVerifier( 1149):   in android.view.ViewRootImpl@b3f90a18
D/InputEventConsistencyVerifier( 1149):   0: sent at 418467000000, KeyEvent { action=ACTION_UP, keyCode=KEYCODE_DPAD_RIGHT, scanCode=0, metaState=0, flags=0x8, repeatCount=0, eventTime=418467, downTime=418467, deviceId=-1, source=0x101 }
I/Choreographer( 1149): Skipped 555 frames!  The application may be doing too much work on its main thread.
D/InputEventConsistencyVerifier( 1149): TrackballEvent: Trackball is down but pressure is not greater than 0.
D/InputEventConsistencyVerifier( 1149):   in android.view.ViewRootImpl@b3f90a18
D/InputEventConsistencyVerifier( 1149):   0: sent at 419949000000, MotionEvent { action=ACTION_DOWN, id[0]=0, x[0]=0.0, y[0]=0.0, toolType[0]=TOOL_TYPE_UNKNOWN, buttonState=0, metaState=0, flags=0x0, edgeFlags=0x0, pointerCount=1, historySize=0, eventTime=419949, downTime=419868, deviceId=0, source=0x10004 }
D/InputEventConsistencyVerifier( 1149):   -- recent events --
D/InputEventConsistencyVerifier( 1149):   1: sent at 420124000000, KeyEvent { action=ACTION_UP, keyCode=KEYCODE_DPAD_LEFT, scanCode=0, metaState=0, flags=0x400, repeatCount=0, eventTime=420124, downTime=420124, deviceId=-1, source=0x101 }
D/InputEventConsistencyVerifier( 1149):   2: sent at 420124000000, KeyEvent { action=ACTION_DOWN, keyCode=KEYCODE_DPAD_LEFT, scanCode=0, metaState=0, flags=0x400, repeatCount=0, eventTime=420124, downTime=420124, deviceId=-1, source=0x101 }
D/InputEventConsistencyVerifier( 1149):   3: sent at 420122000000, KeyEvent { action=ACTION_UP, keyCode=KEYCODE_DPAD_LEFT, scanCode=0, metaState=0, flags=0x400, repeatCount=0, eventTime=420122, downTime=420122, deviceId=-1, source=0x101 }
D/InputEventConsistencyVerifier( 1149):   4: sent at 420122000000, KeyEvent { action=ACTION_DOWN, keyCode=KEYCODE_DPAD_LEFT, scanCode=0, metaState=0, flags=0x400, repeatCount=0, eventTime=420122, downTime=420122, deviceId=-1, source=0x101 }
D/InputEventConsistencyVerifier( 1149):   5: sent at 419945000000, MotionEvent { action=ACTION_MOVE, id[0]=0, x[0]=-2.0, y[0]=1.0, toolType[0]=TOOL_TYPE_UNKNOWN, buttonState=0, metaState=0, flags=0x0, edgeFlags=0x0, pointerCount=1, historySize=9, eventTime=419945, downTime=-1, deviceId=0, source=0x10004 }
D/AndroidRuntime( 1149): Shutting down VM
W/dalvikvm( 1149): threadid=1: thread exiting with uncaught exception (group=0xb35e5e20)
E/AndroidRuntime( 1149): FATAL EXCEPTION: main
E/AndroidRuntime( 1149): java.lang.NullPointerException
E/AndroidRuntime( 1149): 	at com.ninepvi.shield.MainActivity.e(Unknown Source)
E/AndroidRuntime( 1149): 	at com.ninepvi.shield.MainActivity.b(Unknown Source)
E/AndroidRuntime( 1149): 	at bi.handleMessage(Unknown Source)
E/AndroidRuntime( 1149): 	at android.os.Handler.dispatchMessage(Handler.java:99)
E/AndroidRuntime( 1149): 	at android.os.Looper.loop(Looper.java:137)
E/AndroidRuntime( 1149): 	at android.app.ActivityThread.main(ActivityThread.java:4745)
E/AndroidRuntime( 1149): 	at java.lang.reflect.Method.invokeNative(Native Method)
E/AndroidRuntime( 1149): 	at java.lang.reflect.Method.invoke(Method.java:511)
E/AndroidRuntime( 1149): 	at com.android.internal.os.ZygoteInit$MethodAndArgsCaller.run(ZygoteInit.java:786)
E/AndroidRuntime( 1149): 	at com.android.internal.os.ZygoteInit.main(ZygoteInit.java:553)
E/AndroidRuntime( 1149): 	at dalvik.system.NativeStart.main(Native Method)
W/ActivityManager(  258):   Force finishing activity com.ninepvi.shield/.MainActivity
W/WindowManager(  258): Failure taking screenshot for (246x410) to layer 21015
I/Process ( 1149): Sending signal. PID: 1149 SIG: 9
W/InputDispatcher(  258): channel 'b3faac50 com.ninepvi.shield/com.ninepvi.shield.MainActivity (server)' ~ Consumer closed input channel or an error occurred.  events=0x9
E/InputDispatcher(  258): channel 'b3faac50 com.ninepvi.shield/com.ninepvi.shield.MainActivity (server)' ~ Channel is unrecoverably broken and will be disposed!
W/InputDispatcher(  258): Attempted to unregister already unregistered input channel 'b3faac50 com.ninepvi.shield/com.ninepvi.shield.MainActivity (server)'
I/WindowManager(  258): WINDOW DIED Window{b3faac50 com.ninepvi.shield/com.ninepvi.shield.MainActivity paused=true}
I/qtaguid (  258): Failed write_ctrl(s 0 10050) res=-1 errno=1
I/ActivityManager(  258): Process com.ninepvi.shield (pid 1149) has died.
W/NetworkManagementSocketTagger(  258): setKernelCountSet(10050, 0) failed with errno -1
I/WindowState(  258): WIN DEATH: Window{b3faac50 com.ninepvi.shield/com.ninepvi.shield.MainActivity paused=true}
W/InputDispatcher(  258): channel 'b3f218d8 正在加载... (server)' ~ Consumer closed input channel or an error occurred.  events=0x9
E/InputDispatcher(  258): channel 'b3f218d8 正在加载... (server)' ~ Channel is unrecoverably broken and will be disposed!
W/InputDispatcher(  258): Attempted to unregister already unregistered input channel 'b3f218d8 正在加载... (server)'
I/WindowState(  258): WIN DEATH: Window{b3f218d8 正在加载... paused=true}
I/WindowManager(  258): WINDOW DIED Window{b3f218d8 正在加载... paused=true}
I/qtaguid (  258): Failed write_ctrl(s 1 10019) res=-1 errno=1
W/NetworkManagementSocketTagger(  258): setKernelCountSet(10019, 1) failed with errno -1
W/InputMethodManagerService(  258): Got RemoteException sending setActive(false) notification to pid 1149 uid 10050
I/AndroidRuntime( 1126): VM exiting with result code 4094.
I/Choreographer(  735): Skipped 42 frames!  The application may be doing too much work on its main thread.
I/Choreographer(  735): Skipped 45 frames!  The application may be doing too much work on its main thread.
I/AudioService(  258):  AudioFocus  abandonAudioFocus() from android.media.AudioManager@b3e97840com.android.music.MediaPlaybackService$3@b3e973e0
V/MusicFXControlPanelReceiver( 1084): onReceive
V/MusicFXControlPanelReceiver( 1084): Action: android.media.action.CLOSE_AUDIO_EFFECT_CONTROL_SESSION
V/MusicFXControlPanelReceiver( 1084): Package name: com.android.music
V/MusicFXControlPanelReceiver( 1084): Audio session: 115
V/MusicFXControlPanelEffect( 1084): closeSession(android.app.ReceiverRestrictedContext@b3e4d558, com.android.music, 115)
