W/InputMethodManagerService(  258): Window already focused, ignoring focus gain of: com.android.internal.view.IInputMethodClient$Stub$Proxy@b3f0c8f0 attribute=android.view.inputmethod.EditorInfo@b3f0c908
D/InputEventConsistencyVerifier( 1149): KeyEvent: ACTION_UP but key was not down.
D/InputEventConsistencyVerifier( 1149):   in android.view.ViewRootImpl@b3e55520
D/InputEventConsistencyVerifier( 1149):   0: sent at 386478000000, KeyEvent { action=ACTION_UP, keyCode=KEYCODE_DPAD_DOWN, scanCode=0, metaState=0, flags=0x8, repeatCount=0, eventTime=386478, downTime=386478, deviceId=-1, source=0x101 }
D/InputEventConsistencyVerifier( 1149):   -- recent events --
D/InputEventConsistencyVerifier( 1149):   1: sent at 385498000000, MotionEvent { action=ACTION_UP, id[0]=0, x[0]=368.0, y[0]=124.0, toolType[0]=TOOL_TYPE_UNKNOWN, buttonState=0, metaState=0, flags=0x0, edgeFlags=0x0, pointerCount=1, historySize=0, eventTime=385498, downTime=385415, deviceId=0, source=0x1002 }
D/InputEventConsistencyVerifier( 1149):   2: sent at 385491000000, MotionEvent { action=ACTION_MOVE, id[0]=0, x[0]=359.0, y[0]=130.0, toolType[0]=TOOL_TYPE_UNKNOWN, buttonState=0, metaState=0, flags=0x0, edgeFlags=0x0, pointerCount=1, historySize=4, eventTime=385491, downTime=385415, deviceId=0, source=0x1002 }
D/InputEventConsistencyVerifier( 1149):   3: sent at 385417000000, MotionEvent { action=ACTION_DOWN, id[0]=0, x[0]=343.0, y[0]=172.0, toolType[0]=TOOL_TYPE_UNKNOWN, buttonState=0, metaState=0, flags=0x0, edgeFlags=0x0, pointerCount=1, historySize=0, eventTime=385417, downTime=385415, deviceId=0, source=0x1002 }
D/InputEventConsistencyVerifier( 1149):   4: sent at 385028000000, KeyEvent { action=ACTION_UP, keyCode=KEYCODE_MENU, scanCode=0, metaState=0, flags=0x8, repeatCount=0, eventTime=385028, downTime=385028, deviceId=-1, source=0x101 }
D/InputEventConsistencyVerifier( 1149):   5: sent at 385010000000, KeyEvent { action=ACTION_DOWN, keyCode=KEYCODE_MENU, scanCode=0, metaState=0, flags=0x8, repeatCount=0, eventTime=385010, downTime=385010, deviceId=-1, source=0x101 }
D/InputEventConsistencyVerifier( 1149): KeyEvent: ACTION_UP but key was not down.
D/InputEventConsistencyVerifier( 1149):   in com.android.internal.policy.impl.PhoneWindow$DecorView@b3e52e70
D/InputEventConsistencyVerifier( 1149):   0: sent at 386876000000, KeyEvent { action=ACTION_UP, keyCode=KEYCODE_DPAD_CENTER, scanCode=0, metaState=0, flags=0x8, repeatCount=0, eventTime=386876, downTime=386876, deviceId=-1, source=0x101 }
D/InputEventConsistencyVerifier( 1149):   -- recent events --
D/InputEventConsistencyVerifier( 1149):   1: sent at 386478000000, (unhandled) KeyEvent { action=ACTION_UP, keyCode=KEYCODE_DPAD_DOWN, scanCode=0, metaState=0, flags=0x80000008, repeatCount=0, eventTime=386478, downTime=386478, deviceId=-1, source=0x101 }
D/InputEventConsistencyVerifier( 1149):   2: sent at 385498000000, MotionEvent { action=ACTION_UP, id[0]=0, x[0]=245.33334, y[0]=82.66667, toolType[0]=TOOL_TYPE_UNKNOWN, buttonState=0, metaState=0, flags=0x0, edgeFlags=0x0, pointerCount=1, historySize=0, eventTime=385498, downTime=385415, deviceId=0, source=0x1002 }
D/InputEventConsistencyVerifier( 1149):   3: sent at 385491000000, MotionEvent { action=ACTION_MOVE, id[0]=0, x[0]=239.33334, y[0]=86.66667, toolType[0]=TOOL_TYPE_UNKNOWN, buttonState=0, metaState=0, flags=0x0, edgeFlags=0x0, pointerCount=1, historySize=4, eventTime=385491, downTime=385415, deviceId=0, source=0x1002 }
D/InputEventConsistencyVerifier( 1149):   4: sent at 385417000000, MotionEvent { action=ACTION_DOWN, id[0]=0, x[0]=228.66667, y[0]=114.66667, toolType[0]=TOOL_TYPE_UNKNOWN, buttonState=0, metaState=0, flags=0x0, edgeFlags=0x0, pointerCount=1, historySize=0, eventTime=385417, downTime=385415, deviceId=0, source=0x1002 }
D/InputEventConsistencyVerifier( 1149):   5: sent at 385028000000, (unhandled) KeyEvent { action=ACTION_UP, keyCode=KEYCODE_MENU, scanCode=0, metaState=0, flags=0x8, repeatCount=0, eventTime=385028, downTime=385028, deviceId=-1, source=0x101 }
E/WVMExtractor(   61): Failed to open libwvm.so
E/MetadataRetrieverClient(   61): failed to extract an album art
E/WVMExtractor(   61): Failed to open libwvm.so
D/InputEventConsistencyVerifier( 1149): KeyEvent: ACTION_UP but key was not down.
D/InputEventConsistencyVerifier( 1149):   in com.android.internal.policy.impl.PhoneWindow$DecorView@b3f49758
D/InputEventConsistencyVerifier( 1149):   0: sent at 388478000000, KeyEvent { action=ACTION_UP, keyCode=KEYCODE_DPAD_UP, scanCode=0, metaState=0, flags=0x8, repeatCount=0, eventTime=388478, downTime=388478, deviceId=-1, source=0x101 }
D/InputEventConsistencyVerifier( 1149):   -- recent events --
D/InputEventConsistencyVerifier( 1149):   1: sent at 388394000000, (unhandled) KeyEvent { action=ACTION_UP, keyCode=KEYCODE_L, scanCode=0, metaState=0, flags=0x8, repeatCount=0, eventTime=388394, downTime=388394, deviceId=-1, source=0x101 }
D/InputEventConsistencyVerifier( 1149):   2: sent at 388311000000, (unhandled) KeyEvent { action=ACTION_DOWN, keyCode=KEYCODE_L, scanCode=0, metaState=0, flags=0x8, repeatCount=0, eventTime=388311, downTime=388311, deviceId=-1, source=0x101 }
D/InputEventConsistencyVerifier( 1149):   3: sent at 386068000000, (unhandled) MotionEvent { action=ACTION_UP, id[0]=0, x[0]=130.66667, y[0]=-200.0, toolType[0]=TOOL_TYPE_UNKNOWN, buttonState=0, metaState=0, flags=0x0, edgeFlags=0x0, pointerCount=1, historySize=0, eventTime=386068, downTime=386045, deviceId=0, source=0x1002 }
D/InputEventConsistencyVerifier( 1149):   4: sent at 386045000000, MotionEvent { action=ACTION_DOWN, id[0]=0, x[0]=125.333336, y[0]=-198.0, toolType[0]=TOOL_TYPE_UNKNOWN, buttonState=0, metaState=0, flags=0x0, edgeFlags=0x0, pointerCount=1, historySize=0, eventTime=386045, downTime=386045, deviceId=0, source=0x1002 }
D/InputEventConsistencyVerifier( 1149):   5: sent at 386035000000, (unhandled) KeyEvent { action=ACTION_UP, keyCode=KEYCODE_DPAD_UP, scanCode=0, metaState=0, flags=0x400, repeatCount=0, eventTime=386035, downTime=386035, deviceId=-1, source=0x101 }
D/InputEventConsistencyVerifier( 1149): KeyEvent: ACTION_UP but key was not down.
D/InputEventConsistencyVerifier( 1149):   in com.android.internal.policy.impl.PhoneWindow$DecorView@b3f49758
D/InputEventConsistencyVerifier( 1149):   0: sent at 388677000000, KeyEvent { action=ACTION_UP, keyCode=KEYCODE_DPAD_UP, scanCode=0, metaState=0, flags=0x8, repeatCount=0, eventTime=388677, downTime=388677, deviceId=-1, source=0x101 }
D/InputEventConsistencyVerifier( 1149):   -- recent events --
D/InputEventConsistencyVerifier( 1149):   1: sent at 388478000000, (unhandled) KeyEvent { action=ACTION_UP, keyCode=KEYCODE_DPAD_UP, scanCode=0, metaState=0, flags=0x80000008, repeatCount=0, eventTime=388478, downTime=388478, deviceId=-1, source=0x101 }
D/InputEventConsistencyVerifier( 1149):   2: sent at 388394000000, (unhandled) KeyEvent { action=ACTION_UP, keyCode=KEYCODE_L, scanCode=0, metaState=0, flags=0x8, repeatCount=0, eventTime=388394, downTime=388394, deviceId=-1, source=0x101 }
D/InputEventConsistencyVerifier( 1149):   3: sent at 388311000000, (unhandled) KeyEvent { action=ACTION_DOWN, keyCode=KEYCODE_L, scanCode=0, metaState=0, flags=0x8, repeatCount=0, eventTime=388311, downTime=388311, deviceId=-1, source=0x101 }
D/InputEventConsistencyVerifier( 1149):   4: sent at 386068000000, (unhandled) MotionEvent { action=ACTION_UP, id[0]=0, x[0]=130.66667, y[0]=-200.0, toolType[0]=TOOL_TYPE_UNKNOWN, buttonState=0, metaState=0, flags=0x0, edgeFlags=0x0, pointerCount=1, historySize=0, eventTime=386068, downTime=386045, deviceId=0, source=0x1002 }
D/InputEventConsistencyVerifier( 1149):   5: sent at 386045000000, MotionEvent { action=ACTION_DOWN, id[0]=0, x[0]=125.333336, y[0]=-198.0, toolType[0]=TOOL_TYPE_UNKNOWN, buttonState=0, metaState=0, flags=0x0, edgeFlags=0x0, pointerCount=1, historySize=0, eventTime=386045, downTime=386045, deviceId=0, source=0x1002 }
I/Choreographer( 1149): Skipped 36 frames!  The application may be doing too much work on its main thread.
E/MetadataRetrieverClient(   61): failed to extract an album art
D/InputEventConsistencyVerifier( 1149): KeyEvent: ACTION_UP but key was not down.
D/InputEventConsistencyVerifier( 1149):   in com.android.internal.view.menu.IconMenuItemView@b4000cb8
D/InputEventConsistencyVerifier( 1149):   0: sent at 389208000000, KeyEvent { action=ACTION_UP, keyCode=KEYCODE_NUMPAD_2, scanCode=0, metaState=0, flags=0x8, repeatCount=0, eventTime=389208, downTime=389208, deviceId=-1, source=0x101 }
D/InputEventConsistencyVerifier( 1149):   -- recent events --
D/InputEventConsistencyVerifier( 1149):   1: sent at 388677000000, (unhandled) KeyEvent { action=ACTION_UP, keyCode=KEYCODE_DPAD_UP, scanCode=0, metaState=0, flags=0x80000008, repeatCount=0, eventTime=388677, downTime=388677, deviceId=-1, source=0x101 }
D/InputEventConsistencyVerifier( 1149):   2: sent at 388478000000, (unhandled) KeyEvent { action=ACTION_UP, keyCode=KEYCODE_DPAD_UP, scanCode=0, metaState=0, flags=0x80000008, repeatCount=0, eventTime=388478, downTime=388478, deviceId=-1, source=0x101 }
D/InputEventConsistencyVerifier( 1149):   3: sent at 386035000000, (unhandled) KeyEvent { action=ACTION_UP, keyCode=KEYCODE_DPAD_UP, scanCode=0, metaState=0, flags=0x400, repeatCount=0, eventTime=386035, downTime=386035, deviceId=-1, source=0x101 }
D/InputEventConsistencyVerifier( 1149):   4: sent at 386035000000, (unhandled) KeyEvent { action=ACTION_DOWN, keyCode=KEYCODE_DPAD_UP, scanCode=0, metaState=0, flags=0x400, repeatCount=0, eventTime=386035, downTime=386035, deviceId=-1, source=0x101 }
D/InputEventConsistencyVerifier( 1149):   5: sent at 386033000000, (unhandled) KeyEvent { action=ACTION_UP, keyCode=KEYCODE_DPAD_UP, scanCode=0, metaState=0, flags=0x80000400, repeatCount=0, eventTime=386033, downTime=386033, deviceId=-1, source=0x101 }
D/InputEventConsistencyVerifier( 1149): KeyEvent: ACTION_UP but key was not down.
D/InputEventConsistencyVerifier( 1149):   in com.android.internal.policy.impl.PhoneWindow$DecorView@b3f49758
D/InputEventConsistencyVerifier( 1149):   0: sent at 389208000000, KeyEvent { action=ACTION_UP, keyCode=KEYCODE_DPAD_DOWN, scanCode=0, metaState=0, flags=0x8, repeatCount=0, eventTime=389208, downTime=389208, deviceId=-1, source=0x101 }
D/InputEventConsistencyVerifier( 1149):   -- recent events --
D/InputEventConsistencyVerifier( 1149):   1: sent at 389208000000, (unhandled) KeyEvent { action=ACTION_UP, keyCode=KEYCODE_NUMPAD_2, scanCode=0, metaState=0, flags=0x8, repeatCount=0, eventTime=389208, downTime=389208, deviceId=-1, source=0x101 }
D/InputEventConsistencyVerifier( 1149):   2: sent at 388972000000, (unhandled) KeyEvent { action=ACTION_DOWN, keyCode=KEYCODE_NUMPAD_2, scanCode=0, metaState=0, flags=0x8, repeatCount=0, eventTime=388972, downTime=388972, deviceId=-1, source=0x101 }
D/InputEventConsistencyVerifier( 1149):   3: sent at 388930000000, (unhandled) MotionEvent { action=ACTION_UP, id[0]=0, x[0]=165.33334, y[0]=15.3333435, toolType[0]=TOOL_TYPE_UNKNOWN, buttonState=0, metaState=0, flags=0x0, edgeFlags=0x0, pointerCount=1, historySize=0, eventTime=388930, downTime=388749, deviceId=0, source=0x1002 }
D/InputEventConsistencyVerifier( 1149):   4: sent at 388900000000, (unhandled) MotionEvent { action=ACTION_MOVE, id[0]=0, x[0]=162.66667, y[0]=14.0, toolType[0]=TOOL_TYPE_UNKNOWN, buttonState=0, metaState=0, flags=0x0, edgeFlags=0x0, pointerCount=1, historySize=8, eventTime=388900, downTime=388749, deviceId=0, source=0x1002 }
D/InputEventConsistencyVerifier( 1149):   5: sent at 388767000000, MotionEvent { action=ACTION_DOWN, id[0]=0, x[0]=151.33334, y[0]=-22.666656, toolType[0]=TOOL_TYPE_UNKNOWN, buttonState=0, metaState=0, flags=0x0, edgeFlags=0x0, pointerCount=1, historySize=0, eventTime=388767, downTime=388749, deviceId=0, source=0x1002 }
I/ActivityManager(  258): No longer want com.android.email (pid 937): hidden #16
I/Choreographer( 1149): Skipped 192 frames!  The application may be doing too much work on its main thread.
D/InputEventConsistencyVerifier( 1149): KeyEvent: ACTION_UP but key was not down.
D/InputEventConsistencyVerifier( 1149):   in com.android.internal.policy.impl.PhoneWindow$DecorView@b3f49758
D/InputEventConsistencyVerifier( 1149):   0: sent at 389794000000, KeyEvent { action=ACTION_UP, keyCode=KEYCODE_DPAD_LEFT, scanCode=0, metaState=0, flags=0x400, repeatCount=0, eventTime=389794, downTime=389794, deviceId=-1, source=0x101 }
D/InputEventConsistencyVerifier( 1149):   -- recent events --
D/InputEventConsistencyVerifier( 1149):   1: sent at 389416000000, (unhandled) MotionEvent { action=ACTION_MOVE, id[0]=0, x[0]=-2.0, y[0]=1.0, toolType[0]=TOOL_TYPE_UNKNOWN, buttonState=0, metaState=0, flags=0x0, edgeFlags=0x0, pointerCount=1, historySize=9, eventTime=389416, downTime=-1, deviceId=0, source=0x10004 }
D/InputEventConsistencyVerifier( 1149):   2: sent at 389452000000, (unhandled) MotionEvent { action=ACTION_UP, id[0]=0, x[0]=57.333336, y[0]=-320.6667, toolType[0]=TOOL_TYPE_UNKNOWN, buttonState=0, metaState=0, flags=0x0, edgeFlags=0x0, pointerCount=1, historySize=0, eventTime=389452, downTime=389433, deviceId=0, source=0x1002 }
D/InputEventConsistencyVerifier( 1149):   3: sent at 389433000000, MotionEvent { action=ACTION_DOWN, id[0]=0, x[0]=58.0, y[0]=-321.33334, toolType[0]=TOOL_TYPE_UNKNOWN, buttonState=0, metaState=0, flags=0x0, edgeFlags=0x0, pointerCount=1, historySize=0, eventTime=389433, downTime=389433, deviceId=0, source=0x1002 }
D/InputEventConsistencyVerifier( 1149):   4: sent at 389329000000, (unhandled) KeyEvent { action=ACTION_UP, keyCode=KEYCODE_DPAD_CENTER, scanCode=0, metaState=0, flags=0x8, repeatCount=0, eventTime=389329, downTime=389329, deviceId=-1, source=0x101 }
D/InputEventConsistencyVerifier( 1149):   5: sent at 389270000000, KeyEvent { action=ACTION_DOWN, keyCode=KEYCODE_DPAD_CENTER, scanCode=0, metaState=0, flags=0x8, repeatCount=0, eventTime=389270, downTime=389270, deviceId=-1, source=0x101 }
D/InputEventConsistencyVerifier( 1149): KeyEvent: ACTION_UP but key was not down.
D/InputEventConsistencyVerifier( 1149):   in android.widget.LinearLayout@b4003fd8
D/InputEventConsistencyVerifier( 1149):   0: sent at 390016000000, KeyEvent { action=ACTION_UP, keyCode=KEYCODE_DPAD_DOWN, scanCode=0, metaState=0, flags=0x8, repeatCount=0, eventTime=390016, downTime=390016, deviceId=-1, source=0x101 }
W/DroidBox( 1195): DroidBox: { "ServiceStart": { "name": "com.android.music.MediaPlaybackService" } }
W/DroidBox( 1195): DroidBox: { "ServiceStart": { "name": "com.android.music.MediaPlaybackService" } }
D/InputEventConsistencyVerifier( 1149): KeyEvent: ACTION_UP but key was not down.
D/InputEventConsistencyVerifier( 1149):   in com.android.internal.policy.impl.PhoneWindow$DecorView@b401ae90
D/InputEventConsistencyVerifier( 1149):   0: sent at 390701000000, KeyEvent { action=ACTION_UP, keyCode=KEYCODE_DPAD_DOWN, scanCode=0, metaState=0, flags=0x8, repeatCount=0, eventTime=390701, downTime=390701, deviceId=-1, source=0x101 }
D/InputEventConsistencyVerifier( 1149):   -- recent events --
D/InputEventConsistencyVerifier( 1149):   1: sent at 390556000000, MotionEvent { action=ACTION_UP, id[0]=0, x[0]=280.6667, y[0]=166.66667, toolType[0]=TOOL_TYPE_UNKNOWN, buttonState=0, metaState=0, flags=0x0, edgeFlags=0x0, pointerCount=1, historySize=0, eventTime=390556, downTime=390537, deviceId=0, source=0x1002 }
D/InputEventConsistencyVerifier( 1149):   2: sent at 390537000000, MotionEvent { action=ACTION_DOWN, id[0]=0, x[0]=280.6667, y[0]=174.00002, toolType[0]=TOOL_TYPE_UNKNOWN, buttonState=0, metaState=0, flags=0x0, edgeFlags=0x0, pointerCount=1, historySize=0, eventTime=390537, downTime=390537, deviceId=0, source=0x1002 }
D/InputEventConsistencyVerifier( 1149):   3: sent at 390426000000, (unhandled) KeyEvent { action=ACTION_UP, keyCode=KEYCODE_MEDIA_PLAY_PAUSE, scanCode=0, metaState=0, flags=0x8, repeatCount=0, eventTime=390426, downTime=390426, deviceId=-1, source=0x101 }
D/InputEventConsistencyVerifier( 1149):   4: sent at 390262000000, (unhandled) KeyEvent { action=ACTION_DOWN, keyCode=KEYCODE_MEDIA_PLAY_PAUSE, scanCode=0, metaState=0, flags=0x8, repeatCount=0, eventTime=390262, downTime=390262, deviceId=-1, source=0x101 }
D/InputEventConsistencyVerifier( 1149):   5: sent at 390251000000, (unhandled) MotionEvent { action=ACTION_UP, id[0]=0, x[0]=172.66667, y[0]=-3.333334, toolType[0]=TOOL_TYPE_UNKNOWN, buttonState=0, metaState=0, flags=0x0, edgeFlags=0x0, pointerCount=1, historySize=0, eventTime=390251, downTime=390242, deviceId=0, source=0x1002 }
I/Choreographer( 1149): Skipped 226 frames!  The application may be doing too much work on its main thread.
I/AudioService(  258):   Remote Control   registerMediaButtonIntent() for PendingIntent{b3f10628: PendingIntentRecord{b4239b50 com.android.music broadcastIntent}}
I/AudioService(  258):  AudioFocus  requestAudioFocus() from android.media.AudioManager@b3e97840com.android.music.MediaPlaybackService$3@b3e973e0
I/AudioService(  258):   Remote Control   registerMediaButtonIntent() for PendingIntent{b40c8128: PendingIntentRecord{b4239b50 com.android.music broadcastIntent}}
D/InputEventConsistencyVerifier( 1149): KeyEvent: ACTION_UP but key was not down.
D/InputEventConsistencyVerifier( 1149):   in com.android.internal.policy.impl.PhoneWindow$DecorView@b401ae90
D/InputEventConsistencyVerifier( 1149):   0: sent at 392257000000, KeyEvent { action=ACTION_UP, keyCode=KEYCODE_DPAD_UP, scanCode=0, metaState=0, flags=0x8, repeatCount=0, eventTime=392257, downTime=392257, deviceId=-1, source=0x101 }
D/InputEventConsistencyVerifier( 1149):   -- recent events --
D/InputEventConsistencyVerifier( 1149):   1: sent at 391232000000, MotionEvent { action=ACTION_UP, id[0]=0, x[0]=85.333336, y[0]=208.00002, toolType[0]=TOOL_TYPE_UNKNOWN, buttonState=0, metaState=0, flags=0x0, edgeFlags=0x0, pointerCount=1, historySize=0, eventTime=391232, downTime=391191, deviceId=0, source=0x1002 }
D/InputEventConsistencyVerifier( 1149):   2: sent at 391205000000, MotionEvent { action=ACTION_DOWN, id[0]=0, x[0]=91.333336, y[0]=198.00002, toolType[0]=TOOL_TYPE_UNKNOWN, buttonState=0, metaState=0, flags=0x0, edgeFlags=0x0, pointerCount=1, historySize=0, eventTime=391205, downTime=391191, deviceId=0, source=0x1002 }
D/InputEventConsistencyVerifier( 1149):   3: sent at 391100000000, MotionEvent { action=ACTION_UP, id[0]=0, x[0]=139.33334, y[0]=219.33334, toolType[0]=TOOL_TYPE_UNKNOWN, buttonState=0, metaState=0, flags=0x0, edgeFlags=0x0, pointerCount=1, historySize=0, eventTime=391100, downTime=391080, deviceId=0, source=0x1002 }
D/InputEventConsistencyVerifier( 1149):   4: sent at 391090000000, MotionEvent { action=ACTION_MOVE, id[0]=0, x[0]=129.33334, y[0]=217.33334, toolType[0]=TOOL_TYPE_UNKNOWN, buttonState=0, metaState=0, flags=0x0, edgeFlags=0x0, pointerCount=1, historySize=0, eventTime=391090, downTime=391080, deviceId=0, source=0x1002 }
D/InputEventConsistencyVerifier( 1149):   5: sent at 391082000000, MotionEvent { action=ACTION_DOWN, id[0]=0, x[0]=122.66667, y[0]=202.66667, toolType[0]=TOOL_TYPE_UNKNOWN, buttonState=0, metaState=0, flags=0x0, edgeFlags=0x0, pointerCount=1, historySize=0, eventTime=391082, downTime=391080, deviceId=0, source=0x1002 }
I/Choreographer( 1149): Skipped 197 frames!  The application may be doing too much work on its main thread.
D/InputEventConsistencyVerifier( 1149): KeyEvent: ACTION_UP but key was not down.
D/InputEventConsistencyVerifier( 1149):   in android.widget.LinearLayout@b4003fd8
D/InputEventConsistencyVerifier( 1149):   0: sent at 392977000000, KeyEvent { action=ACTION_UP, keyCode=KEYCODE_DPAD_DOWN, scanCode=0, metaState=0, flags=0x400, repeatCount=0, eventTime=392977, downTime=392977, deviceId=-1, source=0x101 }
D/InputEventConsistencyVerifier( 1149):   -- recent events --
D/InputEventConsistencyVerifier( 1149):   1: sent at 390218000000, (unhandled) KeyEvent { action=ACTION_UP, keyCode=KEYCODE_MENU, scanCode=0, metaState=0, flags=0x8, repeatCount=0, eventTime=390218, downTime=390218, deviceId=-1, source=0x101 }
D/InputEventConsistencyVerifier( 1149):   2: sent at 390206000000, (unhandled) KeyEvent { action=ACTION_DOWN, keyCode=KEYCODE_MENU, scanCode=0, metaState=0, flags=0x8, repeatCount=0, eventTime=390206, downTime=390206, deviceId=-1, source=0x101 }
D/InputEventConsistencyVerifier( 1149):   3: sent at 390195000000, (unhandled) KeyEvent { action=ACTION_UP, keyCode=KEYCODE_DPAD_DOWN, scanCode=0, metaState=0, flags=0x8, repeatCount=0, eventTime=390195, downTime=390195, deviceId=-1, source=0x101 }
D/InputEventConsistencyVerifier( 1149):   4: sent at 390185000000, (unhandled) KeyEvent { action=ACTION_DOWN, keyCode=KEYCODE_DPAD_DOWN, scanCode=0, metaState=0, flags=0x8, repeatCount=0, eventTime=390185, downTime=390185, deviceId=-1, source=0x101 }
D/InputEventConsistencyVerifier( 1149):   5: sent at 390174000000, (unhandled) KeyEvent { action=ACTION_UP, keyCode=KEYCODE_DPAD_DOWN, scanCode=0, metaState=0, flags=0x8, repeatCount=0, eventTime=390174, downTime=390174, deviceId=-1, source=0x101 }
D/InputEventConsistencyVerifier( 1149): TrackballEvent: Trackball is down but pressure is not greater than 0.
D/InputEventConsistencyVerifier( 1149):   in android.view.ViewRootImpl@b3ef69a8
D/InputEventConsistencyVerifier( 1149):   0: sent at 392960000000, MotionEvent { action=ACTION_DOWN, id[0]=0, x[0]=0.0, y[0]=0.0, toolType[0]=TOOL_TYPE_UNKNOWN, buttonState=0, metaState=0, flags=0x0, edgeFlags=0x0, pointerCount=1, historySize=0, eventTime=392960, downTime=392839, deviceId=0, source=0x10004 }
D/InputEventConsistencyVerifier( 1149):   -- recent events --
D/InputEventConsistencyVerifier( 1149):   1: sent at 392986000000, KeyEvent { action=ACTION_UP, keyCode=KEYCODE_DPAD_DOWN, scanCode=0, metaState=0, flags=0x400, repeatCount=0, eventTime=392986, downTime=392986, deviceId=-1, source=0x101 }
D/InputEventConsistencyVerifier( 1149):   2: sent at 392986000000, KeyEvent { action=ACTION_DOWN, keyCode=KEYCODE_DPAD_DOWN, scanCode=0, metaState=0, flags=0x400, repeatCount=0, eventTime=392986, downTime=392986, deviceId=-1, source=0x101 }
D/InputEventConsistencyVerifier( 1149):   3: sent at 392980000000, KeyEvent { action=ACTION_UP, keyCode=KEYCODE_DPAD_DOWN, scanCode=0, metaState=0, flags=0x400, repeatCount=0, eventTime=392980, downTime=392980, deviceId=-1, source=0x101 }
D/InputEventConsistencyVerifier( 1149):   4: sent at 392980000000, KeyEvent { action=ACTION_DOWN, keyCode=KEYCODE_DPAD_DOWN, scanCode=0, metaState=0, flags=0x400, repeatCount=0, eventTime=392980, downTime=392980, deviceId=-1, source=0x101 }
D/InputEventConsistencyVerifier( 1149):   5: sent at 392979000000, KeyEvent { action=ACTION_UP, keyCode=KEYCODE_DPAD_DOWN, scanCode=0, metaState=0, flags=0x400, repeatCount=0, eventTime=392979, downTime=392979, deviceId=-1, source=0x101 }
W/dalvikvm(  258): DroidBox: { "FdAccess": { "path": "2f70726f632f313331332f636d646c696e65", "id": "193515188" } }
W/DroidBox(  258): DroidBox: { "FileRW": { "operation": "read", "data": "636f6d2e616e64726f69642e6d7573696300000000000000000000000000000000000000000000000000000000000000000000000000000000000000000000000000000000000000000000006d6f6e6b65792e7478740000000033636433313638323938", "id": "193515188" } }
D/InputEventConsistencyVerifier( 1149): KeyEvent: ACTION_UP but key was not down.
D/InputEventConsistencyVerifier( 1149):   in com.android.internal.policy.impl.PhoneWindow$DecorView@b401ae90
D/InputEventConsistencyVerifier( 1149):   0: sent at 393667000000, KeyEvent { action=ACTION_UP, keyCode=KEYCODE_DPAD_DOWN, scanCode=0, metaState=0, flags=0x8, repeatCount=0, eventTime=393667, downTime=393667, deviceId=-1, source=0x101 }
D/InputEventConsistencyVerifier( 1149):   -- recent events --
D/InputEventConsistencyVerifier( 1149):   1: sent at 393553000000, MotionEvent { action=ACTION_UP, id[0]=0, x[0]=266.0, y[0]=212.66667, toolType[0]=TOOL_TYPE_UNKNOWN, buttonState=0, metaState=0, flags=0x0, edgeFlags=0x0, pointerCount=1, historySize=0, eventTime=393553, downTime=393482, deviceId=0, source=0x1002 }
D/InputEventConsistencyVerifier( 1149):   2: sent at 393548000000, MotionEvent { action=ACTION_MOVE, id[0]=0, x[0]=263.33334, y[0]=213.33334, toolType[0]=TOOL_TYPE_UNKNOWN, buttonState=0, metaState=0, flags=0x0, edgeFlags=0x0, pointerCount=1, historySize=4, eventTime=393548, downTime=393482, deviceId=0, source=0x1002 }
D/InputEventConsistencyVerifier( 1149):   3: sent at 393485000000, MotionEvent { action=ACTION_DOWN, id[0]=0, x[0]=248.66667, y[0]=231.33334, toolType[0]=TOOL_TYPE_UNKNOWN, buttonState=0, metaState=0, flags=0x0, edgeFlags=0x0, pointerCount=1, historySize=0, eventTime=393485, downTime=393482, deviceId=0, source=0x1002 }
D/InputEventConsistencyVerifier( 1149):   4: sent at 393413000000, (unhandled) KeyEvent { action=ACTION_UP, keyCode=KEYCODE_MENU, scanCode=0, metaState=0, flags=0x8, repeatCount=0, eventTime=393413, downTime=393413, deviceId=-1, source=0x101 }
D/InputEventConsistencyVerifier( 1149):   5: sent at 393236000000, (unhandled) KeyEvent { action=ACTION_DOWN, keyCode=KEYCODE_MENU, scanCode=0, metaState=0, flags=0x8, repeatCount=0, eventTime=393236, downTime=393236, deviceId=-1, source=0x101 }
I/Choreographer( 1149): Skipped 65 frames!  The application may be doing too much work on its main thread.
W/InputMethodManagerService(  258): Window already focused, ignoring focus gain of: com.android.internal.view.IInputMethodClient$Stub$Proxy@b3f2d3e0 attribute=null
I/Choreographer( 1149): Skipped 30 frames!  The application may be doing too much work on its main thread.
D/InputEventConsistencyVerifier( 1149): KeyEvent: ACTION_UP but key was not down.
D/InputEventConsistencyVerifier( 1149):   in com.android.internal.policy.impl.PhoneWindow$DecorView@b3e52e70
D/InputEventConsistencyVerifier( 1149):   0: sent at 394460000000, KeyEvent { action=ACTION_UP, keyCode=KEYCODE_DPAD_DOWN, scanCode=0, metaState=0, flags=0x400, repeatCount=0, eventTime=394460, downTime=394460, deviceId=-1, source=0x101 }
D/InputEventConsistencyVerifier( 1149):   -- recent events --
D/InputEventConsistencyVerifier( 1149):   1: sent at 394226000000, (unhandled) MotionEvent { action=ACTION_MOVE, id[0]=0, x[0]=3.0, y[0]=0.0, toolType[0]=TOOL_TYPE_UNKNOWN, buttonState=0, metaState=0, flags=0x0, edgeFlags=0x0, pointerCount=1, historySize=4, eventTime=394226, downTime=-1, deviceId=0, source=0x10004 }
D/InputEventConsistencyVerifier( 1149):   2: sent at 394246000000, MotionEvent { action=ACTION_UP, id[0]=0, x[0]=217.33334, y[0]=101.333336, toolType[0]=TOOL_TYPE_UNKNOWN, buttonState=0, metaState=0, flags=0x0, edgeFlags=0x0, pointerCount=1, historySize=0, eventTime=394246, downTime=394232, deviceId=0, source=0x1002 }
D/InputEventConsistencyVerifier( 1149):   3: sent at 394242000000, MotionEvent { action=ACTION_MOVE, id[0]=0, x[0]=222.66667, y[0]=111.333336, toolType[0]=TOOL_TYPE_UNKNOWN, buttonState=0, metaState=0, flags=0x0, edgeFlags=0x0, pointerCount=1, historySize=0, eventTime=394242, downTime=394232, deviceId=0, source=0x1002 }
D/InputEventConsistencyVerifier( 1149):   4: sent at 394233000000, MotionEvent { action=ACTION_DOWN, id[0]=0, x[0]=235.33334, y[0]=115.333336, toolType[0]=TOOL_TYPE_UNKNOWN, buttonState=0, metaState=0, flags=0x0, edgeFlags=0x0, pointerCount=1, historySize=0, eventTime=394233, downTime=394232, deviceId=0, source=0x1002 }
D/InputEventConsistencyVerifier( 1149):   5: sent at 394063000000, (unhandled) MotionEvent { action=ACTION_MOVE, id[0]=0, x[0]=1.0, y[0]=4.0, toolType[0]=TOOL_TYPE_UNKNOWN, buttonState=0, metaState=0, flags=0x0, edgeFlags=0x0, pointerCount=1, historySize=2, eventTime=394063, downTime=-1, deviceId=0, source=0x10004 }
D/InputEventConsistencyVerifier( 1149): KeyEvent: ACTION_UP but key was not down.
D/InputEventConsistencyVerifier( 1149):   in com.android.internal.policy.impl.PhoneWindow$DecorView@b3e52e70
D/InputEventConsistencyVerifier( 1149):   0: sent at 395085000000, KeyEvent { action=ACTION_UP, keyCode=KEYCODE_DPAD_LEFT, scanCode=0, metaState=0, flags=0x8, repeatCount=0, eventTime=395085, downTime=395085, deviceId=-1, source=0x101 }
D/InputEventConsistencyVerifier( 1149):   -- recent events --
D/InputEventConsistencyVerifier( 1149):   1: sent at 394992000000, (unhandled) MotionEvent { action=ACTION_UP, id[0]=0, x[0]=54.0, y[0]=6.666667, toolType[0]=TOOL_TYPE_UNKNOWN, buttonState=0, metaState=0, flags=0x0, edgeFlags=0x0, pointerCount=1, historySize=0, eventTime=394992, downTime=394971, deviceId=0, source=0x1002 }
D/InputEventConsistencyVerifier( 1149):   2: sent at 394974000000, (unhandled) MotionEvent { action=ACTION_DOWN, id[0]=0, x[0]=48.0, y[0]=18.0, toolType[0]=TOOL_TYPE_UNKNOWN, buttonState=0, metaState=0, flags=0x0, edgeFlags=0x0, pointerCount=1, historySize=0, eventTime=394974, downTime=394971, deviceId=0, source=0x1002 }
D/InputEventConsistencyVerifier( 1149):   3: sent at 394508000000, KeyEvent { action=ACTION_UP, keyCode=KEYCODE_DPAD_CENTER, scanCode=0, metaState=0, flags=0x8, repeatCount=0, eventTime=394508, downTime=394508, deviceId=-1, source=0x101 }
D/InputEventConsistencyVerifier( 1149):   4: sent at 394261000000, KeyEvent { action=ACTION_DOWN, keyCode=KEYCODE_DPAD_CENTER, scanCode=0, metaState=0, flags=0x8, repeatCount=0, eventTime=394261, downTime=394261, deviceId=-1, source=0x101 }
D/InputEventConsistencyVerifier( 1149):   5: sent at 394499000000, (unhandled) KeyEvent { action=ACTION_UP, keyCode=KEYCODE_DPAD_RIGHT, scanCode=0, metaState=0, flags=0x400, repeatCount=0, eventTime=394499, downTime=394499, deviceId=-1, source=0x101 }
I/Choreographer( 1149): Skipped 70 frames!  The application may be doing too much work on its main thread.
D/InputEventConsistencyVerifier( 1149): KeyEvent: ACTION_UP but key was not down.
D/InputEventConsistencyVerifier( 1149):   in com.android.internal.policy.impl.PhoneWindow$DecorView@b3e52e70
D/InputEventConsistencyVerifier( 1149):   0: sent at 396342000000, KeyEvent { action=ACTION_UP, keyCode=KEYCODE_DPAD_LEFT, scanCode=0, metaState=0, flags=0x8, repeatCount=0, eventTime=396342, downTime=396342, deviceId=-1, source=0x101 }
D/InputEventConsistencyVerifier( 1149):   -- recent events --
D/InputEventConsistencyVerifier( 1149):   1: sent at 396230000000, MotionEvent { action=ACTION_UP, id[0]=0, x[0]=298.6667, y[0]=413.33334, toolType[0]=TOOL_TYPE_UNKNOWN, buttonState=0, metaState=0, flags=0x0, edgeFlags=0x0, pointerCount=1, historySize=0, eventTime=396230, downTime=396217, deviceId=0, source=0x1002 }
D/InputEventConsistencyVerifier( 1149):   2: sent at 396218000000, MotionEvent { action=ACTION_DOWN, id[0]=0, x[0]=291.33334, y[0]=410.0, toolType[0]=TOOL_TYPE_UNKNOWN, buttonState=0, metaState=0, flags=0x0, edgeFlags=0x0, pointerCount=1, historySize=0, eventTime=396218, downTime=396217, deviceId=0, source=0x1002 }
D/InputEventConsistencyVerifier( 1149):   3: sent at 395732000000, KeyEvent { action=ACTION_UP, keyCode=KEYCODE_DPAD_CENTER, scanCode=0, metaState=0, flags=0x8, repeatCount=0, eventTime=395732, downTime=395732, deviceId=-1, source=0x101 }
D/InputEventConsistencyVerifier( 1149):   4: sent at 395389000000, KeyEvent { action=ACTION_DOWN, keyCode=KEYCODE_DPAD_CENTER, scanCode=0, metaState=0, flags=0x8, repeatCount=0, eventTime=395389, downTime=395389, deviceId=-1, source=0x101 }
D/InputEventConsistencyVerifier( 1149):   5: sent at 395690000000, (unhandled) KeyEvent { action=ACTION_UP, keyCode=KEYCODE_DPAD_LEFT, scanCode=0, metaState=0, flags=0x400, repeatCount=0, eventTime=395690, downTime=395690, deviceId=-1, source=0x101 }
I/Choreographer( 1149): Skipped 32 frames!  The application may be doing too much work on its main thread.
D/InputEventConsistencyVerifier( 1149): KeyEvent: ACTION_UP but key was not down.
D/InputEventConsistencyVerifier( 1149):   in android.view.ViewRootImpl@b3e55520
D/InputEventConsistencyVerifier( 1149):   0: sent at 397223000000, KeyEvent { action=ACTION_UP, keyCode=KEYCODE_LANGUAGE_SWITCH, scanCode=0, metaState=0, flags=0x8, repeatCount=0, eventTime=397223, downTime=397223, deviceId=-1, source=0x101 }
D/InputEventConsistencyVerifier( 1149):   -- recent events --
D/InputEventConsistencyVerifier( 1149):   1: sent at 397115000000, KeyEvent { action=ACTION_UP, keyCode=KEYCODE_DVR, scanCode=0, metaState=0, flags=0x8, repeatCount=0, eventTime=397115, downTime=397115, deviceId=-1, source=0x101 }
D/InputEventConsistencyVerifier( 1149):   2: sent at 397025000000, KeyEvent { action=ACTION_DOWN, keyCode=KEYCODE_DVR, scanCode=0, metaState=0, flags=0x8, repeatCount=0, eventTime=397025, downTime=397025, deviceId=-1, source=0x101 }
D/InputEventConsistencyVerifier( 1149):   3: sent at 396939000000, KeyEvent { action=ACTION_UP, keyCode=KEYCODE_L, scanCode=0, metaState=0, flags=0x8, repeatCount=0, eventTime=396939, downTime=396939, deviceId=-1, source=0x101 }
D/InputEventConsistencyVerifier( 1149):   4: sent at 396843000000, KeyEvent { action=ACTION_DOWN, keyCode=KEYCODE_L, scanCode=0, metaState=0, flags=0x8, repeatCount=0, eventTime=396843, downTime=396843, deviceId=-1, source=0x101 }
D/InputEventConsistencyVerifier( 1149):   5: sent at 396833000000, MotionEvent { action=ACTION_UP, id[0]=0, x[0]=256.0, y[0]=305.0, toolType[0]=TOOL_TYPE_UNKNOWN, buttonState=0, metaState=0, flags=0x0, edgeFlags=0x0, pointerCount=1, historySize=0, eventTime=396833, downTime=396790, deviceId=0, source=0x1002 }
I/Choreographer( 1149): Skipped 102 frames!  The application may be doing too much work on its main thread.
I/Choreographer( 1149): Skipped 33 frames!  The application may be doing too much work on its main thread.
I/Choreographer( 1149): Skipped 63 frames!  The application may be doing too much work on its main thread.
D/InputEventConsistencyVerifier( 1149): KeyEvent: ACTION_UP but key was not down.
D/InputEventConsistencyVerifier( 1149):   in com.android.internal.view.menu.IconMenuItemView@b3f7d3a0
D/InputEventConsistencyVerifier( 1149):   0: sent at 399012000000, KeyEvent { action=ACTION_UP, keyCode=KEYCODE_DPAD_RIGHT, scanCode=0, metaState=0, flags=0x8, repeatCount=0, eventTime=399012, downTime=399012, deviceId=-1, source=0x101 }
D/InputEventConsistencyVerifier( 1149):   -- recent events --
D/InputEventConsistencyVerifier( 1149):   1: sent at 282659000000, (unhandled) KeyEvent { action=ACTION_UP, keyCode=KEYCODE_DPAD_RIGHT, scanCode=0, metaState=0, flags=0x80000008, repeatCount=0, eventTime=282659, downTime=282659, deviceId=-1, source=0x101 }
D/InputEventConsistencyVerifier( 1149): KeyEvent: ACTION_UP but key was not down.
D/InputEventConsistencyVerifier( 1149):   in com.android.internal.policy.impl.PhoneWindow$DecorView@b3f49758
D/InputEventConsistencyVerifier( 1149):   0: sent at 399547000000, KeyEvent { action=ACTION_UP, keyCode=KEYCODE_PAGE_DOWN, scanCode=0, metaState=0, flags=0x8, repeatCount=0, eventTime=399547, downTime=399547, deviceId=-1, source=0x101 }
D/InputEventConsistencyVerifier( 1149):   -- recent events --
D/InputEventConsistencyVerifier( 1149):   1: sent at 399432000000, (unhandled) KeyEvent { action=ACTION_UP, keyCode=KEYCODE_VOLUME_UP, scanCode=0, metaState=0, flags=0x8, repeatCount=0, eventTime=399432, downTime=399432, deviceId=-1, source=0x101 }
D/InputEventConsistencyVerifier( 1149):   2: sent at 399097000000, (unhandled) KeyEvent { action=ACTION_DOWN, keyCode=KEYCODE_VOLUME_UP, scanCode=0, metaState=0, flags=0x8, repeatCount=0, eventTime=399097, downTime=399097, deviceId=-1, source=0x101 }
D/InputEventConsistencyVerifier( 1149):   3: sent at 399076000000, MotionEvent { action=ACTION_UP, id[0]=0, x[0]=314.0, y[0]=15.3333435, toolType[0]=TOOL_TYPE_UNKNOWN, buttonState=0, metaState=0, flags=0x0, edgeFlags=0x0, pointerCount=1, historySize=0, eventTime=399076, downTime=399062, deviceId=0, source=0x1002 }
D/InputEventConsistencyVerifier( 1149):   4: sent at 399062000000, MotionEvent { action=ACTION_DOWN, id[0]=0, x[0]=306.0, y[0]=20.666656, toolType[0]=TOOL_TYPE_UNKNOWN, buttonState=0, metaState=0, flags=0x0, edgeFlags=0x0, pointerCount=1, historySize=0, eventTime=399062, downTime=399062, deviceId=0, source=0x1002 }
D/InputEventConsistencyVerifier( 1149):   5: sent at 399012000000, (unhandled) KeyEvent { action=ACTION_UP, keyCode=KEYCODE_DPAD_RIGHT, scanCode=0, metaState=0, flags=0x8, repeatCount=0, eventTime=399012, downTime=399012, deviceId=-1, source=0x101 }
I/Choreographer(  258): Skipped 48 frames!  The application may be doing too much work on its main thread.
I/Choreographer(  258): Skipped 43 frames!  The application may be doing too much work on its main thread.
I/Choreographer( 1149): Skipped 163 frames!  The application may be doing too much work on its main thread.
D/InputEventConsistencyVerifier( 1149): KeyEvent: ACTION_UP but key was not down.
D/InputEventConsistencyVerifier( 1149):   in com.android.internal.policy.impl.PhoneWindow$DecorView@b3f49758
D/InputEventConsistencyVerifier( 1149):   0: sent at 399973000000, KeyEvent { action=ACTION_UP, keyCode=KEYCODE_DPAD_LEFT, scanCode=0, metaState=0, flags=0x400, repeatCount=0, eventTime=399973, downTime=399973, deviceId=-1, source=0x101 }
D/InputEventConsistencyVerifier( 1149):   -- recent events --
D/InputEventConsistencyVerifier( 1149):   1: sent at 399937000000, (unhandled) MotionEvent { action=ACTION_MOVE, id[0]=0, x[0]=-2.0, y[0]=0.0, toolType[0]=TOOL_TYPE_UNKNOWN, buttonState=0, metaState=0, flags=0x0, edgeFlags=0x0, pointerCount=1, historySize=9, eventTime=399937, downTime=-1, deviceId=0, source=0x10004 }
D/InputEventConsistencyVerifier( 1149):   2: sent at 399771000000, (unhandled) MotionEvent { action=ACTION_UP, id[0]=0, x[0]=104.66667, y[0]=-126.66666, toolType[0]=TOOL_TYPE_UNKNOWN, buttonState=0, metaState=0, flags=0x1, edgeFlags=0x0, pointerCount=1, historySize=0, eventTime=399771, downTime=399580, deviceId=0, source=0x1002 }
D/InputEventConsistencyVerifier( 1149):   3: sent at 399759000000, (unhandled) MotionEvent { action=ACTION_POINTER_UP(1), id[0]=0, x[0]=110.0, y[0]=-131.33334, toolType[0]=TOOL_TYPE_UNKNOWN, id[1]=1, x[1]=152.66667, y[1]=-307.33334, toolType[1]=TOOL_TYPE_UNKNOWN, buttonState=0, metaState=0, flags=0x1, edgeFlags=0x0, pointerCount=2, historySize=0, eventTime=399759, downTime=399580, deviceId=0, source=0x1002 }
D/InputEventConsistencyVerifier( 1149):   4: sent at 399753000000, (unhandled) MotionEvent { action=ACTION_MOVE, id[0]=0, x[0]=115.333336, y[0]=-136.0, toolType[0]=TOOL_TYPE_UNKNOWN, id[1]=1, x[1]=145.33334, y[1]=-304.0, toolType[1]=TOOL_TYPE_UNKNOWN, buttonState=0, metaState=0, flags=0x1, edgeFlags=0x0, pointerCount=2, historySize=3, eventTime=399753, downTime=399580, deviceId=0, source=0x1002 }
D/InputEventConsistencyVerifier( 1149):   5: sent at 399622000000, (unhandled) MotionEvent { action=ACTION_POINTER_DOWN(1), id[0]=0, x[0]=139.33334, y[0]=-155.33334, toolType[0]=TOOL_TYPE_UNKNOWN, id[1]=1, x[1]=134.66667, y[1]=-295.33334, toolType[1]=TOOL_TYPE_UNKNOWN, buttonState=0, metaState=0, flags=0x1, edgeFlags=0x0, pointerCount=2, historySize=0, eventTime=399622, downTime=399580, deviceId=0, source=0x1002 }
D/InputEventConsistencyVerifier( 1149): TrackballEvent: Trackball is down but pressure is not greater than 0.
D/InputEventConsistencyVerifier( 1149):   in android.view.ViewRootImpl@b401b728
D/InputEventConsistencyVerifier( 1149):   0: sent at 399944000000, MotionEvent { action=ACTION_DOWN, id[0]=0, x[0]=0.0, y[0]=0.0, toolType[0]=TOOL_TYPE_UNKNOWN, buttonState=0, metaState=0, flags=0x0, edgeFlags=0x0, pointerCount=1, historySize=0, eventTime=399944, downTime=399793, deviceId=0, source=0x10004 }
D/InputEventConsistencyVerifier( 1149):   -- recent events --
D/InputEventConsistencyVerifier( 1149):   1: sent at 399975000000, KeyEvent { action=ACTION_UP, keyCode=KEYCODE_DPAD_LEFT, scanCode=0, metaState=0, flags=0x400, repeatCount=0, eventTime=399975, downTime=399975, deviceId=-1, source=0x101 }
D/InputEventConsistencyVerifier( 1149):   2: sent at 399975000000, KeyEvent { action=ACTION_DOWN, keyCode=KEYCODE_DPAD_LEFT, scanCode=0, metaState=0, flags=0x400, repeatCount=0, eventTime=399975, downTime=399975, deviceId=-1, source=0x101 }
D/InputEventConsistencyVerifier( 1149):   3: sent at 399973000000, KeyEvent { action=ACTION_UP, keyCode=KEYCODE_DPAD_LEFT, scanCode=0, metaState=0, flags=0x400, repeatCount=0, eventTime=399973, downTime=399973, deviceId=-1, source=0x101 }
D/InputEventConsistencyVerifier( 1149):   4: sent at 399973000000, KeyEvent { action=ACTION_DOWN, keyCode=KEYCODE_DPAD_LEFT, scanCode=0, metaState=0, flags=0x400, repeatCount=0, eventTime=399973, downTime=399973, deviceId=-1, source=0x101 }
D/InputEventConsistencyVerifier( 1149):   5: sent at 399937000000, MotionEvent { action=ACTION_MOVE, id[0]=0, x[0]=-2.0, y[0]=0.0, toolType[0]=TOOL_TYPE_UNKNOWN, buttonState=0, metaState=0, flags=0x0, edgeFlags=0x0, pointerCount=1, historySize=9, eventTime=399937, downTime=-1, deviceId=0, source=0x10004 }
D/InputEventConsistencyVerifier( 1149): KeyEvent: ACTION_UP but key was not down.
D/InputEventConsistencyVerifier( 1149):   in android.view.ViewRootImpl@b3e9ee88
D/InputEventConsistencyVerifier( 1149):   0: sent at 400041000000, KeyEvent { action=ACTION_UP, keyCode=KEYCODE_DPAD_RIGHT, scanCode=0, metaState=0, flags=0x8, repeatCount=0, eventTime=400041, downTime=400041, deviceId=-1, source=0x101 }
D/InputEventConsistencyVerifier( 1149): KeyEvent: ACTION_UP but key was not down.
D/InputEventConsistencyVerifier( 1149):   in com.android.internal.policy.impl.PhoneWindow$DecorView@b3ff8c90
D/InputEventConsistencyVerifier( 1149):   0: sent at 401192000000, KeyEvent { action=ACTION_UP, keyCode=KEYCODE_DPAD_RIGHT, scanCode=0, metaState=0, flags=0x8, repeatCount=0, eventTime=401192, downTime=401192, deviceId=-1, source=0x101 }
D/InputEventConsistencyVerifier( 1149):   -- recent events --
D/InputEventConsistencyVerifier( 1149):   1: sent at 400041000000, (unhandled) KeyEvent { action=ACTION_UP, keyCode=KEYCODE_DPAD_RIGHT, scanCode=0, metaState=0, flags=0x80000008, repeatCount=0, eventTime=400041, downTime=400041, deviceId=-1, source=0x101 }
I/Choreographer( 1149): Skipped 471 frames!  The application may be doing too much work on its main thread.
I/Choreographer( 1149): Skipped 147 frames!  The application may be doing too much work on its main thread.
D/InputEventConsistencyVerifier( 1149): KeyEvent: ACTION_UP but key was not down.
D/InputEventConsistencyVerifier( 1149):   in android.widget.Button@b3fc4688
D/InputEventConsistencyVerifier( 1149):   0: sent at 403444000000, KeyEvent { action=ACTION_UP, keyCode=KEYCODE_DPAD_RIGHT, scanCode=0, metaState=0, flags=0x400, repeatCount=0, eventTime=403444, downTime=403444, deviceId=-1, source=0x101 }
D/InputEventConsistencyVerifier( 1149): KeyEvent: ACTION_UP but key was not down.
D/InputEventConsistencyVerifier( 1149):   in com.android.internal.policy.impl.PhoneWindow$DecorView@b3e4c1b0
D/InputEventConsistencyVerifier( 1149):   0: sent at 404276000000, KeyEvent { action=ACTION_UP, keyCode=KEYCODE_DPAD_LEFT, scanCode=0, metaState=0, flags=0x8, repeatCount=0, eventTime=404276, downTime=404276, deviceId=-1, source=0x101 }
D/InputEventConsistencyVerifier( 1149):   -- recent events --
D/InputEventConsistencyVerifier( 1149):   1: sent at 403540000000, (unhandled) MotionEvent { action=ACTION_UP, id[0]=0, x[0]=136.66667, y[0]=60.66667, toolType[0]=TOOL_TYPE_UNKNOWN, buttonState=0, metaState=0, flags=0x0, edgeFlags=0x0, pointerCount=1, historySize=0, eventTime=403540, downTime=403524, deviceId=0, source=0x1002 }
D/InputEventConsistencyVerifier( 1149):   2: sent at 403525000000, (unhandled) MotionEvent { action=ACTION_DOWN, id[0]=0, x[0]=131.33334, y[0]=50.0, toolType[0]=TOOL_TYPE_UNKNOWN, buttonState=0, metaState=0, flags=0x0, edgeFlags=0x0, pointerCount=1, historySize=0, eventTime=403525, downTime=403524, deviceId=0, source=0x1002 }
D/InputEventConsistencyVerifier( 1149):   3: sent at 403463000000, (unhandled) KeyEvent { action=ACTION_UP, keyCode=KEYCODE_DPAD_UP, scanCode=0, metaState=0, flags=0x8, repeatCount=0, eventTime=403463, downTime=403463, deviceId=-1, source=0x101 }
D/InputEventConsistencyVerifier( 1149):   4: sent at 402259000000, (unhandled) KeyEvent { action=ACTION_DOWN, keyCode=KEYCODE_DPAD_UP, scanCode=0, metaState=0, flags=0x8, repeatCount=0, eventTime=402259, downTime=402259, deviceId=-1, source=0x101 }
D/InputEventConsistencyVerifier( 1149):   5: sent at 403446000000, (unhandled) KeyEvent { action=ACTION_UP, keyCode=KEYCODE_DPAD_RIGHT, scanCode=0, metaState=0, flags=0x400, repeatCount=0, eventTime=403446, downTime=403446, deviceId=-1, source=0x101 }
D/InputEventConsistencyVerifier( 1149): KeyEvent: ACTION_UP but key was not down.
D/InputEventConsistencyVerifier( 1149):   in com.android.internal.policy.impl.PhoneWindow$DecorView@b3e4c1b0
D/InputEventConsistencyVerifier( 1149):   0: sent at 404515000000, KeyEvent { action=ACTION_UP, keyCode=KEYCODE_DPAD_UP, scanCode=0, metaState=0, flags=0x8, repeatCount=0, eventTime=404515, downTime=404515, deviceId=-1, source=0x101 }
D/InputEventConsistencyVerifier( 1149):   -- recent events --
D/InputEventConsistencyVerifier( 1149):   1: sent at 404393000000, (unhandled) MotionEvent { action=ACTION_UP, id[0]=0, x[0]=96.0, y[0]=-45.33333, toolType[0]=TOOL_TYPE_UNKNOWN, buttonState=0, metaState=0, flags=0x0, edgeFlags=0x0, pointerCount=1, historySize=0, eventTime=404393, downTime=404330, deviceId=0, source=0x1002 }
D/InputEventConsistencyVerifier( 1149):   2: sent at 404386000000, (unhandled) MotionEvent { action=ACTION_POINTER_UP(1), id[0]=0, x[0]=92.0, y[0]=-36.666656, toolType[0]=TOOL_TYPE_UNKNOWN, id[1]=1, x[1]=128.0, y[1]=309.33334, toolType[1]=TOOL_TYPE_UNKNOWN, buttonState=0, metaState=0, flags=0x0, edgeFlags=0x0, pointerCount=2, historySize=0, eventTime=404386, downTime=404330, deviceId=0, source=0x1002 }
D/InputEventConsistencyVerifier( 1149):   3: sent at 404380000000, (unhandled) MotionEvent { action=ACTION_MOVE, id[0]=0, x[0]=83.333336, y[0]=-35.33333, toolType[0]=TOOL_TYPE_UNKNOWN, id[1]=1, x[1]=140.0, y[1]=306.6667, toolType[1]=TOOL_TYPE_UNKNOWN, buttonState=0, metaState=0, flags=0x0, edgeFlags=0x0, pointerCount=2, historySize=1, eventTime=404380, downTime=404330, deviceId=0, source=0x1002 }
D/InputEventConsistencyVerifier( 1149):   4: sent at 404371000000, (unhandled) MotionEvent { action=ACTION_POINTER_DOWN(1), id[0]=0, x[0]=72.66667, y[0]=-20.666656, toolType[0]=TOOL_TYPE_UNKNOWN, id[1]=1, x[1]=144.0, y[1]=297.33334, toolType[1]=TOOL_TYPE_UNKNOWN, buttonState=0, metaState=0, flags=0x0, edgeFlags=0x0, pointerCount=2, historySize=0, eventTime=404371, downTime=404330, deviceId=0, source=0x1002 }
D/InputEventConsistencyVerifier( 1149):   5: sent at 404346000000, (unhandled) MotionEvent { action=ACTION_DOWN, id[0]=0, x[0]=63.333336, y[0]=-15.333328, toolType[0]=TOOL_TYPE_UNKNOWN, buttonState=0, metaState=0, flags=0x0, edgeFlags=0x0, pointerCount=1, historySize=0, eventTime=404346, downTime=404330, deviceId=0, source=0x1002 }
I/Choreographer( 1149): Skipped 201 frames!  The application may be doing too much work on its main thread.
I/ActivityManager(  258): START {act=android.intent.action.MAIN cat=[android.intent.category.HOME] flg=0x10200000 cmp=com.android.launcher/com.android.launcher2.Launcher u=0} from pid 258
D/InputEventConsistencyVerifier( 1149): KeyEvent: ACTION_UP but key was not down.
D/InputEventConsistencyVerifier( 1149):   in android.view.ViewRootImpl@b3e9ee88
D/InputEventConsistencyVerifier( 1149):   0: sent at 405410000000, KeyEvent { action=ACTION_UP, keyCode=KEYCODE_MENU, scanCode=0, metaState=0, flags=0x8, repeatCount=0, eventTime=405410, downTime=405410, deviceId=-1, source=0x101 }
D/InputEventConsistencyVerifier( 1149):   -- recent events --
D/InputEventConsistencyVerifier( 1149):   1: sent at 401563000000, MotionEvent { action=ACTION_UP, id[0]=0, x[0]=169.0, y[0]=207.0, toolType[0]=TOOL_TYPE_UNKNOWN, buttonState=0, metaState=0, flags=0x0, edgeFlags=0x0, pointerCount=1, historySize=0, eventTime=401563, downTime=401512, deviceId=0, source=0x1002 }
D/InputEventConsistencyVerifier( 1149):   2: sent at 401540000000, MotionEvent { action=ACTION_MOVE, id[0]=0, x[0]=177.0, y[0]=205.0, toolType[0]=TOOL_TYPE_UNKNOWN, buttonState=0, metaState=0, flags=0x0, edgeFlags=0x0, pointerCount=1, historySize=2, eventTime=401540, downTime=401512, deviceId=0, source=0x1002 }
D/InputEventConsistencyVerifier( 1149):   3: sent at 401514000000, MotionEvent { action=ACTION_DOWN, id[0]=0, x[0]=197.0, y[0]=194.0, toolType[0]=TOOL_TYPE_UNKNOWN, buttonState=0, metaState=0, flags=0x0, edgeFlags=0x0, pointerCount=1, historySize=0, eventTime=401514, downTime=401512, deviceId=0, source=0x1002 }
D/InputEventConsistencyVerifier( 1149):   4: sent at 401480000000, MotionEvent { action=ACTION_UP, id[0]=0, x[0]=176.0, y[0]=204.0, toolType[0]=TOOL_TYPE_UNKNOWN, buttonState=0, metaState=0, flags=0x0, edgeFlags=0x0, pointerCount=1, historySize=0, eventTime=401480, downTime=401399, deviceId=0, source=0x1002 }
D/InputEventConsistencyVerifier( 1149):   5: sent at 401476000000, MotionEvent { action=ACTION_MOVE, id[0]=0, x[0]=184.0, y[0]=199.0, toolType[0]=TOOL_TYPE_UNKNOWN, buttonState=0, metaState=0, flags=0x0, edgeFlags=0x0, pointerCount=1, historySize=6, eventTime=401476, downTime=401399, deviceId=0, source=0x1002 }
D/InputEventConsistencyVerifier( 1149): KeyEvent: ACTION_UP but key was not down.
D/InputEventConsistencyVerifier( 1149):   in android.widget.LinearLayout@b3e9b8b8
D/InputEventConsistencyVerifier( 1149):   0: sent at 405535000000, KeyEvent { action=ACTION_UP, keyCode=KEYCODE_DPAD_DOWN, scanCode=0, metaState=0, flags=0x8, repeatCount=0, eventTime=405535, downTime=405535, deviceId=-1, source=0x101 }
D/InputEventConsistencyVerifier( 1149): KeyEvent: ACTION_UP but key was not down.
D/InputEventConsistencyVerifier( 1149):   in android.widget.FrameLayout@b3f7ee80
D/InputEventConsistencyVerifier( 1149):   0: sent at 406065000000, KeyEvent { action=ACTION_UP, keyCode=KEYCODE_BUTTON_14, scanCode=0, metaState=0, flags=0x8, repeatCount=0, eventTime=406065, downTime=406065, deviceId=-1, source=0x101 }
D/InputEventConsistencyVerifier( 1149):   -- recent events --
