I/ActivityManager(  258): START {act=android.intent.action.MAIN cat=[android.intent.category.LAUNCHER] flg=0x10200000 cmp=com.ninepvi.shield/.MainActivity u=0} from pid 1126
I/Choreographer( 1149): Skipped 167 frames!  The application may be doing too much work on its main thread.
D/InputEventConsistencyVerifier( 1149): KeyEvent: ACTION_UP but key was not down.
D/InputEventConsistencyVerifier( 1149):   in android.view.ViewRootImpl@b3e55520
D/InputEventConsistencyVerifier( 1149):   0: sent at 306711000000, KeyEvent { action=ACTION_UP, keyCode=KEYCODE_DPAD_CENTER, scanCode=0, metaState=0, flags=0x8, repeatCount=0, eventTime=306711, downTime=306711, deviceId=-1, source=0x101 }
D/InputEventConsistencyVerifier( 1149):   -- recent events --
D/InputEventConsistencyVerifier( 1149):   1: sent at 294473000000, MotionEvent { action=ACTION_UP, id[0]=0, x[0]=359.0, y[0]=92.0, toolType[0]=TOOL_TYPE_UNKNOWN, buttonState=0, metaState=0, flags=0x0, edgeFlags=0x0, pointerCount=1, historySize=0, eventTime=294473, downTime=294466, deviceId=0, source=0x1002 }
D/InputEventConsistencyVerifier( 1149):   2: sent at 294466000000, MotionEvent { action=ACTION_DOWN, id[0]=0, x[0]=364.0, y[0]=79.0, toolType[0]=TOOL_TYPE_UNKNOWN, buttonState=0, metaState=0, flags=0x0, edgeFlags=0x0, pointerCount=1, historySize=0, eventTime=294466, downTime=294466, deviceId=0, source=0x1002 }
D/InputEventConsistencyVerifier( 1149):   3: sent at 294410000000, MotionEvent { action=ACTION_UP, id[0]=0, x[0]=120.0, y[0]=769.0, toolType[0]=TOOL_TYPE_UNKNOWN, buttonState=0, metaState=0, flags=0x0, edgeFlags=0x0, pointerCount=1, historySize=0, eventTime=294410, downTime=294388, deviceId=0, source=0x1002 }
D/InputEventConsistencyVerifier( 1149):   4: sent at 294389000000, MotionEvent { action=ACTION_DOWN, id[0]=0, x[0]=103.0, y[0]=765.0, toolType[0]=TOOL_TYPE_UNKNOWN, buttonState=0, metaState=0, flags=0x0, edgeFlags=0x0, pointerCount=1, historySize=0, eventTime=294389, downTime=294388, deviceId=0, source=0x1002 }
D/InputEventConsistencyVerifier( 1149):   5: sent at 292209000000, MotionEvent { action=ACTION_UP, id[0]=0, x[0]=184.0, y[0]=162.0, toolType[0]=TOOL_TYPE_UNKNOWN, buttonState=0, metaState=0, flags=0x0, edgeFlags=0x0, pointerCount=1, historySize=0, eventTime=292209, downTime=292200, deviceId=0, source=0x1002 }
W/InputMethodManagerService(  258): Window already focused, ignoring focus gain of: com.android.internal.view.IInputMethodClient$Stub$Proxy@b3f4d500 attribute=null
I/Choreographer( 1149): Skipped 33 frames!  The application may be doing too much work on its main thread.
D/InputEventConsistencyVerifier( 1149): KeyEvent: ACTION_UP but key was not down.
D/InputEventConsistencyVerifier( 1149):   in com.android.internal.policy.impl.PhoneWindow$DecorView@b3e52e70
D/InputEventConsistencyVerifier( 1149):   0: sent at 307104000000, KeyEvent { action=ACTION_UP, keyCode=KEYCODE_DPAD_CENTER, scanCode=0, metaState=0, flags=0x8, repeatCount=0, eventTime=307104, downTime=307104, deviceId=-1, source=0x101 }
D/InputEventConsistencyVerifier( 1149):   -- recent events --
D/InputEventConsistencyVerifier( 1149):   1: sent at 306801000000, MotionEvent { action=ACTION_UP, id[0]=0, x[0]=232.0, y[0]=243.33334, toolType[0]=TOOL_TYPE_UNKNOWN, buttonState=0, metaState=0, flags=0x0, edgeFlags=0x0, pointerCount=1, historySize=0, eventTime=306801, downTime=306724, deviceId=0, source=0x1002 }
D/InputEventConsistencyVerifier( 1149):   2: sent at 306725000000, MotionEvent { action=ACTION_DOWN, id[0]=0, x[0]=231.33334, y[0]=244.0, toolType[0]=TOOL_TYPE_UNKNOWN, buttonState=0, metaState=0, flags=0x0, edgeFlags=0x0, pointerCount=1, historySize=0, eventTime=306725, downTime=306724, deviceId=0, source=0x1002 }
D/InputEventConsistencyVerifier( 1149):   3: sent at 306711000000, (unhandled) KeyEvent { action=ACTION_UP, keyCode=KEYCODE_DPAD_CENTER, scanCode=0, metaState=0, flags=0x80000008, repeatCount=0, eventTime=306711, downTime=306711, deviceId=-1, source=0x101 }
D/InputEventConsistencyVerifier( 1149):   4: sent at 294473000000, MotionEvent { action=ACTION_UP, id[0]=0, x[0]=239.33334, y[0]=61.333336, toolType[0]=TOOL_TYPE_UNKNOWN, buttonState=0, metaState=0, flags=0x0, edgeFlags=0x0, pointerCount=1, historySize=0, eventTime=294473, downTime=294466, deviceId=0, source=0x1002 }
D/InputEventConsistencyVerifier( 1149):   5: sent at 294466000000, MotionEvent { action=ACTION_DOWN, id[0]=0, x[0]=242.66667, y[0]=52.666668, toolType[0]=TOOL_TYPE_UNKNOWN, buttonState=0, metaState=0, flags=0x0, edgeFlags=0x0, pointerCount=1, historySize=0, eventTime=294466, downTime=294466, deviceId=0, source=0x1002 }
E/WVMExtractor(   61): Failed to open libwvm.so
E/WVMExtractor(   61): Failed to open libwvm.so
E/WVMExtractor(   61): Failed to open libwvm.so
E/WVMExtractor(   61): Failed to open libwvm.so
I/Choreographer( 1149): Skipped 36 frames!  The application may be doing too much work on its main thread.
E/WVMExtractor(   61): Failed to open libwvm.so
I/Choreographer( 1149): Skipped 44 frames!  The application may be doing too much work on its main thread.
I/Choreographer( 1149): Skipped 146 frames!  The application may be doing too much work on its main thread.
W/DroidBox( 1195): DroidBox: { "ServiceStart": { "name": "com.android.music.MediaPlaybackService" } }
W/DroidBox( 1195): DroidBox: { "ServiceStart": { "name": "com.android.music.MediaPlaybackService" } }
W/InputManager(  258): Input event injection from pid 1126 failed.
I/Choreographer( 1149): Skipped 135 frames!  The application may be doing too much work on its main thread.
W/InputManager(  258): Input event injection from pid 1126 failed.
W/InputManager(  258): Input event injection from pid 1126 failed.
W/InputManager(  258): Input event injection from pid 1126 failed.
W/InputManager(  258): Input event injection from pid 1126 failed.
W/InputManager(  258): Input event injection from pid 1126 failed.
W/InputManager(  258): Input event injection from pid 1126 failed.
E/WVMExtractor(   61): Failed to open libwvm.so
W/InputMethodManagerService(  258): Window already focused, ignoring focus gain of: com.android.internal.view.IInputMethodClient$Stub$Proxy@b42994c0 attribute=android.view.inputmethod.EditorInfo@b4362b80
I/Choreographer( 1149): Skipped 68 frames!  The application may be doing too much work on its main thread.
I/ActivityManager(  258): START {act=android.intent.action.CALL_BUTTON flg=0x10000000 cmp=com.android.contacts/.activities.DialtactsActivity u=0} from pid 1149
I/AudioService(  258):  AudioFocus  requestAudioFocus() from android.media.AudioManager@b3e670f8com.android.music.MediaPlaybackService$3@b3e65930
I/Choreographer( 1149): Skipped 32 frames!  The application may be doing too much work on its main thread.
I/AudioService(  258):   Remote Control   registerMediaButtonIntent() for PendingIntent{b41e4430: PendingIntentRecord{b4239b50 com.android.music broadcastIntent}}
I/Choreographer( 1149): Skipped 43 frames!  The application may be doing too much work on its main thread.
E/WVMExtractor(   61): Failed to open libwvm.so
I/Choreographer( 1149): Skipped 34 frames!  The application may be doing too much work on its main thread.
I/Choreographer( 1149): Skipped 35 frames!  The application may be doing too much work on its main thread.
I/Choreographer( 1149): Skipped 52 frames!  The application may be doing too much work on its main thread.
D/InputEventConsistencyVerifier( 1149): KeyEvent: ACTION_UP but key was not down.
D/InputEventConsistencyVerifier( 1149):   in com.android.internal.policy.impl.PhoneWindow$DecorView@b3e52e70
D/InputEventConsistencyVerifier( 1149):   0: sent at 315210000000, KeyEvent { action=ACTION_UP, keyCode=KEYCODE_DPAD_LEFT, scanCode=0, metaState=0, flags=0x400, repeatCount=0, eventTime=315210, downTime=315210, deviceId=-1, source=0x101 }
D/InputEventConsistencyVerifier( 1149):   -- recent events --
D/InputEventConsistencyVerifier( 1149):   1: sent at 315133000000, MotionEvent { action=ACTION_DOWN, id[0]=0, x[0]=116.0, y[0]=189.33334, toolType[0]=TOOL_TYPE_UNKNOWN, buttonState=0, metaState=0, flags=0x0, edgeFlags=0x0, pointerCount=1, historySize=0, eventTime=315133, downTime=315132, deviceId=0, source=0x1002 }
D/InputEventConsistencyVerifier( 1149):   2: sent at 314911000000, MotionEvent { action=ACTION_UP, id[0]=0, x[0]=247.33334, y[0]=268.6667, toolType[0]=TOOL_TYPE_UNKNOWN, buttonState=0, metaState=0, flags=0x0, edgeFlags=0x0, pointerCount=1, historySize=0, eventTime=314911, downTime=314903, deviceId=0, source=0x1002 }
D/InputEventConsistencyVerifier( 1149):   3: sent at 314903000000, MotionEvent { action=ACTION_DOWN, id[0]=0, x[0]=244.0, y[0]=271.33334, toolType[0]=TOOL_TYPE_UNKNOWN, buttonState=0, metaState=0, flags=0x0, edgeFlags=0x0, pointerCount=1, historySize=0, eventTime=314903, downTime=314903, deviceId=0, source=0x1002 }
D/InputEventConsistencyVerifier( 1149):   4: sent at 314881000000, MotionEvent { action=ACTION_UP, id[0]=0, x[0]=270.6667, y[0]=224.0, toolType[0]=TOOL_TYPE_UNKNOWN, buttonState=0, metaState=0, flags=0x0, edgeFlags=0x0, pointerCount=1, historySize=0, eventTime=314881, downTime=314872, deviceId=0, source=0x1002 }
D/InputEventConsistencyVerifier( 1149):   5: sent at 314872000000, MotionEvent { action=ACTION_DOWN, id[0]=0, x[0]=269.33334, y[0]=224.66667, toolType[0]=TOOL_TYPE_UNKNOWN, buttonState=0, metaState=0, flags=0x0, edgeFlags=0x0, pointerCount=1, historySize=0, eventTime=314872, downTime=314872, deviceId=0, source=0x1002 }
E/WVMExtractor(   61): Failed to open libwvm.so
I/Choreographer( 1149): Skipped 31 frames!  The application may be doing too much work on its main thread.
E/WVMExtractor(   61): Failed to open libwvm.so
I/Choreographer( 1149): Skipped 42 frames!  The application may be doing too much work on its main thread.
E/WVMExtractor(   61): Failed to open libwvm.so
I/Choreographer( 1149): Skipped 40 frames!  The application may be doing too much work on its main thread.
E/WVMExtractor(   61): Failed to open libwvm.so
W/dalvikvm( 1126): DroidBox: { "FdAccess": { "path": "2f6465762f696e7075742f6576656e7430", "id": "325340350" } }
W/DroidBox( 1126): DroidBox: { "FileRW": { "operation": "write", "data": "7f060000efbfbd3901000500000001000000", "id": "325340350" } }
I/Choreographer( 1149): Skipped 107 frames!  The application may be doing too much work on its main thread.
W/InputMethodManagerService(  258): Window already focused, ignoring focus gain of: com.android.internal.view.IInputMethodClient$Stub$Proxy@b3fe5198 attribute=android.view.inputmethod.EditorInfo@b43623d8
I/Choreographer( 1149): Skipped 43 frames!  The application may be doing too much work on its main thread.
D/InputEventConsistencyVerifier( 1149): KeyEvent: ACTION_UP but key was not down.
D/InputEventConsistencyVerifier( 1149):   in com.android.internal.policy.impl.PhoneWindow$DecorView@b3e52e70
D/InputEventConsistencyVerifier( 1149):   0: sent at 318547000000, KeyEvent { action=ACTION_UP, keyCode=KEYCODE_DPAD_LEFT, scanCode=0, metaState=0, flags=0x8, repeatCount=0, eventTime=318547, downTime=318547, deviceId=-1, source=0x101 }
D/InputEventConsistencyVerifier( 1149):   -- recent events --
D/InputEventConsistencyVerifier( 1149):   1: sent at 316263000000, (unhandled) KeyEvent { action=ACTION_UP, keyCode=KEYCODE_MENU, scanCode=0, metaState=0, flags=0x8, repeatCount=0, eventTime=316263, downTime=316263, deviceId=-1, source=0x101 }
D/InputEventConsistencyVerifier( 1149):   2: sent at 315176000000, (unhandled) KeyEvent { action=ACTION_DOWN, keyCode=KEYCODE_MENU, scanCode=0, metaState=0, flags=0x8, repeatCount=0, eventTime=315176, downTime=315176, deviceId=-1, source=0x101 }
D/InputEventConsistencyVerifier( 1149):   3: sent at 316224000000, (unhandled) KeyEvent { action=ACTION_UP, keyCode=KEYCODE_DPAD_UP, scanCode=0, metaState=0, flags=0x400, repeatCount=0, eventTime=316224, downTime=316224, deviceId=-1, source=0x101 }
D/InputEventConsistencyVerifier( 1149):   4: sent at 316224000000, (unhandled) KeyEvent { action=ACTION_DOWN, keyCode=KEYCODE_DPAD_UP, scanCode=0, metaState=0, flags=0x400, repeatCount=0, eventTime=316224, downTime=316224, deviceId=-1, source=0x101 }
D/InputEventConsistencyVerifier( 1149):   5: sent at 316223000000, (unhandled) KeyEvent { action=ACTION_UP, keyCode=KEYCODE_DPAD_UP, scanCode=0, metaState=0, flags=0x400, repeatCount=0, eventTime=316223, downTime=316223, deviceId=-1, source=0x101 }
E/WVMExtractor(   61): Failed to open libwvm.so
I/Choreographer( 1149): Skipped 60 frames!  The application may be doing too much work on its main thread.
D/InputEventConsistencyVerifier( 1149): KeyEvent: ACTION_UP but key was not down.
D/InputEventConsistencyVerifier( 1149):   in com.android.internal.policy.impl.PhoneWindow$DecorView@b3f49758
D/InputEventConsistencyVerifier( 1149):   0: sent at 320324000000, KeyEvent { action=ACTION_UP, keyCode=KEYCODE_DPAD_LEFT, scanCode=0, metaState=0, flags=0x8, repeatCount=0, eventTime=320324, downTime=320324, deviceId=-1, source=0x101 }
D/InputEventConsistencyVerifier( 1149):   -- recent events --
D/InputEventConsistencyVerifier( 1149):   1: sent at 320241000000, (unhandled) KeyEvent { action=ACTION_UP, keyCode=KEYCODE_CAPS_LOCK, scanCode=0, metaState=0, flags=0x8, repeatCount=0, eventTime=320241, downTime=320241, deviceId=-1, source=0x101 }
D/InputEventConsistencyVerifier( 1149):   2: sent at 320235000000, (unhandled) KeyEvent { action=ACTION_DOWN, keyCode=KEYCODE_CAPS_LOCK, scanCode=0, metaState=0, flags=0x8, repeatCount=0, eventTime=320235, downTime=320235, deviceId=-1, source=0x101 }
D/InputEventConsistencyVerifier( 1149):   3: sent at 318437000000, (unhandled) KeyEvent { action=ACTION_UP, keyCode=KEYCODE_CAPTIONS, scanCode=0, metaState=0, flags=0x8, repeatCount=0, eventTime=318437, downTime=318437, deviceId=-1, source=0x101 }
D/InputEventConsistencyVerifier( 1149):   4: sent at 318412000000, (unhandled) KeyEvent { action=ACTION_DOWN, keyCode=KEYCODE_CAPTIONS, scanCode=0, metaState=0, flags=0x8, repeatCount=0, eventTime=318412, downTime=318412, deviceId=-1, source=0x101 }
D/InputEventConsistencyVerifier( 1149):   5: sent at 318403000000, (unhandled) MotionEvent { action=ACTION_UP, id[0]=0, x[0]=255.33334, y[0]=-301.33334, toolType[0]=TOOL_TYPE_UNKNOWN, buttonState=0, metaState=0, flags=0x0, edgeFlags=0x0, pointerCount=1, historySize=0, eventTime=318403, downTime=318205, deviceId=0, source=0x1002 }
E/WVMExtractor(   61): Failed to open libwvm.so
E/WVMExtractor(   61): Failed to open libwvm.so
E/WVMExtractor(   61): Failed to open libwvm.so
I/Choreographer( 1149): Skipped 434 frames!  The application may be doing too much work on its main thread.
E/WVMExtractor(   61): Failed to open libwvm.so
I/Choreographer( 1149): Skipped 223 frames!  The application may be doing too much work on its main thread.
D/InputEventConsistencyVerifier( 1149): KeyEvent: ACTION_UP but key was not down.
D/InputEventConsistencyVerifier( 1149):   in android.widget.LinearLayout@b3edbc48
D/InputEventConsistencyVerifier( 1149):   0: sent at 323232000000, KeyEvent { action=ACTION_UP, keyCode=KEYCODE_DPAD_DOWN, scanCode=0, metaState=0, flags=0x400, repeatCount=0, eventTime=323232, downTime=323232, deviceId=-1, source=0x101 }
I/Choreographer( 1149): Skipped 41 frames!  The application may be doing too much work on its main thread.
D/InputEventConsistencyVerifier( 1149): KeyEvent: ACTION_UP but key was not down.
D/InputEventConsistencyVerifier( 1149):   in android.widget.FrameLayout@b3edae50
D/InputEventConsistencyVerifier( 1149):   0: sent at 324051000000, KeyEvent { action=ACTION_UP, keyCode=KEYCODE_DPAD_UP, scanCode=0, metaState=0, flags=0x400, repeatCount=0, eventTime=324051, downTime=324051, deviceId=-1, source=0x101 }
D/InputEventConsistencyVerifier( 1149):   -- recent events --
D/InputEventConsistencyVerifier( 1149):   1: sent at 323232000000, (unhandled) KeyEvent { action=ACTION_DOWN, keyCode=KEYCODE_DPAD_DOWN, scanCode=0, metaState=0, flags=0x400, repeatCount=0, eventTime=323232, downTime=323232, deviceId=-1, source=0x101 }
D/InputEventConsistencyVerifier( 1149):   2: sent at 322310000000, (unhandled) MotionEvent { action=ACTION_MOVE, id[0]=0, x[0]=2.0, y[0]=4.0, toolType[0]=TOOL_TYPE_UNKNOWN, buttonState=0, metaState=0, flags=0x0, edgeFlags=0x0, pointerCount=1, historySize=9, eventTime=322310, downTime=-1, deviceId=0, source=0x10004 }
I/Choreographer( 1149): Skipped 66 frames!  The application may be doing too much work on its main thread.
I/ActivityManager(  258): START {act=android.intent.action.MAIN cat=[android.intent.category.LAUNCHER] flg=0x10200000 cmp=com.ninepvi.shield/.MainActivity u=0} from pid 1126
D/InputEventConsistencyVerifier( 1149): KeyEvent: ACTION_UP but key was not down.
D/InputEventConsistencyVerifier( 1149):   in com.android.internal.policy.impl.PhoneWindow$DecorView@b40351e0
D/InputEventConsistencyVerifier( 1149):   0: sent at 325077000000, KeyEvent { action=ACTION_UP, keyCode=KEYCODE_DPAD_CENTER, scanCode=0, metaState=0, flags=0x8, repeatCount=0, eventTime=325077, downTime=325077, deviceId=-1, source=0x101 }
D/InputEventConsistencyVerifier( 1149):   -- recent events --
D/InputEventConsistencyVerifier( 1149):   1: sent at 324919000000, (unhandled) MotionEvent { action=ACTION_UP, id[0]=0, x[0]=245.79318, y[0]=54.20684, toolType[0]=TOOL_TYPE_UNKNOWN, buttonState=0, metaState=0, flags=0x0, edgeFlags=0x0, pointerCount=1, historySize=0, eventTime=324919, downTime=324853, deviceId=0, source=0x1002 }
D/InputEventConsistencyVerifier( 1149):   2: sent at 324917446150, (unhandled) MotionEvent { action=ACTION_MOVE, id[0]=0, x[0]=245.79318, y[0]=54.20684, toolType[0]=TOOL_TYPE_UNKNOWN, buttonState=0, metaState=0, flags=0x0, edgeFlags=0x0, pointerCount=1, historySize=5, eventTime=324917, downTime=324853, deviceId=0, source=0x1002 }
D/InputEventConsistencyVerifier( 1149):   3: sent at 324855000000, (unhandled) MotionEvent { action=ACTION_DOWN, id[0]=0, x[0]=248.0, y[0]=38.666664, toolType[0]=TOOL_TYPE_UNKNOWN, buttonState=0, metaState=0, flags=0x0, edgeFlags=0x0, pointerCount=1, historySize=0, eventTime=324855, downTime=324853, deviceId=0, source=0x1002 }
D/InputEventConsistencyVerifier( 1149):   4: sent at 324831000000, (unhandled) KeyEvent { action=ACTION_UP, keyCode=KEYCODE_SCROLL_LOCK, scanCode=0, metaState=0, flags=0x8, repeatCount=0, eventTime=324831, downTime=324831, deviceId=-1, source=0x101 }
D/InputEventConsistencyVerifier( 1149):   5: sent at 324439000000, (unhandled) KeyEvent { action=ACTION_DOWN, keyCode=KEYCODE_SCROLL_LOCK, scanCode=0, metaState=0, flags=0x8, repeatCount=0, eventTime=324439, downTime=324439, deviceId=-1, source=0x101 }
E/WVMExtractor(   61): Failed to open libwvm.so
I/Choreographer( 1149): Skipped 30 frames!  The application may be doing too much work on its main thread.
E/WVMExtractor(   61): Failed to open libwvm.so
D/InputEventConsistencyVerifier( 1149): KeyEvent: ACTION_UP but key was not down.
D/InputEventConsistencyVerifier( 1149):   in com.android.internal.policy.impl.PhoneWindow$DecorView@b40351e0
D/InputEventConsistencyVerifier( 1149):   0: sent at 325949000000, KeyEvent { action=ACTION_UP, keyCode=KEYCODE_DPAD_DOWN, scanCode=0, metaState=0, flags=0x400, repeatCount=0, eventTime=325949, downTime=325949, deviceId=-1, source=0x101 }
D/InputEventConsistencyVerifier( 1149):   -- recent events --
D/InputEventConsistencyVerifier( 1149):   1: sent at 325909000000, (unhandled) MotionEvent { action=ACTION_MOVE, id[0]=0, x[0]=0.0, y[0]=4.0, toolType[0]=TOOL_TYPE_UNKNOWN, buttonState=0, metaState=0, flags=0x0, edgeFlags=0x0, pointerCount=1, historySize=10, eventTime=325909, downTime=-1, deviceId=0, source=0x10004 }
D/InputEventConsistencyVerifier( 1149):   2: sent at 325701000000, MotionEvent { action=ACTION_UP, id[0]=0, x[0]=96.66667, y[0]=172.00002, toolType[0]=TOOL_TYPE_UNKNOWN, buttonState=0, metaState=0, flags=0x0, edgeFlags=0x0, pointerCount=1, historySize=0, eventTime=325701, downTime=325684, deviceId=0, source=0x1002 }
D/InputEventConsistencyVerifier( 1149):   3: sent at 325685000000, MotionEvent { action=ACTION_DOWN, id[0]=0, x[0]=106.0, y[0]=186.66667, toolType[0]=TOOL_TYPE_UNKNOWN, buttonState=0, metaState=0, flags=0x0, edgeFlags=0x0, pointerCount=1, historySize=0, eventTime=325685, downTime=325684, deviceId=0, source=0x1002 }
D/InputEventConsistencyVerifier( 1149):   4: sent at 325663000000, (unhandled) MotionEvent { action=ACTION_UP, id[0]=0, x[0]=241.33334, y[0]=50.666664, toolType[0]=TOOL_TYPE_UNKNOWN, buttonState=0, metaState=0, flags=0x0, edgeFlags=0x0, pointerCount=1, historySize=0, eventTime=325663, downTime=325624, deviceId=0, source=0x1002 }
D/InputEventConsistencyVerifier( 1149):   5: sent at 325625000000, (unhandled) MotionEvent { action=ACTION_DOWN, id[0]=0, x[0]=240.0, y[0]=51.333336, toolType[0]=TOOL_TYPE_UNKNOWN, buttonState=0, metaState=0, flags=0x0, edgeFlags=0x0, pointerCount=1, historySize=0, eventTime=325625, downTime=325624, deviceId=0, source=0x1002 }
D/InputEventConsistencyVerifier( 1149): KeyEvent: ACTION_UP but key was not down.
D/InputEventConsistencyVerifier( 1149):   in android.widget.LinearLayout@b3edbc48
D/InputEventConsistencyVerifier( 1149):   0: sent at 325971000000, KeyEvent { action=ACTION_UP, keyCode=KEYCODE_DPAD_DOWN, scanCode=0, metaState=0, flags=0x400, repeatCount=0, eventTime=325971, downTime=325971, deviceId=-1, source=0x101 }
D/InputEventConsistencyVerifier( 1149):   -- recent events --
D/InputEventConsistencyVerifier( 1149):   1: sent at 324051000000, (unhandled) KeyEvent { action=ACTION_DOWN, keyCode=KEYCODE_DPAD_UP, scanCode=0, metaState=0, flags=0x400, repeatCount=0, eventTime=324051, downTime=324051, deviceId=-1, source=0x101 }
D/InputEventConsistencyVerifier( 1149):   2: sent at 323631000000, (unhandled) MotionEvent { action=ACTION_MOVE, id[0]=0, x[0]=-4.0, y[0]=-4.0, toolType[0]=TOOL_TYPE_UNKNOWN, buttonState=0, metaState=0, flags=0x0, edgeFlags=0x0, pointerCount=1, historySize=9, eventTime=323631, downTime=-1, deviceId=0, source=0x10004 }
D/InputEventConsistencyVerifier( 1149):   3: sent at 323275000000, (unhandled) KeyEvent { action=ACTION_UP, keyCode=KEYCODE_DPAD_LEFT, scanCode=0, metaState=0, flags=0x8, repeatCount=0, eventTime=323275, downTime=323275, deviceId=-1, source=0x101 }
D/InputEventConsistencyVerifier( 1149):   4: sent at 322361000000, (unhandled) KeyEvent { action=ACTION_DOWN, keyCode=KEYCODE_DPAD_LEFT, scanCode=0, metaState=0, flags=0x8, repeatCount=0, eventTime=322361, downTime=322361, deviceId=-1, source=0x101 }
D/InputEventConsistencyVerifier( 1149):   5: sent at 323236000000, (unhandled) KeyEvent { action=ACTION_UP, keyCode=KEYCODE_DPAD_DOWN, scanCode=0, metaState=0, flags=0x400, repeatCount=0, eventTime=323236, downTime=323236, deviceId=-1, source=0x101 }
E/WVMExtractor(   61): Failed to open libwvm.so
I/Choreographer( 1149): Skipped 55 frames!  The application may be doing too much work on its main thread.
D/InputEventConsistencyVerifier( 1149): KeyEvent: ACTION_UP but key was not down.
D/InputEventConsistencyVerifier( 1149):   in com.android.internal.policy.impl.PhoneWindow$DecorView@b40351e0
D/InputEventConsistencyVerifier( 1149):   0: sent at 327010000000, KeyEvent { action=ACTION_UP, keyCode=KEYCODE_DPAD_DOWN, scanCode=0, metaState=0, flags=0x8, repeatCount=0, eventTime=327010, downTime=327010, deviceId=-1, source=0x101 }
D/InputEventConsistencyVerifier( 1149):   -- recent events --
D/InputEventConsistencyVerifier( 1149):   1: sent at 326866000000, MotionEvent { action=ACTION_UP, id[0]=0, x[0]=62.666668, y[0]=130.66667, toolType[0]=TOOL_TYPE_UNKNOWN, buttonState=0, metaState=0, flags=0x0, edgeFlags=0x0, pointerCount=1, historySize=0, eventTime=326866, downTime=326754, deviceId=0, source=0x1002 }
D/InputEventConsistencyVerifier( 1149):   2: sent at 326862000000, MotionEvent { action=ACTION_POINTER_UP(1), id[0]=0, x[0]=64.0, y[0]=133.33334, toolType[0]=TOOL_TYPE_UNKNOWN, id[1]=1, x[1]=212.0, y[1]=463.33334, toolType[1]=TOOL_TYPE_UNKNOWN, buttonState=0, metaState=0, flags=0x0, edgeFlags=0x0, pointerCount=2, historySize=0, eventTime=326862, downTime=326754, deviceId=0, source=0x1002 }
D/InputEventConsistencyVerifier( 1149):   3: sent at 326848000000, MotionEvent { action=ACTION_MOVE, id[0]=0, x[0]=66.0, y[0]=134.66667, toolType[0]=TOOL_TYPE_UNKNOWN, id[1]=1, x[1]=211.33334, y[1]=469.33334, toolType[1]=TOOL_TYPE_UNKNOWN, buttonState=0, metaState=0, flags=0x0, edgeFlags=0x0, pointerCount=2, historySize=3, eventTime=326848, downTime=326754, deviceId=0, source=0x1002 }
D/InputEventConsistencyVerifier( 1149):   4: sent at 326822000000, MotionEvent { action=ACTION_POINTER_DOWN(1), id[0]=0, x[0]=77.333336, y[0]=143.33334, toolType[0]=TOOL_TYPE_UNKNOWN, id[1]=1, x[1]=208.0, y[1]=500.66666, toolType[1]=TOOL_TYPE_UNKNOWN, buttonState=0, metaState=0, flags=0x0, edgeFlags=0x0, pointerCount=2, historySize=0, eventTime=326822, downTime=326754, deviceId=0, source=0x1002 }
D/InputEventConsistencyVerifier( 1149):   5: sent at 326758000000, MotionEvent { action=ACTION_DOWN, id[0]=0, x[0]=78.66667, y[0]=144.66667, toolType[0]=TOOL_TYPE_UNKNOWN, buttonState=0, metaState=0, flags=0x0, edgeFlags=0x0, pointerCount=1, historySize=0, eventTime=326758, downTime=326754, deviceId=0, source=0x1002 }
I/Choreographer( 1149): Skipped 31 frames!  The application may be doing too much work on its main thread.
I/Choreographer( 1149): Skipped 59 frames!  The application may be doing too much work on its main thread.
E/WVMExtractor(   61): Failed to open libwvm.so
I/Choreographer( 1149): Skipped 61 frames!  The application may be doing too much work on its main thread.
E/WVMExtractor(   61): Failed to open libwvm.so
D/InputEventConsistencyVerifier( 1149): KeyEvent: ACTION_UP but key was not down.
D/InputEventConsistencyVerifier( 1149):   in com.android.internal.policy.impl.PhoneWindow$DecorView@b40351e0
D/InputEventConsistencyVerifier( 1149):   0: sent at 328010000000, KeyEvent { action=ACTION_UP, keyCode=KEYCODE_DPAD_UP, scanCode=0, metaState=0, flags=0x8, repeatCount=0, eventTime=328010, downTime=328010, deviceId=-1, source=0x101 }
D/InputEventConsistencyVerifier( 1149):   -- recent events --
D/InputEventConsistencyVerifier( 1149):   1: sent at 327843000000, (unhandled) MotionEvent { action=ACTION_UP, id[0]=0, x[0]=201.33334, y[0]=-19.333334, toolType[0]=TOOL_TYPE_UNKNOWN, buttonState=0, metaState=0, flags=0x0, edgeFlags=0x0, pointerCount=1, historySize=0, eventTime=327843, downTime=327804, deviceId=0, source=0x1002 }
D/InputEventConsistencyVerifier( 1149):   2: sent at 327839000000, (unhandled) MotionEvent { action=ACTION_MOVE, id[0]=0, x[0]=205.33334, y[0]=-19.333334, toolType[0]=TOOL_TYPE_UNKNOWN, buttonState=0, metaState=0, flags=0x0, edgeFlags=0x0, pointerCount=1, historySize=4, eventTime=327839, downTime=327804, deviceId=0, source=0x1002 }
D/InputEventConsistencyVerifier( 1149):   3: sent at 327806000000, (unhandled) MotionEvent { action=ACTION_DOWN, id[0]=0, x[0]=249.33334, y[0]=-6.0, toolType[0]=TOOL_TYPE_UNKNOWN, buttonState=0, metaState=0, flags=0x0, edgeFlags=0x0, pointerCount=1, historySize=0, eventTime=327806, downTime=327804, deviceId=0, source=0x1002 }
D/InputEventConsistencyVerifier( 1149):   4: sent at 327791000000, (unhandled) MotionEvent { action=ACTION_UP, id[0]=0, x[0]=281.33334, y[0]=400.0, toolType[0]=TOOL_TYPE_UNKNOWN, buttonState=0, metaState=0, flags=0x0, edgeFlags=0x0, pointerCount=1, historySize=0, eventTime=327791, downTime=327641, deviceId=0, source=0x1002 }
D/InputEventConsistencyVerifier( 1149):   5: sent at 327757000000, (unhandled) MotionEvent { action=ACTION_MOVE, id[0]=0, x[0]=271.33334, y[0]=410.0, toolType[0]=TOOL_TYPE_UNKNOWN, buttonState=0, metaState=0, flags=0x0, edgeFlags=0x0, pointerCount=1, historySize=0, eventTime=327757, downTime=327641, deviceId=0, source=0x1002 }
D/InputEventConsistencyVerifier( 1149): KeyEvent: ACTION_UP but key was not down.
D/InputEventConsistencyVerifier( 1149):   in com.android.internal.policy.impl.PhoneWindow$DecorView@b40351e0
D/InputEventConsistencyVerifier( 1149):   0: sent at 328714000000, KeyEvent { action=ACTION_UP, keyCode=KEYCODE_DPAD_CENTER, scanCode=0, metaState=0, flags=0x8, repeatCount=0, eventTime=328714, downTime=328714, deviceId=-1, source=0x101 }
D/InputEventConsistencyVerifier( 1149):   -- recent events --
D/InputEventConsistencyVerifier( 1149):   1: sent at 328540000000, MotionEvent { action=ACTION_UP, id[0]=0, x[0]=122.0, y[0]=332.66666, toolType[0]=TOOL_TYPE_UNKNOWN, buttonState=0, metaState=0, flags=0x0, edgeFlags=0x0, pointerCount=1, historySize=0, eventTime=328540, downTime=328316, deviceId=0, source=0x1002 }
D/InputEventConsistencyVerifier( 1149):   2: sent at 328536000000, MotionEvent { action=ACTION_MOVE, id[0]=0, x[0]=118.0, y[0]=329.33334, toolType[0]=TOOL_TYPE_UNKNOWN, buttonState=0, metaState=0, flags=0x0, edgeFlags=0x0, pointerCount=1, historySize=7, eventTime=328536, downTime=328316, deviceId=0, source=0x1002 }
D/InputEventConsistencyVerifier( 1149):   3: sent at 328404175230, MotionEvent { action=ACTION_MOVE, id[0]=0, x[0]=89.98274, y[0]=305.0425, toolType[0]=TOOL_TYPE_UNKNOWN, buttonState=0, metaState=0, flags=0x0, edgeFlags=0x0, pointerCount=1, historySize=1, eventTime=328404, downTime=328316, deviceId=0, source=0x1002 }
D/InputEventConsistencyVerifier( 1149):   4: sent at 328320000000, MotionEvent { action=ACTION_DOWN, id[0]=0, x[0]=84.0, y[0]=296.66666, toolType[0]=TOOL_TYPE_UNKNOWN, buttonState=0, metaState=0, flags=0x0, edgeFlags=0x0, pointerCount=1, historySize=0, eventTime=328320, downTime=328316, deviceId=0, source=0x1002 }
D/InputEventConsistencyVerifier( 1149):   5: sent at 328229000000, (unhandled) KeyEvent { action=ACTION_UP, keyCode=KEYCODE_DPAD_RIGHT, scanCode=0, metaState=0, flags=0x8, repeatCount=0, eventTime=328229, downTime=328229, deviceId=-1, source=0x101 }
E/WVMExtractor(   61): Failed to open libwvm.so
D/InputEventConsistencyVerifier( 1149): KeyEvent: ACTION_UP but key was not down.
D/InputEventConsistencyVerifier( 1149):   in com.android.internal.policy.impl.PhoneWindow$DecorView@b40351e0
D/InputEventConsistencyVerifier( 1149):   0: sent at 328862000000, KeyEvent { action=ACTION_UP, keyCode=KEYCODE_DPAD_UP, scanCode=0, metaState=0, flags=0x8, repeatCount=0, eventTime=328862, downTime=328862, deviceId=-1, source=0x101 }
D/InputEventConsistencyVerifier( 1149):   -- recent events --
D/InputEventConsistencyVerifier( 1149):   1: sent at 328770000000, MotionEvent { action=ACTION_UP, id[0]=0, x[0]=216.0, y[0]=228.66667, toolType[0]=TOOL_TYPE_UNKNOWN, buttonState=0, metaState=0, flags=0x0, edgeFlags=0x0, pointerCount=1, historySize=0, eventTime=328770, downTime=328761, deviceId=0, source=0x1002 }
D/InputEventConsistencyVerifier( 1149):   2: sent at 328762000000, MotionEvent { action=ACTION_DOWN, id[0]=0, x[0]=219.33334, y[0]=234.00002, toolType[0]=TOOL_TYPE_UNKNOWN, buttonState=0, metaState=0, flags=0x0, edgeFlags=0x0, pointerCount=1, historySize=0, eventTime=328762, downTime=328761, deviceId=0, source=0x1002 }
D/InputEventConsistencyVerifier( 1149):   3: sent at 328714000000, (unhandled) KeyEvent { action=ACTION_UP, keyCode=KEYCODE_DPAD_CENTER, scanCode=0, metaState=0, flags=0x80000008, repeatCount=0, eventTime=328714, downTime=328714, deviceId=-1, source=0x101 }
D/InputEventConsistencyVerifier( 1149):   4: sent at 328540000000, MotionEvent { action=ACTION_UP, id[0]=0, x[0]=122.0, y[0]=332.66666, toolType[0]=TOOL_TYPE_UNKNOWN, buttonState=0, metaState=0, flags=0x0, edgeFlags=0x0, pointerCount=1, historySize=0, eventTime=328540, downTime=328316, deviceId=0, source=0x1002 }
D/InputEventConsistencyVerifier( 1149):   5: sent at 328536000000, MotionEvent { action=ACTION_MOVE, id[0]=0, x[0]=118.0, y[0]=329.33334, toolType[0]=TOOL_TYPE_UNKNOWN, buttonState=0, metaState=0, flags=0x0, edgeFlags=0x0, pointerCount=1, historySize=7, eventTime=328536, downTime=328316, deviceId=0, source=0x1002 }
I/Choreographer( 1149): Skipped 116 frames!  The application may be doing too much work on its main thread.
I/Choreographer( 1149): Skipped 51 frames!  The application may be doing too much work on its main thread.
D/InputEventConsistencyVerifier( 1149): KeyEvent: ACTION_UP but key was not down.
D/InputEventConsistencyVerifier( 1149):   in com.android.internal.policy.impl.PhoneWindow$DecorView@b40351e0
D/InputEventConsistencyVerifier( 1149):   0: sent at 329273000000, KeyEvent { action=ACTION_UP, keyCode=KEYCODE_DPAD_UP, scanCode=0, metaState=0, flags=0x400, repeatCount=0, eventTime=329273, downTime=329273, deviceId=-1, source=0x101 }
D/InputEventConsistencyVerifier( 1149):   -- recent events --
D/InputEventConsistencyVerifier( 1149):   1: sent at 329014000000, (unhandled) MotionEvent { action=ACTION_MOVE, id[0]=0, x[0]=0.0, y[0]=-3.0, toolType[0]=TOOL_TYPE_UNKNOWN, buttonState=0, metaState=0, flags=0x0, edgeFlags=0x0, pointerCount=1, historySize=8, eventTime=329014, downTime=-1, deviceId=0, source=0x10004 }
D/InputEventConsistencyVerifier( 1149):   2: sent at 329039000000, MotionEvent { action=ACTION_UP, id[0]=0, x[0]=279.33334, y[0]=131.33334, toolType[0]=TOOL_TYPE_UNKNOWN, buttonState=0, metaState=0, flags=0x0, edgeFlags=0x0, pointerCount=1, historySize=0, eventTime=329039, downTime=329022, deviceId=0, source=0x1002 }
D/InputEventConsistencyVerifier( 1149):   3: sent at 329036000000, MotionEvent { action=ACTION_MOVE, id[0]=0, x[0]=284.0, y[0]=138.66667, toolType[0]=TOOL_TYPE_UNKNOWN, buttonState=0, metaState=0, flags=0x0, edgeFlags=0x0, pointerCount=1, historySize=1, eventTime=329036, downTime=329022, deviceId=0, source=0x1002 }
D/InputEventConsistencyVerifier( 1149):   4: sent at 329023000000, MotionEvent { action=ACTION_DOWN, id[0]=0, x[0]=290.6667, y[0]=148.66667, toolType[0]=TOOL_TYPE_UNKNOWN, buttonState=0, metaState=0, flags=0x0, edgeFlags=0x0, pointerCount=1, historySize=0, eventTime=329023, downTime=329022, deviceId=0, source=0x1002 }
D/InputEventConsistencyVerifier( 1149):   5: sent at 328954000000, (unhandled) KeyEvent { action=ACTION_UP, keyCode=KEYCODE_DPAD_UP, scanCode=0, metaState=0, flags=0x400, repeatCount=0, eventTime=328954, downTime=328954, deviceId=-1, source=0x101 }
I/ActivityManager(  258): START {act=android.intent.action.MAIN cat=[android.intent.category.HOME] flg=0x10200000 cmp=com.android.launcher/com.android.launcher2.Launcher u=0} from pid 258
D/InputEventConsistencyVerifier( 1149): KeyEvent: ACTION_UP but key was not down.
D/InputEventConsistencyVerifier( 1149):   in com.android.internal.policy.impl.PhoneWindow$DecorView@b40351e0
D/InputEventConsistencyVerifier( 1149):   0: sent at 329652000000, KeyEvent { action=ACTION_UP, keyCode=KEYCODE_DPAD_LEFT, scanCode=0, metaState=0, flags=0x8, repeatCount=0, eventTime=329652, downTime=329652, deviceId=-1, source=0x101 }
D/InputEventConsistencyVerifier( 1149):   -- recent events --
D/InputEventConsistencyVerifier( 1149):   1: sent at 329446000000, MotionEvent { action=ACTION_UP, id[0]=0, x[0]=146.0, y[0]=406.0, toolType[0]=TOOL_TYPE_UNKNOWN, buttonState=0, metaState=0, flags=0x0, edgeFlags=0x0, pointerCount=1, historySize=0, eventTime=329446, downTime=329349, deviceId=0, source=0x1002 }
D/InputEventConsistencyVerifier( 1149):   2: sent at 329442000000, MotionEvent { action=ACTION_MOVE, id[0]=0, x[0]=150.0, y[0]=410.0, toolType[0]=TOOL_TYPE_UNKNOWN, buttonState=0, metaState=0, flags=0x0, edgeFlags=0x0, pointerCount=1, historySize=6, eventTime=329442, downTime=329349, deviceId=0, source=0x1002 }
D/InputEventConsistencyVerifier( 1149):   3: sent at 329363000000, MotionEvent { action=ACTION_DOWN, id[0]=0, x[0]=161.33334, y[0]=426.0, toolType[0]=TOOL_TYPE_UNKNOWN, buttonState=0, metaState=0, flags=0x0, edgeFlags=0x0, pointerCount=1, historySize=0, eventTime=329363, downTime=329349, deviceId=0, source=0x1002 }
D/InputEventConsistencyVerifier( 1149):   4: sent at 329313000000, (unhandled) KeyEvent { action=ACTION_UP, keyCode=KEYCODE_3D_MODE, scanCode=0, metaState=0, flags=0x8, repeatCount=0, eventTime=329313, downTime=329313, deviceId=-1, source=0x101 }
D/InputEventConsistencyVerifier( 1149):   5: sent at 329072000000, (unhandled) KeyEvent { action=ACTION_DOWN, keyCode=KEYCODE_3D_MODE, scanCode=0, metaState=0, flags=0x8, repeatCount=0, eventTime=329072, downTime=329072, deviceId=-1, source=0x101 }
E/WVMExtractor(   61): Failed to open libwvm.so
I/Choreographer( 1149): Skipped 82 frames!  The application may be doing too much work on its main thread.
I/ActivityManager(  258): START {act=android.intent.action.MAIN cat=[android.intent.category.LAUNCHER] flg=0x10200000 cmp=com.ninepvi.shield/.MainActivity u=0} from pid 1126
I/Choreographer( 1149): Skipped 30 frames!  The application may be doing too much work on its main thread.
D/InputEventConsistencyVerifier( 1149): KeyEvent: ACTION_UP but key was not down.
D/InputEventConsistencyVerifier( 1149):   in android.widget.LinearLayout@b3edbc48
D/InputEventConsistencyVerifier( 1149):   0: sent at 329972000000, KeyEvent { action=ACTION_UP, keyCode=KEYCODE_DPAD_DOWN, scanCode=0, metaState=0, flags=0x8, repeatCount=0, eventTime=329972, downTime=329972, deviceId=-1, source=0x101 }
D/InputEventConsistencyVerifier( 1149):   -- recent events --
D/InputEventConsistencyVerifier( 1149):   1: sent at 329446000000, MotionEvent { action=ACTION_UP, id[0]=0, x[0]=143.0, y[0]=-8.0, toolType[0]=TOOL_TYPE_UNKNOWN, buttonState=0, metaState=0, flags=0x0, edgeFlags=0x0, pointerCount=1, historySize=0, eventTime=329446, downTime=329349, deviceId=0, source=0x1002 }
D/InputEventConsistencyVerifier( 1149):   2: sent at 329442000000, MotionEvent { action=ACTION_MOVE, id[0]=0, x[0]=147.0, y[0]=-4.0, toolType[0]=TOOL_TYPE_UNKNOWN, buttonState=0, metaState=0, flags=0x0, edgeFlags=0x0, pointerCount=1, historySize=6, eventTime=329442, downTime=329349, deviceId=0, source=0x1002 }
D/InputEventConsistencyVerifier( 1149):   3: sent at 329363000000, MotionEvent { action=ACTION_DOWN, id[0]=0, x[0]=158.33334, y[0]=12.0, toolType[0]=TOOL_TYPE_UNKNOWN, buttonState=0, metaState=0, flags=0x0, edgeFlags=0x0, pointerCount=1, historySize=0, eventTime=329363, downTime=329349, deviceId=0, source=0x1002 }
D/InputEventConsistencyVerifier( 1149):   4: sent at 327643000000, (unhandled) MotionEvent { action=ACTION_DOWN, id[0]=0, x[0]=233.66667, y[0]=27.333344, toolType[0]=TOOL_TYPE_UNKNOWN, buttonState=0, metaState=0, flags=0x0, edgeFlags=0x0, pointerCount=1, historySize=0, eventTime=327643, downTime=327641, deviceId=0, source=0x1002 }
D/InputEventConsistencyVerifier( 1149):   5: sent at 326627000000, (unhandled) MotionEvent { action=ACTION_DOWN, id[0]=0, x[0]=146.33334, y[0]=6.6666565, toolType[0]=TOOL_TYPE_UNKNOWN, buttonState=0, metaState=0, flags=0x0, edgeFlags=0x0, pointerCount=1, historySize=0, eventTime=326627, downTime=326621, deviceId=0, source=0x1002 }
I/InputDispatcher(  258): Dropped event because of pending overdue app switch.
W/InputManager(  258): Input event injection from pid 1126 failed.
W/InputManager(  258): Input event injection from pid 1126 failed.
I/Choreographer( 1149): Skipped 86 frames!  The application may be doing too much work on its main thread.
D/InputEventConsistencyVerifier( 1149): KeyEvent: ACTION_UP but key was not down.
D/InputEventConsistencyVerifier( 1149):   in android.widget.FrameLayout@b3edae50
D/InputEventConsistencyVerifier( 1149):   0: sent at 330372000000, KeyEvent { action=ACTION_UP, keyCode=KEYCODE_DPAD_UP, scanCode=0, metaState=0, flags=0x8, repeatCount=0, eventTime=330372, downTime=330372, deviceId=-1, source=0x101 }
D/InputEventConsistencyVerifier( 1149):   -- recent events --
D/InputEventConsistencyVerifier( 1149):   1: sent at 329851000000, (unhandled) KeyEvent { action=ACTION_DOWN, keyCode=KEYCODE_DPAD_DOWN, scanCode=0, metaState=0, flags=0x8, repeatCount=0, eventTime=329851, downTime=329851, deviceId=-1, source=0x101 }
D/InputEventConsistencyVerifier( 1149):   2: sent at 329932000000, (unhandled) KeyEvent { action=ACTION_UP, keyCode=KEYCODE_DPAD_UP, scanCode=0, metaState=0, flags=0x400, repeatCount=0, eventTime=329932, downTime=329932, deviceId=-1, source=0x101 }
D/InputEventConsistencyVerifier( 1149):   3: sent at 329932000000, (unhandled) KeyEvent { action=ACTION_DOWN, keyCode=KEYCODE_DPAD_UP, scanCode=0, metaState=0, flags=0x400, repeatCount=0, eventTime=329932, downTime=329932, deviceId=-1, source=0x101 }
D/InputEventConsistencyVerifier( 1149):   4: sent at 329788000000, (unhandled) MotionEvent { action=ACTION_MOVE, id[0]=0, x[0]=-1.0, y[0]=-1.0, toolType[0]=TOOL_TYPE_UNKNOWN, buttonState=0, metaState=0, flags=0x0, edgeFlags=0x0, pointerCount=1, historySize=7, eventTime=329788, downTime=-1, deviceId=0, source=0x10004 }
D/InputEventConsistencyVerifier( 1149):   5: sent at 329738000000, (unhandled) KeyEvent { action=ACTION_UP, keyCode=KEYCODE_DPAD_UP, scanCode=0, metaState=0, flags=0x400, repeatCount=0, eventTime=329738, downTime=329738, deviceId=-1, source=0x101 }
I/Choreographer( 1149): Skipped 68 frames!  The application may be doing too much work on its main thread.
E/WVMExtractor(   61): Failed to open libwvm.so
I/Choreographer( 1149): Skipped 121 frames!  The application may be doing too much work on its main thread.
W/InputMethodManagerService(  258): Window already focused, ignoring focus gain of: com.android.internal.view.IInputMethodClient$Stub$Proxy@b41dde90 attribute=android.view.inputmethod.EditorInfo@b3f58368
E/WVMExtractor(   61): Failed to open libwvm.so
I/Choreographer( 1149): Skipped 34 frames!  The application may be doing too much work on its main thread.
D/InputEventConsistencyVerifier( 1149): KeyEvent: ACTION_UP but key was not down.
D/InputEventConsistencyVerifier( 1149):   in com.android.internal.policy.impl.PhoneWindow$DecorView@b3e52e70
D/InputEventConsistencyVerifier( 1149):   0: sent at 331537000000, KeyEvent { action=ACTION_UP, keyCode=KEYCODE_DPAD_LEFT, scanCode=0, metaState=0, flags=0x400, repeatCount=0, eventTime=331537, downTime=331537, deviceId=-1, source=0x101 }
D/InputEventConsistencyVerifier( 1149):   -- recent events --
D/InputEventConsistencyVerifier( 1149):   1: sent at 331267000000, (unhandled) MotionEvent { action=ACTION_MOVE, id[0]=0, x[0]=-3.0, y[0]=-2.0, toolType[0]=TOOL_TYPE_UNKNOWN, buttonState=0, metaState=0, flags=0x0, edgeFlags=0x0, pointerCount=1, historySize=1, eventTime=331267, downTime=-1, deviceId=0, source=0x10004 }
D/InputEventConsistencyVerifier( 1149):   2: sent at 320209000000, MotionEvent { action=ACTION_UP, id[0]=0, x[0]=221.33334, y[0]=450.0, toolType[0]=TOOL_TYPE_UNKNOWN, buttonState=0, metaState=0, flags=0x0, edgeFlags=0x0, pointerCount=1, historySize=0, eventTime=320209, downTime=319937, deviceId=0, source=0x1002 }
D/InputEventConsistencyVerifier( 1149):   3: sent at 320179000000, MotionEvent { action=ACTION_POINTER_UP(1), id[0]=0, x[0]=221.33334, y[0]=445.33334, toolType[0]=TOOL_TYPE_UNKNOWN, id[1]=1, x[1]=93.333336, y[1]=254.0, toolType[1]=TOOL_TYPE_UNKNOWN, buttonState=0, metaState=0, flags=0x0, edgeFlags=0x0, pointerCount=2, historySize=0, eventTime=320179, downTime=319937, deviceId=0, source=0x1002 }
D/InputEventConsistencyVerifier( 1149):   4: sent at 320175000000, MotionEvent { action=ACTION_MOVE, id[0]=0, x[0]=221.33334, y[0]=439.33334, toolType[0]=TOOL_TYPE_UNKNOWN, id[1]=1, x[1]=94.0, y[1]=251.33334, toolType[1]=TOOL_TYPE_UNKNOWN, buttonState=0, metaState=0, flags=0x0, edgeFlags=0x0, pointerCount=2, historySize=2, eventTime=320175, downTime=319937, deviceId=0, source=0x1002 }
D/InputEventConsistencyVerifier( 1149):   5: sent at 320162000000, MotionEvent { action=ACTION_POINTER_DOWN(1), id[0]=0, x[0]=221.33334, y[0]=415.33334, toolType[0]=TOOL_TYPE_UNKNOWN, id[1]=1, x[1]=107.333336, y[1]=237.33334, toolType[1]=TOOL_TYPE_UNKNOWN, buttonState=0, metaState=0, flags=0x0, edgeFlags=0x0, pointerCount=2, historySize=0, eventTime=320162, downTime=319937, deviceId=0, source=0x1002 }
E/WVMExtractor(   61): Failed to open libwvm.so
E/WVMExtractor(   61): Failed to open libwvm.so
I/Choreographer( 1149): Skipped 35 frames!  The application may be doing too much work on its main thread.
E/WVMExtractor(   61): Failed to open libwvm.so
E/WVMExtractor(   61): Failed to open libwvm.so
E/WVMExtractor(   61): Failed to open libwvm.so
I/Choreographer( 1149): Skipped 48 frames!  The application may be doing too much work on its main thread.
I/Choreographer( 1149): Skipped 30 frames!  The application may be doing too much work on its main thread.
I/Choreographer( 1149): Skipped 45 frames!  The application may be doing too much work on its main thread.
E/WVMExtractor(   61): Failed to open libwvm.so
D/InputEventConsistencyVerifier( 1149): KeyEvent: ACTION_UP but key was not down.
D/InputEventConsistencyVerifier( 1149):   in com.android.internal.policy.impl.PhoneWindow$DecorView@b3f49758
D/InputEventConsistencyVerifier( 1149):   0: sent at 336052000000, KeyEvent { action=ACTION_UP, keyCode=KEYCODE_DPAD_RIGHT, scanCode=0, metaState=0, flags=0x400, repeatCount=0, eventTime=336052, downTime=336052, deviceId=-1, source=0x101 }
D/InputEventConsistencyVerifier( 1149):   -- recent events --
D/InputEventConsistencyVerifier( 1149):   1: sent at 335657000000, (unhandled) MotionEvent { action=ACTION_MOVE, id[0]=0, x[0]=2.0, y[0]=0.0, toolType[0]=TOOL_TYPE_UNKNOWN, buttonState=0, metaState=0, flags=0x0, edgeFlags=0x0, pointerCount=1, historySize=9, eventTime=335657, downTime=-1, deviceId=0, source=0x10004 }
D/InputEventConsistencyVerifier( 1149):   2: sent at 335747000000, (unhandled) MotionEvent { action=ACTION_UP, id[0]=0, x[0]=148.66667, y[0]=-234.0, toolType[0]=TOOL_TYPE_UNKNOWN, buttonState=0, metaState=0, flags=0x0, edgeFlags=0x0, pointerCount=1, historySize=0, eventTime=335747, downTime=335666, deviceId=0, source=0x1002 }
D/InputEventConsistencyVerifier( 1149):   3: sent at 335733000000, (unhandled) MotionEvent { action=ACTION_MOVE, id[0]=0, x[0]=144.0, y[0]=-232.0, toolType[0]=TOOL_TYPE_UNKNOWN, buttonState=0, metaState=0, flags=0x0, edgeFlags=0x0, pointerCount=1, historySize=4, eventTime=335733, downTime=335666, deviceId=0, source=0x1002 }
D/InputEventConsistencyVerifier( 1149):   4: sent at 335668000000, MotionEvent { action=ACTION_DOWN, id[0]=0, x[0]=126.0, y[0]=-215.33334, toolType[0]=TOOL_TYPE_UNKNOWN, buttonState=0, metaState=0, flags=0x0, edgeFlags=0x0, pointerCount=1, historySize=0, eventTime=335668, downTime=335666, deviceId=0, source=0x1002 }
D/InputEventConsistencyVerifier( 1149):   5: sent at 335529000000, (unhandled) KeyEvent { action=ACTION_UP, keyCode=KEYCODE_DPAD_UP, scanCode=0, metaState=0, flags=0x8, repeatCount=0, eventTime=335529, downTime=335529, deviceId=-1, source=0x101 }
W/InputMethodManagerService(  258): Window already focused, ignoring focus gain of: com.android.internal.view.IInputMethodClient$Stub$Proxy@b40d83b0 attribute=null
I/Choreographer( 1149): Skipped 47 frames!  The application may be doing too much work on its main thread.
E/WVMExtractor(   61): Failed to open libwvm.so
I/Choreographer( 1149): Skipped 40 frames!  The application may be doing too much work on its main thread.
D/InputEventConsistencyVerifier( 1149): KeyEvent: ACTION_UP but key was not down.
D/InputEventConsistencyVerifier( 1149):   in com.android.internal.policy.impl.PhoneWindow$DecorView@b3f49758
D/InputEventConsistencyVerifier( 1149):   0: sent at 337716000000, KeyEvent { action=ACTION_UP, keyCode=KEYCODE_DPAD_DOWN, scanCode=0, metaState=0, flags=0x400, repeatCount=0, eventTime=337716, downTime=337716, deviceId=-1, source=0x101 }
D/InputEventConsistencyVerifier( 1149):   -- recent events --
D/InputEventConsistencyVerifier( 1149):   1: sent at 337525000000, (unhandled) MotionEvent { action=ACTION_MOVE, id[0]=0, x[0]=0.0, y[0]=4.0, toolType[0]=TOOL_TYPE_UNKNOWN, buttonState=0, metaState=0, flags=0x0, edgeFlags=0x0, pointerCount=1, historySize=9, eventTime=337525, downTime=-1, deviceId=0, source=0x10004 }
D/InputEventConsistencyVerifier( 1149):   2: sent at 337362000000, (unhandled) KeyEvent { action=ACTION_UP, keyCode=KEYCODE_NOTIFICATION, scanCode=0, metaState=0, flags=0x8, repeatCount=0, eventTime=337362, downTime=337362, deviceId=-1, source=0x101 }
D/InputEventConsistencyVerifier( 1149):   3: sent at 337233000000, (unhandled) KeyEvent { action=ACTION_DOWN, keyCode=KEYCODE_NOTIFICATION, scanCode=0, metaState=0, flags=0x8, repeatCount=0, eventTime=337233, downTime=337233, deviceId=-1, source=0x101 }
D/InputEventConsistencyVerifier( 1149):   4: sent at 336163000000, (unhandled) KeyEvent { action=ACTION_DOWN, keyCode=KEYCODE_DPAD_RIGHT, scanCode=0, metaState=0, flags=0x8, repeatCount=0, eventTime=336163, downTime=336163, deviceId=-1, source=0x101 }
D/InputEventConsistencyVerifier( 1149):   5: sent at 336145000000, (unhandled) KeyEvent { action=ACTION_UP, keyCode=KEYCODE_DPAD_UP, scanCode=0, metaState=0, flags=0x8, repeatCount=0, eventTime=336145, downTime=336145, deviceId=-1, source=0x101 }
I/Choreographer( 1149): Skipped 170 frames!  The application may be doing too much work on its main thread.
E/WVMExtractor(   61): Failed to open libwvm.so
D/InputEventConsistencyVerifier( 1149): KeyEvent: ACTION_UP but key was not down.
D/InputEventConsistencyVerifier( 1149):   in com.android.internal.policy.impl.PhoneWindow$DecorView@b3f773e0
D/InputEventConsistencyVerifier( 1149):   0: sent at 338700000000, KeyEvent { action=ACTION_UP, keyCode=KEYCODE_DPAD_RIGHT, scanCode=0, metaState=0, flags=0x400, repeatCount=0, eventTime=338700, downTime=338700, deviceId=-1, source=0x101 }
D/InputEventConsistencyVerifier( 1149):   -- recent events --
D/InputEventConsistencyVerifier( 1149):   1: sent at 338187000000, (unhandled) MotionEvent { action=ACTION_MOVE, id[0]=0, x[0]=4.0, y[0]=-3.0, toolType[0]=TOOL_TYPE_UNKNOWN, buttonState=0, metaState=0, flags=0x0, edgeFlags=0x0, pointerCount=1, historySize=9, eventTime=338187, downTime=-1, deviceId=0, source=0x10004 }
D/InputEventConsistencyVerifier( 1149): KeyEvent: ACTION_UP but key was not down.
D/InputEventConsistencyVerifier( 1149):   in com.android.internal.policy.impl.PhoneWindow$DecorView@b3f49758
D/InputEventConsistencyVerifier( 1149):   0: sent at 338850000000, KeyEvent { action=ACTION_UP, keyCode=KEYCODE_DPAD_LEFT, scanCode=0, metaState=0, flags=0x400, repeatCount=0, eventTime=338850, downTime=338850, deviceId=-1, source=0x101 }
